fs/ext4/ext4_common.c:50:10:ext4fs_div_roundup	16	static
fs/ext4/ext4_common.c:59:6:put_ext4	40	dynamic
fs/ext4/ext4_common.c:189:5:ext4fs_set_block_bmap	0	static
fs/ext4/ext4_common.c:225:6:ext4fs_reset_block_bmap	4	static
fs/ext4/ext4_common.c:255:5:ext4fs_set_inode_bmap	0	static
fs/ext4/ext4_common.c:280:6:ext4fs_reset_inode_bmap	0	static
fs/ext4/ext4_common.c:301:5:ext4fs_checksum_update	24	static
fs/ext4/ext4_common.c:855:10:ext4fs_get_new_blk_no	48	static
fs/ext4/ext4_common.c:981:5:ext4fs_get_new_inode_no	48	static
fs/ext4/ext4_common.c:1386:6:ext4fs_allocate_blocks	64	static
fs/ext4/ext4_common.c:1479:5:ext4fs_read_inode	80	static
fs/ext4/ext4_common.c:633:5:ext4fs_iget	8	static
fs/ext4/ext4_common.c:1510:10:read_allocated_block	40	static
fs/ext4/ext4_common.c:352:6:ext4fs_update_parent_dentry	64	static
fs/ext4/ext4_common.c:511:12:search_dir	40	static
fs/ext4/ext4_common.c:649:5:ext4fs_get_parent_inode_num	184	static
fs/ext4/ext4_common.c:835:5:ext4fs_filename_check	40	static
fs/ext4/ext4_common.c:1866:6:ext4fs_reinit_global	8	static
fs/ext4/ext4_common.c:1887:6:ext4fs_close	16	static
fs/ext4/ext4_common.c:1901:5:ext4fs_iterate_dir	80	dynamic
fs/ext4/ext4_common.c:2068:12:ext4fs_find_file1	80	dynamic
fs/ext4/ext4_common.c:2168:5:ext4fs_find_file	16	static
fs/ext4/ext4_common.c:2192:5:ext4fs_open	32	static
fs/ext4/ext4_common.c:2222:5:ext4fs_mount	16	static
