lib/string.c:30:5:strncasecmp	8	static
lib/string.c:60:5:strcasecmp	0	static
lib/string.c:73:8:strcpy	0	static
lib/string.c:94:8:strncpy	0	static
lib/string.c:136:8:strcat	0	static
lib/string.c:159:8:strncat	4	static
lib/string.c:184:5:strcmp	0	static
lib/string.c:204:5:strncmp	4	static
lib/string.c:224:8:strchr	0	static
lib/string.c:255:8:strlen	0	static
lib/string.c:239:8:strrchr	16	static
lib/string.c:271:8:strnlen	0	static
lib/string.c:282:8:strdup	16	static
lib/string.c:303:8:strspn	4	static
lib/string.c:329:8:strpbrk	4	static
lib/string.c:351:8:strtok	16	static
lib/string.c:384:8:strsep	16	static
lib/string.c:408:7:strswab	0	static
lib/string.c:437:8:memset	8	static
lib/string.c:477:8:bcopy	0	static
lib/string.c:498:8:memcpy	12	static
lib/string.c:117:8:strlcpy	24	static
lib/string.c:532:8:memmove	0	static
lib/string.c:563:5:memcmp	0	static
lib/string.c:585:8:memscan	0	static
lib/string.c:605:8:strstr	24	static
lib/string.c:633:7:memchr	0	static
lib/string.c:665:7:memchr_inv	16	static
