drivers/net/phy/phy.c:450:5:genphy_shutdown	0	static
drivers/net/phy/phy.c:153:5:genphy_restart_aneg	24	static
drivers/net/phy/phy.c:181:5:genphy_config_aneg	32	static
drivers/net/phy/phy.c:391:5:genphy_config	16	static
drivers/net/phy/phy.c:221:5:genphy_update_link	32	static
drivers/net/phy/phy.c:300:5:genphy_parse_link	24	static
drivers/net/phy/phy.c:442:5:genphy_startup	8	static
drivers/net/phy/phy.c:469:5:phy_init	8	static
drivers/net/phy/phy.c:520:5:phy_register	0	static
drivers/net/phy/phy.c:542:5:phy_set_supported	0	static
drivers/net/phy/phy.c:651:12:get_phy_id	24	static
drivers/net/phy/phy.c:705:27:get_phy_device_by_mask	48	static
drivers/net/phy/phy.c:750:5:phy_reset	24	static
drivers/net/phy/phy.c:801:5:miiphy_reset	8	static
drivers/net/phy/phy.c:816:20:phy_find_by_mask	16	static
drivers/net/phy/phy.c:833:6:phy_connect_dev	24	static
drivers/net/phy/phy.c:851:20:phy_connect	24	static
drivers/net/phy/phy.c:868:5:phy_startup	0	static
drivers/net/phy/phy.c:876:12:board_phy_config	0	static
drivers/net/phy/phy.c:883:5:phy_config	8	static
drivers/net/phy/phy.c:891:5:phy_shutdown	8	static
drivers/net/phy/phy.c:899:5:phy_get_interface_by_name	16	static
