drivers/net/phy/phy.c:440:5:genphy_shutdown	0	static
drivers/net/phy/phy.c:153:5:genphy_restart_aneg	24	static
drivers/net/phy/phy.c:181:5:genphy_config_aneg	32	static
drivers/net/phy/phy.c:381:5:genphy_config	16	static
drivers/net/phy/phy.c:221:5:genphy_update_link	16	static
drivers/net/phy/phy.c:290:5:genphy_parse_link	24	static
drivers/net/phy/phy.c:432:5:genphy_startup	8	static
drivers/net/phy/phy.c:459:5:phy_init	8	static
drivers/net/phy/phy.c:510:5:phy_register	0	static
drivers/net/phy/phy.c:532:5:phy_set_supported	0	static
drivers/net/phy/phy.c:641:12:get_phy_id	24	static
drivers/net/phy/phy.c:695:27:get_phy_device_by_mask	48	static
drivers/net/phy/phy.c:740:5:phy_reset	24	static
drivers/net/phy/phy.c:791:5:miiphy_reset	8	static
drivers/net/phy/phy.c:806:20:phy_find_by_mask	16	static
drivers/net/phy/phy.c:823:6:phy_connect_dev	24	static
drivers/net/phy/phy.c:841:20:phy_connect	24	static
drivers/net/phy/phy.c:858:5:phy_startup	0	static
drivers/net/phy/phy.c:866:12:board_phy_config	0	static
drivers/net/phy/phy.c:873:5:phy_config	8	static
drivers/net/phy/phy.c:881:5:phy_shutdown	8	static
drivers/net/phy/phy.c:889:5:phy_get_interface_by_name	16	static
