Archive member included to satisfy reference by file (symbol)

/usr/lib/gcc-cross/arm-linux-gnueabihf/15/libgcc.a(_udivsi3.o)
                              arch/arm/cpu/armv7/built-in.o (__aeabi_uidiv)
/usr/lib/gcc-cross/arm-linux-gnueabihf/15/libgcc.a(_divsi3.o)
                              cmd/built-in.o (__aeabi_idiv)
/usr/lib/gcc-cross/arm-linux-gnueabihf/15/libgcc.a(_dvmd_lnx.o)
                              /usr/lib/gcc-cross/arm-linux-gnueabihf/15/libgcc.a(_udivsi3.o) (__aeabi_idiv0)

Merging object attributes


Discarded input sections

 .data          0x00000000        0x0 arch/arm/cpu/armv7/start.o
 .bss           0x00000000        0x0 arch/arm/cpu/armv7/start.o
 .data          0x00000000        0x0 arch/arm/cpu/armv7/built-in.o
 .bss           0x00000000        0x0 arch/arm/cpu/armv7/built-in.o
 .text.v7_arch_cp15_set_l2aux_ctrl
                0x00000000        0x8 arch/arm/cpu/armv7/built-in.o
 .text.v7_arch_cp15_set_acr
                0x00000000        0x8 arch/arm/cpu/armv7/built-in.o
 .text.sdelay   0x00000000        0xc arch/arm/cpu/armv7/built-in.o
 .text.wait_on_value
                0x00000000       0x34 arch/arm/cpu/armv7/built-in.o
 .text.get_nr_cpus
                0x00000000       0x10 arch/arm/cpu/armv7/built-in.o
 .text.board_mmc_get_env_dev
                0x00000000        0x8 arch/arm/cpu/armv7/built-in.o
 .text.get_boot_device
                0x00000000       0x64 arch/arm/cpu/armv7/built-in.o
 .rodata.get_boot_device
                0x00000000       0x10 arch/arm/cpu/armv7/built-in.o
 .text.enable_uart_clk
                0x00000000       0x58 arch/arm/cpu/armv7/built-in.o
 .text.enable_usdhc_clk
                0x00000000       0x48 arch/arm/cpu/armv7/built-in.o
 .text.enable_spi_clk
                0x00000000       0x44 arch/arm/cpu/armv7/built-in.o
 .text.enable_lvds_bridge
                0x00000000      0x1d8 arch/arm/cpu/armv7/built-in.o
 .text.enable_ipu_clock
                0x00000000       0x90 arch/arm/cpu/armv7/built-in.o
 .text          0x00000000        0x0 arch/arm/imx-common/built-in.o
 .data          0x00000000        0x0 arch/arm/imx-common/built-in.o
 .bss           0x00000000        0x0 arch/arm/imx-common/built-in.o
 .text.imx_iomux_set_gpr_register
                0x00000000       0x44 arch/arm/imx-common/built-in.o
 .text.get_imx_reset_cause
                0x00000000       0x10 arch/arm/imx-common/built-in.o
 .rodata.set_chipselect_size.str1.1
                0x00000000       0x1e arch/arm/imx-common/built-in.o
 .text.set_chipselect_size
                0x00000000       0x74 arch/arm/imx-common/built-in.o
 .rodata.set_chipselect_size
                0x00000000        0x4 arch/arm/imx-common/built-in.o
 .text.usec2ticks
                0x00000000       0x60 arch/arm/imx-common/built-in.o
 .data          0x00000000        0x0 arch/arm/lib/built-in.o
 .bss           0x00000000        0x0 arch/arm/lib/built-in.o
 .__secure_end  0x00000000        0x0 arch/arm/lib/built-in.o
 .__secure_start
                0x00000000        0x0 arch/arm/lib/built-in.o
 .text.reset_misc
                0x00000000        0x4 arch/arm/lib/built-in.o
 .rodata.enable_caches.str1.1
                0x00000000       0x1d arch/arm/lib/built-in.o
 .text.enable_caches
                0x00000000        0xc arch/arm/lib/built-in.o
 .text.invalidate_dcache_range
                0x00000000        0x4 arch/arm/lib/built-in.o
 .text.flush_dcache_range
                0x00000000        0x4 arch/arm/lib/built-in.o
 .text.flush_dcache_all
                0x00000000        0xc arch/arm/lib/built-in.o
 .text.arm_init_before_mmu
                0x00000000        0x4 arch/arm/lib/built-in.o
 .text.mmu_page_table_flush
                0x00000000        0x4 arch/arm/lib/built-in.o
 .text          0x00000000        0x0 board/freescale/common/built-in.o
 .data          0x00000000        0x0 board/freescale/common/built-in.o
 .bss           0x00000000        0x0 board/freescale/common/built-in.o
 .text.mmc_map_to_kernel_blk
                0x00000000        0x4 board/freescale/common/built-in.o
 .text          0x00000000        0x0 board/freescale/mx6ull_alientek_emmc/built-in.o
 .data          0x00000000        0x0 board/freescale/mx6ull_alientek_emmc/built-in.o
 .bss           0x00000000        0x0 board/freescale/mx6ull_alientek_emmc/built-in.o
 .text          0x00000000        0x0 cmd/built-in.o
 .data          0x00000000        0x0 cmd/built-in.o
 .bss           0x00000000        0x0 cmd/built-in.o
 .rodata.bootz_setup.str1.1
                0x00000000       0x34 cmd/built-in.o
 .text.bootz_setup
                0x00000000       0x18 cmd/built-in.o
 .text.gunzip_bmp
                0x00000000        0x8 cmd/built-in.o
 .rodata.invalidate_icache_all.str1.1
                0x00000000       0x33 cmd/built-in.o
 .text.invalidate_icache_all
                0x00000000        0xc cmd/built-in.o
 .rodata.flush_dcache_all.str1.1
                0x00000000       0x2e cmd/built-in.o
 .text.flush_dcache_all
[...]
Memory Configuration

Name             Origin             Length             Attributes
*default*        0x00000000         0xffffffff

Linker script and memory map

Address of section .text set to 0x87800000
                0x00000000                        . = 0x0
                0x00000000                        . = ALIGN (0x4)

.text           0x87800000    0x3cff8
 *(.__image_copy_start)
 .__image_copy_start
                0x87800000        0x0 arch/arm/lib/built-in.o
                0x87800000                __image_copy_start
 *(.vectors)
 .vectors       0x87800000      0x2e8 arch/arm/lib/built-in.o
                0x87800000                _start
                0x87800020                _undefined_instruction
                0x87800024                _software_interrupt
                0x87800028                _prefetch_abort
                0x8780002c                _data_abort
                0x87800030                _not_used
                0x87800034                _irq
                0x87800038                _fiq
                0x87800040                IRQ_STACK_START_IN
 arch/arm/cpu/armv7/start.o(.text*)
 .text          0x878002e8       0xb0 arch/arm/cpu/armv7/start.o
                0x878002e8                reset
                0x878002ec                save_boot_params_ret
                0x87800328                c_runtime_cpu_setup
                0x87800338                save_boot_params
                0x8780033c                cpu_init_cp15
                0x87800390                cpu_init_crit
 *(.text*)
 .text          0x87800398       0x24 arch/arm/cpu/armv7/built-in.o
                0x87800398                lowlevel_init
 .text.v7_maint_dcache_all
                0x878003bc       0xb4 arch/arm/cpu/armv7/built-in.o
 .text.invalidate_icache_all
                0x87800470       0x18 arch/arm/cpu/armv7/built-in.o
                0x87800470                invalidate_icache_all
 .text.v7_outer_cache_enable
                0x87800488        0x4 arch/arm/cpu/armv7/built-in.o
                0x87800488                v7_outer_cache_enable
 .text.v7_outer_cache_disable
                0x8780048c        0x4 arch/arm/cpu/armv7/built-in.o
                0x8780048c                v7_outer_cache_disable
 .text.v7_outer_cache_flush_all
                0x87800490        0x4 arch/arm/cpu/armv7/built-in.o
                0x87800490                v7_outer_cache_flush_all
 .text.flush_dcache_all
                0x87800494       0x14 arch/arm/cpu/armv7/built-in.o
                0x87800494                flush_dcache_all
 .text.v7_outer_cache_inval_all
                0x878004a8        0x4 arch/arm/cpu/armv7/built-in.o
                0x878004a8                v7_outer_cache_inval_all
 .text.invalidate_dcache_all
                0x878004ac       0x14 arch/arm/cpu/armv7/built-in.o
                0x878004ac                invalidate_dcache_all
 .text.arm_init_before_mmu
                0x878004c0       0x28 arch/arm/cpu/armv7/built-in.o
                0x878004c0                arm_init_before_mmu
 .text.v7_outer_cache_flush_range
                0x878004e8        0x4 arch/arm/cpu/armv7/built-in.o
                0x878004e8                v7_outer_cache_flush_range
 .text.flush_dcache_range
                0x878004ec       0x38 arch/arm/cpu/armv7/built-in.o
                0x878004ec                flush_dcache_range
 .text.mmu_page_table_flush
                0x87800524       0x24 arch/arm/cpu/armv7/built-in.o
                0x87800524                mmu_page_table_flush
 .text.v7_outer_cache_inval_range
                0x87800548        0x4 arch/arm/cpu/armv7/built-in.o
                0x87800548                v7_outer_cache_inval_range
 .text.invalidate_dcache_range
                0x8780054c       0xa8 arch/arm/cpu/armv7/built-in.o
                0x8780054c                invalidate_dcache_range
 .text.cpu_cache_initialization
                0x878005f4        0x4 arch/arm/cpu/armv7/built-in.o
                0x878005f4                cpu_cache_initialization
 .text.cleanup_before_linux_select
                0x878005f8       0x4c arch/arm/cpu/armv7/built-in.o
                0x878005f8                cleanup_before_linux_select
 .text.cleanup_before_linux
                0x87800644        0x8 arch/arm/cpu/armv7/built-in.o
                0x87800644                cleanup_before_linux
 .text.get_cpu_rev
                0x8780064c       0x94 arch/arm/cpu/armv7/built-in.o
                0x8780064c                get_cpu_rev
 .text.get_cpu_speed_grade_hz
                0x878006e0      0x128 arch/arm/cpu/armv7/built-in.o
                0x878006e0                get_cpu_speed_grade_hz
 .text.get_cpu_temp_grade
                0x87800808       0x68 arch/arm/cpu/armv7/built-in.o
                0x87800808                get_cpu_temp_grade
 .text.get_board_rev
                0x87800870       0x4c arch/arm/cpu/armv7/built-in.o
                0x87800870                get_board_rev
 .text.arch_cpu_init
                0x878008bc      0x360 arch/arm/cpu/armv7/built-in.o
                0x878008bc                arch_cpu_init
 .text.mmc_get_env_dev
                0x87800c1c       0x28 arch/arm/cpu/armv7/built-in.o
                0x87800c1c                mmc_get_env_dev
 .text.board_mmc_get_env_part
                0x87800c44        0x8 arch/arm/cpu/armv7/built-in.o
                0x87800c44                board_mmc_get_env_part
 .text.mmc_get_env_part
                0x87800c4c       0x28 arch/arm/cpu/armv7/built-in.o
                0x87800c4c                mmc_get_env_part
 .text.board_postclk_init
                0x87800c74       0x74 arch/arm/cpu/armv7/built-in.o
                0x87800c74                board_postclk_init
 .text.imx_get_mac_from_fuse
                0x87800ce8       0xb0 arch/arm/cpu/armv7/built-in.o
                0x87800ce8                imx_get_mac_from_fuse
 .text.set_wdog_reset
                0x87800d98       0x14 arch/arm/cpu/armv7/built-in.o
                0x87800d98                set_wdog_reset
 .text.reset_misc
                0x87800dac        0x4 arch/arm/cpu/armv7/built-in.o
                0x87800dac                reset_misc
 .text.s_init   0x87800db0       0xb8 arch/arm/cpu/armv7/built-in.o
                0x87800db0                s_init
 .text.get_ipg_clk
                0x87800e68       0x28 arch/arm/cpu/armv7/built-in.o
 .text.get_ipg_per_clk
                0x87800e90       0xac arch/arm/cpu/armv7/built-in.o
 .text.enable_pll_video.constprop.0
                0x87800f3c       0xec arch/arm/cpu/armv7/built-in.o
 .text.disable_lcdif_clock.isra.0
                0x87801028      0x1f4 arch/arm/cpu/armv7/built-in.o
 .text.get_uart_clk
                0x8780121c       0xc8 arch/arm/cpu/armv7/built-in.o
 .text.mxc_get_pll_pfd
                0x878012e4       0xa8 arch/arm/cpu/armv7/built-in.o
 .text.get_usdhc_clk
                0x8780138c       0xb4 arch/arm/cpu/armv7/built-in.o
 .text.enable_ocotp_clk
                0x87801440       0x24 arch/arm/cpu/armv7/built-in.o
                0x87801440                enable_ocotp_clk
 .text.enable_usboh3_clk
                0x87801464       0x24 arch/arm/cpu/armv7/built-in.o
                0x87801464                enable_usboh3_clk
 .text.enable_enet_clk
                0x87801488       0x64 arch/arm/cpu/armv7/built-in.o
                0x87801488                enable_enet_clk
 .text.enable_i2c_clk
                0x878014ec       0xd8 arch/arm/cpu/armv7/built-in.o
                0x878014ec                enable_i2c_clk
 .text.get_periph_clk
                0x878015c4       0xcc arch/arm/cpu/armv7/built-in.o
                0x878015c4                get_periph_clk
 .text.get_axi_clk
                0x87801690       0x4c arch/arm/cpu/armv7/built-in.o
 .text.get_emi_slow_clk
                0x878016dc       0x78 arch/arm/cpu/armv7/built-in.o
 .text.get_mmdc_ch0_clk
                0x87801754      0x208 arch/arm/cpu/armv7/built-in.o
 .text.do_mx6_showclocks
                0x8780195c      0x1fc arch/arm/cpu/armv7/built-in.o
                0x8780195c                do_mx6_showclocks
 .text.enable_lcdif_clock
                0x87801b58      0x258 arch/arm/cpu/armv7/built-in.o
                0x87801b58                enable_lcdif_clock
 .text.mxs_set_lcdclk
                0x87801db0      0x360 arch/arm/cpu/armv7/built-in.o
                0x87801db0                mxs_set_lcdclk
 .text.enable_qspi_clk
                0x87802110       0x94 arch/arm/cpu/armv7/built-in.o
                0x87802110                enable_qspi_clk
 .text.enable_fec_anatop_clock
                0x878021a4       0xe4 arch/arm/cpu/armv7/built-in.o
                0x878021a4                enable_fec_anatop_clock
 .text.imx_get_uartclk
                0x87802288        0x4 arch/arm/cpu/armv7/built-in.o
                0x87802288                imx_get_uartclk
 .text.imx_get_fecclk
                0x8780228c        0x4 arch/arm/cpu/armv7/built-in.o
                0x8780228c                imx_get_fecclk
 .text.enable_thermal_clk
                0x87802290       0x44 arch/arm/cpu/armv7/built-in.o
                0x87802290                enable_thermal_clk
 .text.mxc_get_clock
                0x878022d4      0x198 arch/arm/cpu/armv7/built-in.o
                0x878022d4                mxc_get_clock
 .text.imx_iomux_v3_setup_pad
                0x8780246c      0x128 arch/arm/imx-common/built-in.o
                0x8780246c                imx_iomux_v3_setup_pad
 .text.imx_iomux_v3_setup_multiple_pads
                0x87802594       0x28 arch/arm/imx-common/built-in.o
                0x87802594                imx_iomux_v3_setup_multiple_pads
 .text.imx_ddr_size
                0x878025bc       0x64 arch/arm/imx-common/built-in.o
                0x878025bc                imx_ddr_size
 .text.get_imx_type
                0x87802620       0x20 arch/arm/imx-common/built-in.o
                0x87802620                get_imx_type
 .text.print_cpuinfo
                0x87802640      0x228 arch/arm/imx-common/built-in.o
                0x87802640                print_cpuinfo
 .text.cpu_eth_init
                0x87802868        0x4 arch/arm/imx-common/built-in.o
                0x87802868                cpu_eth_init
 .text.cpu_mmc_init
                0x8780286c        0x4 arch/arm/imx-common/built-in.o
                0x8780286c                cpu_mmc_init
 .text.get_ahb_clk
                0x87802870       0x24 arch/arm/imx-common/built-in.o
                0x87802870                get_ahb_clk
 .text.arch_preboot_os
                0x87802894        0x4 arch/arm/imx-common/built-in.o
                0x87802894                arch_preboot_os
 .text.get_clocks
                0x87802898       0x1c arch/arm/imx-common/built-in.o
                0x87802898                get_clocks
 .text.force_idle_bus
                0x878028b4      0x1c4 arch/arm/imx-common/built-in.o
                0x878028b4                force_idle_bus
 .text.setup_i2c
                0x87802a78       0xe0 arch/arm/imx-common/built-in.o
                0x87802a78                setup_i2c
 .text.mxs_wait_mask_set
                0x87802b58       0x3c arch/arm/imx-common/built-in.o
                0x87802b58                mxs_wait_mask_set
 .text.mxs_wait_mask_clr
                0x87802b94       0x3c arch/arm/imx-common/built-in.o
                0x87802b94                mxs_wait_mask_clr
 .text.mxs_reset_block
                0x87802bd0       0x88 arch/arm/imx-common/built-in.o
                0x87802bd0                mxs_reset_block
 .text.enable_caches
                0x87802c58       0x34 arch/arm/imx-common/built-in.o
                0x87802c58                enable_caches
 .text.init_aips
                0x87802c8c       0xb8 arch/arm/imx-common/built-in.o
                0x87802c8c                init_aips
 .text.imx_set_wdog_powerdown
                0x87802d44       0x98 arch/arm/imx-common/built-in.o
                0x87802d44                imx_set_wdog_powerdown
 .text.init_src
                0x87802ddc       0x18 arch/arm/imx-common/built-in.o
                0x87802ddc                init_src
 .text.boot_mode_apply
                0x87802df4       0x24 arch/arm/imx-common/built-in.o
                0x87802df4                boot_mode_apply
 .text.board_video_skip
                0x87802e18      0x19c arch/arm/imx-common/built-in.o
                0x87802e18                board_video_skip
 .text.timer_init
                0x87802fb4       0x3c arch/arm/imx-common/built-in.o
                0x87802fb4                timer_init
 .text.get_ticks
                0x87802ff0       0x18 arch/arm/imx-common/built-in.o
                0x87802ff0                get_ticks
 .text.get_timer_masked
                0x87803008       0x48 arch/arm/imx-common/built-in.o
                0x87803008                get_timer_masked
 .text.get_timer
                0x87803050       0x14 arch/arm/imx-common/built-in.o
                0x87803050                get_timer
 .text.__udelay
                0x87803064       0x78 arch/arm/imx-common/built-in.o
                0x87803064                __udelay
 .text.get_tbclk
                0x878030dc        0x8 arch/arm/imx-common/built-in.o
                0x878030dc                get_tbclk
 .text.do_boot_mode
                0x878030e4       0xd0 arch/arm/imx-common/built-in.o
 .text.create_usage
                0x878031b4       0x9c arch/arm/imx-common/built-in.o
 .text.add_board_boot_modes
                0x87803250       0x60 arch/arm/imx-common/built-in.o
                0x87803250                add_board_boot_modes
 .text          0x878032b0       0x90 arch/arm/lib/built-in.o
                0x878032b0                _main
 .text.relocate_vectors
                0x87803340       0x70 arch/arm/lib/built-in.o
                0x87803340                relocate_vectors
                0x8780334c                relocate_code
 .text.arch_fixup_fdt
                0x878033b0       0x34 arch/arm/lib/built-in.o
                0x878033b0                arch_fixup_fdt
 .text.boot_jump_linux
                0x878033e4       0xc4 arch/arm/lib/built-in.o
 .text.arch_lmb_reserve
                0x878034a8       0x24 arch/arm/lib/built-in.o
                0x878034a8                arch_lmb_reserve
 .text.setup_board_tags
                0x878034cc        0x4 arch/arm/lib/built-in.o
                0x878034cc                setup_board_tags
 .text.boot_prep_linux
                0x878034d0      0x1b8 arch/arm/lib/built-in.o
 .text.do_bootm_linux
                0x87803688       0x54 arch/arm/lib/built-in.o
                0x87803688                do_bootm_linux
 .text.bootz_setup
                0x878036dc       0x58 arch/arm/lib/built-in.o
                0x878036dc                bootz_setup
 .text.boot_prep_vxworks
                0x87803734       0x50 arch/arm/lib/built-in.o
                0x87803734                boot_prep_vxworks
 .text.boot_jump_vxworks
                0x87803784        0xc arch/arm/lib/built-in.o
                0x87803784                boot_jump_vxworks
 .text.arch_reserve_stacks
                0x87803790       0x1c arch/arm/lib/built-in.o
                0x87803790                arch_reserve_stacks
 .text.interrupt_init
                0x878037ac       0x1c arch/arm/lib/built-in.o
                0x878037ac                interrupt_init
 .text.enable_interrupts
                0x878037c8        0x4 arch/arm/lib/built-in.o
                0x878037c8                enable_interrupts
 .text.disable_interrupts
                0x878037cc        0x8 arch/arm/lib/built-in.o
                0x878037cc                disable_interrupts
 .text.bad_mode
                0x878037d4       0x10 arch/arm/lib/built-in.o
                0x878037d4                bad_mode
 .text.show_regs
                0x878037e4      0x174 arch/arm/lib/built-in.o
                0x878037e4                show_regs
 .text.do_undefined_instruction
                0x87803958       0x20 arch/arm/lib/built-in.o
                0x87803958                do_undefined_instruction
 .text.do_software_interrupt
                0x87803978       0x20 arch/arm/lib/built-in.o
                0x87803978                do_software_interrupt
 .text.do_prefetch_abort
                0x87803998       0x20 arch/arm/lib/built-in.o
                0x87803998                do_prefetch_abort
 .text.do_data_abort
                0x878039b8       0x20 arch/arm/lib/built-in.o
                0x878039b8                do_data_abort
 .text.do_not_used
                0x878039d8       0x20 arch/arm/lib/built-in.o
                0x878039d8                do_not_used
 .text.do_fiq   0x878039f8       0x20 arch/arm/lib/built-in.o
                0x878039f8                do_fiq
 .text.do_irq   0x87803a18       0x20 arch/arm/lib/built-in.o
                0x87803a18                do_irq
 .text.do_reset
                0x87803a38       0x30 arch/arm/lib/built-in.o
                0x87803a38                do_reset
 .text.flush_cache
                0x87803a68        0x8 arch/arm/lib/built-in.o
                0x87803a68                flush_cache
 .text.cp_delay
                0x87803a70       0x30 arch/arm/lib/built-in.o
 .text.cache_disable
                0x87803aa0       0x48 arch/arm/lib/built-in.o
 .text.arm_init_domains
                0x87803ae8        0x4 arch/arm/lib/built-in.o
                0x87803ae8                arm_init_domains
 .text.set_section_dcache
                0x87803aec       0x14 arch/arm/lib/built-in.o
                0x87803aec                set_section_dcache
 .text.mmu_set_region_dcache_behaviour
                0x87803b00       0x48 arch/arm/lib/built-in.o
                0x87803b00                mmu_set_region_dcache_behaviour
 .text.dram_bank_mmu_setup
                0x87803b48       0x38 arch/arm/lib/built-in.o
                0x87803b48                dram_bank_mmu_setup
 .text.icache_enable
                0x87803b80       0x18 arch/arm/lib/built-in.o
                0x87803b80                icache_enable
 .text.icache_disable
                0x87803b98        0x8 arch/arm/lib/built-in.o
                0x87803b98                icache_disable
 .text.icache_status
                0x87803ba0        0xc arch/arm/lib/built-in.o
                0x87803ba0                icache_status
 .text.dcache_enable
                0x87803bac       0x74 arch/arm/lib/built-in.o
                0x87803bac                dcache_enable
 .text.dcache_disable
                0x87803c20        0x8 arch/arm/lib/built-in.o
                0x87803c20                dcache_disable
 .text.dcache_status
                0x87803c28        0xc arch/arm/lib/built-in.o
                0x87803c28                dcache_status
 .text.board_late_mmc_env_init
                0x87803c34       0x9c board/freescale/common/built-in.o
                0x87803c34                board_late_mmc_env_init
 .text.do_enable_parallel_lcd
                0x87803cd0       0x2c board/freescale/mx6ull_alientek_emmc/built-in.o
                0x87803cd0                do_enable_parallel_lcd
 .text.power_init_board
                0x87803cfc        0x8 board/freescale/mx6ull_alientek_emmc/built-in.o
                0x87803cfc                power_init_board
 .text.dram_init
                0x87803d04       0x18 board/freescale/mx6ull_alientek_emmc/built-in.o
                0x87803d04                dram_init
 .text.board_mmc_get_env_dev
                0x87803d1c        0x4 board/freescale/mx6ull_alientek_emmc/built-in.o
                0x87803d1c                board_mmc_get_env_dev
 .text.mmc_map_to_kernel_blk
                0x87803d20        0x4 board/freescale/mx6ull_alientek_emmc/built-in.o
                0x87803d20                mmc_map_to_kernel_blk
 .text.board_mmc_getcd
                0x87803d24       0x7c board/freescale/mx6ull_alientek_emmc/built-in.o
                0x87803d24                board_mmc_getcd
 .text.board_mmc_init
                0x87803da0       0xd8 board/freescale/mx6ull_alientek_emmc/built-in.o
                0x87803da0                board_mmc_init
 .text.board_usb_phy_mode
                0x87803e78       0x14 board/freescale/mx6ull_alientek_emmc/built-in.o
                0x87803e78                board_usb_phy_mode
 .text.board_ehci_hcd_init
                0x87803e8c       0x28 board/freescale/mx6ull_alientek_emmc/built-in.o
                0x87803e8c                board_ehci_hcd_init
 .text.board_eth_init
                0x87803eb4       0x68 board/freescale/mx6ull_alientek_emmc/built-in.o
                0x87803eb4                board_eth_init
 .text.board_phy_config
                0x87803f1c       0x4c board/freescale/mx6ull_alientek_emmc/built-in.o
                0x87803f1c                board_phy_config
 .text.board_early_init_f
                0x87803f68       0x1c board/freescale/mx6ull_alientek_emmc/built-in.o
                0x87803f68                board_early_init_f
 .text.board_init
                0x87803f84       0x94 board/freescale/mx6ull_alientek_emmc/built-in.o
                0x87803f84                board_init
 .text.board_late_init
                0x87804018       0x50 board/freescale/mx6ull_alientek_emmc/built-in.o
                0x87804018                board_late_init
 .text.checkboard
                0x87804068       0x18 board/freescale/mx6ull_alientek_emmc/built-in.o
                0x87804068                checkboard
 .text.do_go_exec
                0x87804080       0x10 cmd/built-in.o
                0x87804080                do_go_exec
 .text.do_go    0x87804090       0x6c cmd/built-in.o
 .text.do_bootm
                0x878040fc      0x108 cmd/built-in.o
                0x878040fc                do_bootm
 .text.do_bootd
                0x87804204       0x20 cmd/built-in.o
                0x87804204                do_bootd
 .text.image_info
                0x87804224       0xbc cmd/built-in.o
 .text.do_iminfo
                0x878042e0       0x58 cmd/built-in.o
 .text.bootm_maybe_autostart
                0x87804338       0x78 cmd/built-in.o
                0x87804338                bootm_maybe_autostart
 .text.do_bootz
                0x878043b0       0xec cmd/built-in.o
                0x878043b0                do_bootz
 .text.do_help  0x8780449c       0x48 cmd/built-in.o
 .text.do_version
                0x878044e4       0x38 cmd/built-in.o
 .text.source   0x8780451c       0xdc cmd/built-in.o
                0x8780451c                source
 .text.do_source
                0x878045f8       0x48 cmd/built-in.o
 .text.print_num
                0x87804640       0x14 cmd/built-in.o
 .text.do_bdinfo
                0x87804654      0x190 cmd/built-in.o
 .text.do_bmp   0x878047e4       0x58 cmd/built-in.o
 .text.do_bmp_info
                0x8780483c      0x10c cmd/built-in.o
 .text.bmp_display
                0x87804948       0x50 cmd/built-in.o
                0x87804948                bmp_display
 .text.do_bmp_display
                0x87804998       0xb8 cmd/built-in.o
 .text.parse_argv
                0x87804a50       0x64 cmd/built-in.o
 .text.do_icache
                0x87804ab4       0x88 cmd/built-in.o
 .text.do_dcache
                0x87804b3c       0x88 cmd/built-in.o
 .text.do_coninfo
                0x87804bc4       0xb0 cmd/built-in.o
 .text.do_echo  0x87804c74       0xb0 cmd/built-in.o
 .text.load_elf_image_shdr
                0x87804d24       0x8c cmd/built-in.o
 .text.valid_elf_image
                0x87804db0       0x68 cmd/built-in.o
                0x87804db0                valid_elf_image
 .text.do_bootelf
                0x87804e18      0x1bc cmd/built-in.o
                0x87804e18                do_bootelf
 .text.do_bootvx
                0x87804fd4      0x32c cmd/built-in.o
                0x87804fd4                do_bootvx
 .text.do_exit  0x87805300       0x48 cmd/built-in.o
 .text.do_ext4_size
                0x87805348       0x18 cmd/built-in.o
                0x87805348                do_ext4_size
 .text.do_ext4_load
                0x87805360       0x18 cmd/built-in.o
                0x87805360                do_ext4_load
 .text.do_ext4_ls
                0x87805378       0x18 cmd/built-in.o
                0x87805378                do_ext4_ls
 .text.do_ext4_write
                0x87805390       0x18 cmd/built-in.o
                0x87805390                do_ext4_write
 .text.do_ext2load
                0x878053a8       0x18 cmd/built-in.o
                0x878053a8                do_ext2load
 .text.do_ext2ls
                0x878053c0       0x18 cmd/built-in.o
 .text.do_fat_size
                0x878053d8       0x18 cmd/built-in.o
                0x878053d8                do_fat_size
 .text.do_fat_fsload
                0x878053f0       0x18 cmd/built-in.o
                0x878053f0                do_fat_fsload
 .text.do_fat_ls
                0x87805408       0x18 cmd/built-in.o
 .text.do_fat_fsinfo
                0x87805420       0x8c cmd/built-in.o
 .text.fdt_valid
                0x878054ac       0xbc cmd/built-in.o
 .text.is_printable_string
                0x87805568       0x8c cmd/built-in.o
 .text.print_data.part.0
                0x878055f4      0x15c cmd/built-in.o
 .text.set_working_fdt_addr
                0x87805750       0x1c cmd/built-in.o
                0x87805750                set_working_fdt_addr
 .text.do_fdt   0x8780576c      0xdac cmd/built-in.o
 .text.do_flinfo
                0x87806518        0x8 cmd/built-in.o
 .text.do_protect
                0x87806520       0x10 cmd/built-in.o
 .text.do_flerase
                0x87806530        0x8 cmd/built-in.o
 .text.do_size_wrapper
                0x87806538       0x18 cmd/built-in.o
 .text.do_load_wrapper
                0x87806550       0x18 cmd/built-in.o
 .text.do_save_wrapper
                0x87806568       0x18 cmd/built-in.o
 .text.do_ls_wrapper
                0x87806580       0x18 cmd/built-in.o
 .text.do_fstype_wrapper
                0x87806598        0x4 cmd/built-in.o
 .text.strtou32
                0x8780659c       0x44 cmd/built-in.o
 .text.do_fuse  0x878065e0      0x374 cmd/built-in.o
 .text.name_to_gpio
                0x87806954        0xc cmd/built-in.o
                0x87806954                name_to_gpio
 .text.do_gpio  0x87806960      0x14c cmd/built-in.o
 .text.do_i2c   0x87806aac       0x68 cmd/built-in.o
 .text.do_i2c_bus_speed
                0x87806b14       0x78 cmd/built-in.o
 .text.do_i2c_show_bus
                0x87806b8c       0xe4 cmd/built-in.o
 .text.do_i2c_reset
                0x87806c70       0x2c cmd/built-in.o
 .text.do_i2c_probe
                0x87806c9c       0x98 cmd/built-in.o
 .text.do_i2c_bus_num
                0x87806d34       0xb8 cmd/built-in.o
 .text.get_alen.constprop.0
                0x87806dec       0x3c cmd/built-in.o
 .text.do_i2c_md
                0x87806e28      0x1f0 cmd/built-in.o
 .text.do_i2c_read
                0x87807018       0xbc cmd/built-in.o
 .text.do_i2c_mw
                0x878070d4       0xf4 cmd/built-in.o
 .text.do_i2c_write
                0x878071c8      0x140 cmd/built-in.o
 .text.do_i2c_crc
                0x87807308      0x118 cmd/built-in.o
 .text.mod_i2c_mem.isra.0
                0x87807420      0x1e4 cmd/built-in.o
 .text.do_i2c_mm
                0x87807604        0x8 cmd/built-in.o
 .text.do_i2c_nm
                0x8780760c        0x8 cmd/built-in.o
 .text.do_i2c_loop
                0x87807614       0xe4 cmd/built-in.o
 .text.i2c_init_board
                0x878076f8        0x4 cmd/built-in.o
                0x878076f8                i2c_init_board
 .text.evalexp  0x878076fc       0x64 cmd/built-in.o
 .text.evalstr  0x87807760       0x64 cmd/built-in.o
 .text.binary_test
                0x878077c4      0x184 cmd/built-in.o
 .text.do_itest
                0x87807948       0x78 cmd/built-in.o
 .text.bin_data_init
                0x878079c0       0x2c cmd/built-in.o
 .text.k_data_save
                0x878079ec       0x4c cmd/built-in.o
 .text.k_data_restore
                0x87807a38       0x4c cmd/built-in.o
 .text.getcxmodem
                0x87807a84       0x20 cmd/built-in.o
 .text.bin_data_char
                0x87807aa4       0x30 cmd/built-in.o
 .text.chk1.constprop.0
                0x87807ad4       0x30 cmd/built-in.o
 .text.s1_sendpacket.constprop.0
                0x87807b04       0x50 cmd/built-in.o
 .text.load_serial
                0x87807b54      0x1c0 cmd/built-in.o
 .text.do_load_serial
                0x87807d14       0xd4 cmd/built-in.o
 .text.load_serial_ymodem.isra.0
                0x87807de8       0xc4 cmd/built-in.o
 .text.do_load_serial_bin
                0x87807eac      0x784 cmd/built-in.o
 .text.do_mem_md
                0x87808630       0xe4 cmd/built-in.o
 .text.do_mem_base
                0x87808714       0x40 cmd/built-in.o
 .text.do_mem_crc
                0x87808754       0x44 cmd/built-in.o
 .text.do_mem_mtest
                0x87808798      0x228 cmd/built-in.o
 .text.do_mem_mw
                0x878089c0       0xbc cmd/built-in.o
 .text.do_mem_loop
                0x87808a7c       0xe8 cmd/built-in.o
 .text.do_mem_cmp
                0x87808b64      0x13c cmd/built-in.o
 .text.mod_mem.part.0
                0x87808ca0      0x15c cmd/built-in.o
 .text.do_mem_mm
                0x87808dfc       0x1c cmd/built-in.o
 .text.do_mem_nm
                0x87808e18       0x1c cmd/built-in.o
 .text.do_mem_cp
                0x87808e34       0xd8 cmd/built-in.o
 .text.extract_range
                0x87808f0c       0xd0 cmd/built-in.o
 .text.do_mii   0x87808fdc      0x890 cmd/built-in.o
 .text.do_mdio  0x8780986c      0x4dc cmd/built-in.o
 .text.do_sleep
                0x87809d48       0x70 cmd/built-in.o
 .text.do_mmcops
                0x87809db8       0xb8 cmd/built-in.o
 .text.do_mmc_setdsr
                0x87809e70       0xa4 cmd/built-in.o
 .text.init_mmc_device
                0x87809f14       0x54 cmd/built-in.o
 .text.do_mmc_rescan
                0x87809f68       0x24 cmd/built-in.o
 .text.do_mmc_rst_func
                0x87809f8c       0x9c cmd/built-in.o
 .text.do_mmc_partconf
                0x8780a028       0xb0 cmd/built-in.o
 .text.do_mmc_bootbus
                0x8780a0d8       0xb0 cmd/built-in.o
 .text.do_mmc_hwpartition
                0x8780a188      0x510 cmd/built-in.o
 .text.do_mmc_list
                0x8780a698       0x14 cmd/built-in.o
 .text.do_mmc_dev
                0x8780a6ac      0x124 cmd/built-in.o
 .text.do_mmc_part
                0x8780a7d0       0x5c cmd/built-in.o
 .text.do_mmcinfo
                0x8780a82c      0x364 cmd/built-in.o
 .text.do_mmc_boot_resize
                0x8780ab90       0xc8 cmd/built-in.o
 .text.do_mmc_erase
                0x8780ac58       0xe4 cmd/built-in.o
 .text.do_mmc_write
                0x8780ad3c       0xfc cmd/built-in.o
 .text.do_mmc_read
                0x8780ae38       0xec cmd/built-in.o
 .text.netboot_common
                0x8780af24      0x2a4 cmd/built-in.o
 .text.do_bootp
                0x8780b1c8        0xc cmd/built-in.o
 .text.do_dhcp  0x8780b1d4        0xc cmd/built-in.o
 .text.do_nfs   0x8780b1e0        0xc cmd/built-in.o
 .text.do_tftpb
                0x8780b1ec       0x40 cmd/built-in.o
                0x8780b1ec                do_tftpb
 .text.do_ping  0x8780b22c       0x78 cmd/built-in.o
 .text.bytes_per_second
                0x8780b2a4       0x50 cmd/built-in.o
 .text.do_spi_flash
                0x8780b2f4      0x810 cmd/built-in.o
 .text.substitute
                0x8780bb04       0xe4 cmd/built-in.o
 .text.get_arg  0x8780bbe8       0x58 cmd/built-in.o
 .text.regex_sub
                0x8780bc40      0x420 cmd/built-in.o
 .text.do_setexpr
                0x8780c060      0x17c cmd/built-in.o
 .text.do_false
                0x8780c1dc        0x8 cmd/built-in.o
 .text.do_true  0x8780c1e4        0x8 cmd/built-in.o
 .text.do_test  0x8780c1ec      0x2f4 cmd/built-in.o
 .text.usb_get_class_desc
                0x8780c4e0       0xac cmd/built-in.o
 .text.usb_find_device
                0x8780c58c       0x3c cmd/built-in.o
 .text.usb_show_tree_graph
                0x8780c5c8      0x228 cmd/built-in.o
 .text.usb_display_class_sub
                0x8780c7f0      0x16c cmd/built-in.o
 .text.usb_display_string
                0x8780c95c       0x40 cmd/built-in.o
 .text.usb_display_config
                0x8780c99c      0x20c cmd/built-in.o
 .text.do_usbboot
                0x8780cba8        0xc cmd/built-in.o
 .text.usb_display_desc.part.0
                0x8780cbb4      0x130 cmd/built-in.o
 .text.do_usb_start
                0x8780cce4       0x38 cmd/built-in.o
 .text.usb_show_tree
                0x8780cd1c       0x54 cmd/built-in.o
                0x8780cd1c                usb_show_tree
 .text.do_usb   0x8780cd70      0x710 cmd/built-in.o
 .text.do_imgextract
                0x8780d480      0x268 cmd/built-in.o
 .text.do_env_delete
                0x8780d6e8       0xa0 cmd/built-in.o
 .text.do_env_save
                0x8780d788       0x2c cmd/built-in.o
 .text.do_env   0x8780d7b4       0x68 cmd/built-in.o
 .text.env_print
                0x8780d81c       0xc4 cmd/built-in.o
 .text.do_env_print
                0x8780d8e0       0xbc cmd/built-in.o
 .text.do_env_import
                0x8780d99c      0x27c cmd/built-in.o
 .text.do_env_default
                0x8780dc18       0x98 cmd/built-in.o
 .text.do_env_exists
                0x8780dcb0       0x64 cmd/built-in.o
 .text._do_env_set.isra.0
                0x8780dd14      0x1b0 cmd/built-in.o
 .text.do_env_set
                0x8780dec4       0x20 cmd/built-in.o
 .text.get_env_id
                0x8780dee4       0x10 cmd/built-in.o
                0x8780dee4                get_env_id
 .text.setenv   0x8780def4       0x60 cmd/built-in.o
                0x8780def4                setenv
 .text.setenv_ulong
                0x8780df54       0x20 cmd/built-in.o
                0x8780df54                setenv_ulong
 .text.setenv_hex
                0x8780df74       0x34 cmd/built-in.o
                0x8780df74                setenv_hex
 .text.do_env_export
                0x8780dfa8      0x248 cmd/built-in.o
 .text.envmatch
                0x8780e1f0       0x64 cmd/built-in.o
                0x8780e1f0                envmatch
 .text.getenv_f
                0x8780e254       0xb8 cmd/built-in.o
                0x8780e254                getenv_f
 .text.getenv   0x8780e30c       0x78 cmd/built-in.o
                0x8780e30c                getenv
 .text.getenv_hex
                0x8780e384       0x38 cmd/built-in.o
                0x8780e384                getenv_hex
 .text.getenv_ulong
                0x8780e3bc       0x30 cmd/built-in.o
                0x8780e3bc                getenv_ulong
 .text.do_env_edit
                0x8780e3ec       0xd0 cmd/built-in.o
 .text.common_diskboot
                0x8780e4bc      0x21c cmd/built-in.o
                0x8780e4bc                common_diskboot
 .text.board_init_f_alloc_reserve
                0x8780e6d8       0x10 common/built-in.o
                0x8780e6d8                board_init_f_alloc_reserve
 .text.board_init_f_init_reserve
                0x8780e6e8       0x1c common/built-in.o
                0x8780e6e8                board_init_f_init_reserve
 .text.show_boot_progress
                0x8780e704        0x4 common/built-in.o
                0x8780e704                show_boot_progress
 .text.main_loop
                0x8780e708       0x20 common/built-in.o
                0x8780e708                main_loop
 .text.dummy    0x8780e728        0x4 common/built-in.o
 .text.get_version
                0x8780e72c        0x8 common/built-in.o
                0x8780e72c                get_version
 .text.jumptable_init
                0x8780e734      0x1e0 common/built-in.o
                0x8780e734                jumptable_init
 .text.hash_command
                0x8780e914       0xb4 common/built-in.o
                0x8780e914                hash_command
 .text.b_reset  0x8780e9c8       0x1c common/built-in.o
 .text.static_get
                0x8780e9e4       0x1c common/built-in.o
 .text.static_peek
                0x8780ea00        0xc common/built-in.o
 .text.mapset   0x8780ea0c       0x20 common/built-in.o
 .text.syntax_err
                0x8780ea2c        0xc common/built-in.o
 .text.xmalloc  0x8780ea38       0x20 common/built-in.o
 .text.new_pipe
                0x8780ea58       0x28 common/built-in.o
 .text.xrealloc
                0x8780ea80       0x20 common/built-in.o
 .text.do_showvar
                0x8780eaa0       0xf4 common/built-in.o
 .text.is_assignment
                0x8780eb94       0x58 common/built-in.o
 .text.b_addchr
                0x8780ebec       0x80 common/built-in.o
 .text.file_get
                0x8780ec6c      0x1e0 common/built-in.o
 .text.done_command.isra.0
                0x8780ee4c       0x84 common/built-in.o
 .text.done_pipe.isra.0
                0x8780eed0       0x44 common/built-in.o
 .text.done_word
                0x8780ef14      0x2d0 common/built-in.o
 .text.free_pipe_list.isra.0
                0x8780f1e4       0xb8 common/built-in.o
 .text.b_addqchr.isra.0
                0x8780f29c       0x50 common/built-in.o
 .text.file_peek
                0x8780f2ec        0xc common/built-in.o
 .text.get_local_var
                0x8780f2f8       0x94 common/built-in.o
                0x8780f2f8                get_local_var
 .text.set_local_var
                0x8780f38c      0x1a4 common/built-in.o
                0x8780f38c                set_local_var
 .text.insert_var_value_sub
                0x8780f530      0x2b0 common/built-in.o
 .text.parse_string_outer
                0x8780f7e0       0xe4 common/built-in.o
                0x8780f7e0                parse_string_outer
 .text.run_list_real
                0x8780f8c4      0x7bc common/built-in.o
 .text.parse_stream_outer
                0x87810080      0x6ac common/built-in.o
 .text.parse_file_outer
                0x8781072c       0x44 common/built-in.o
                0x8781072c                parse_file_outer
 .text.u_boot_hush_start
                0x87810770       0x54 common/built-in.o
                0x87810770                u_boot_hush_start
 .text.bootdelay_process
                0x878107c4       0xd0 common/built-in.o
                0x878107c4                bootdelay_process
 .text.autoboot_command
                0x87810894       0xd0 common/built-in.o
                0x87810894                autoboot_command
 .text.display_text_info
                0x87810964        0x8 common/built-in.o
 .text.setup_mon_len
                0x8781096c       0x20 common/built-in.o
 .text.reserve_round_4k
                0x8781098c       0x14 common/built-in.o
 .text.reserve_mmu
                0x878109a0       0x34 common/built-in.o
 .text.reserve_uboot
                0x878109d4       0x2c common/built-in.o
 .text.reserve_malloc
                0x87810a00       0x18 common/built-in.o
 .text.reserve_global_data
                0x87810a18       0x1c common/built-in.o
 .text.reserve_fdt
                0x87810a34       0x4c common/built-in.o
 .text.arch_cpu_init_dm
                0x87810a80        0x8 common/built-in.o
                0x87810a80                arch_cpu_init_dm
 .text.announce_dram_init
                0x87810a88       0x18 common/built-in.o
 .text.init_func_i2c
                0x87810aa0       0x28 common/built-in.o
 .text.init_baud_rate
                0x87810ac8       0x2c common/built-in.o
 .text.mark_bootstage
                0x87810af4       0x14 common/built-in.o
 .text.initf_dm
                0x87810b08        0x8 common/built-in.o
 .text.setup_reloc
                0x87810b10       0x40 common/built-in.o
 .text.reloc_fdt
                0x87810b50       0x44 common/built-in.o
 .text.reserve_board
                0x87810b94       0x40 common/built-in.o
 .text.reserve_arch
                0x87810bd4        0x8 common/built-in.o
                0x87810bd4                reserve_arch
 .text.reserve_trace
                0x87810bdc        0x8 common/built-in.o
 .text.setup_machine
                0x87810be4        0x8 common/built-in.o
 .text.display_new_sp
                0x87810bec        0x8 common/built-in.o
 .text.initf_console_record
                0x87810bf4        0x8 common/built-in.o
 .text.coloured_LED_init
                0x87810bfc        0x4 common/built-in.o
                0x87810bfc                coloured_LED_init
 .text.red_led_on
                0x87810c00        0x4 common/built-in.o
                0x87810c00                red_led_on
 .text.board_add_ram_info
                0x87810c04        0x4 common/built-in.o
                0x87810c04                board_add_ram_info
 .text.show_dram_config
                0x87810c08       0x34 common/built-in.o
 .text.dram_init_banksize
                0x87810c3c       0x20 common/built-in.o
                0x87810c3c                dram_init_banksize
 .text.setup_dram_config
                0x87810c5c       0x10 common/built-in.o
 .text.board_get_usable_ram_top
                0x87810c6c       0x14 common/built-in.o
                0x87810c6c                board_get_usable_ram_top
 .text.board_reserve_ram_top
                0x87810c80        0x4 common/built-in.o
                0x87810c80                board_reserve_ram_top
 .text.setup_dest_addr
                0x87810c84       0x4c common/built-in.o
 .text.reserve_stacks
                0x87810cd0       0x1c common/built-in.o
 .text.board_init_f
                0x87810cec       0x28 common/built-in.o
                0x87810cec                board_init_f
 .text.bootstage_relocate
                0x87810d14        0x8 common/built-in.o
 .text.initr_trace
                0x87810d1c        0x8 common/built-in.o
 .text.initr_reloc
                0x87810d24       0x18 common/built-in.o
 .text.initr_reloc_global_data
                0x87810d3c       0x28 common/built-in.o
 .text.run_main_loop
                0x87810d64        0xc common/built-in.o
 .text.initr_net
                0x87810d70       0x1c common/built-in.o
 .text.initr_ethaddr
                0x87810d8c       0x20 common/built-in.o
 .text.initr_enable_interrupts
                0x87810dac       0x10 common/built-in.o
 .text.initr_jumptable
                0x87810dbc       0x10 common/built-in.o
 .text.initr_env
                0x87810dcc       0x30 common/built-in.o
 .text.initr_mmc
                0x87810dfc       0x20 common/built-in.o
 .text.initr_serial
                0x87810e1c       0x10 common/built-in.o
 .text.initr_bootstage
                0x87810e2c       0x14 common/built-in.o
 .text.initr_dm
                0x87810e40       0x14 common/built-in.o
 .text.initr_malloc
                0x87810e54       0x24 common/built-in.o
 .text.initr_caches
                0x87810e78       0x10 common/built-in.o
 .text.initr_barrier
                0x87810e88        0x8 common/built-in.o
 .text.initr_console_record
                0x87810e90        0x8 common/built-in.o
 .text.initr_announce
                0x87810e98        0x8 common/built-in.o
 .text.cpu_secondary_init_r
                0x87810ea0        0x4 common/built-in.o
                0x87810ea0                cpu_secondary_init_r
 .text.initr_secondary_cpu
                0x87810ea4       0x10 common/built-in.o
 .text.board_init_r
                0x87810eb4       0x14 common/built-in.o
                0x87810eb4                board_init_r
 .text.show_board_info
                0x87810ec8        0x4 common/built-in.o
                0x87810ec8                show_board_info
 .text.bootm_find_images
                0x87810ecc       0xa8 common/built-in.o
                0x87810ecc                bootm_find_images
 .text.bootm_decomp_image
                0x87810f74      0x14c common/built-in.o
                0x87810f74                bootm_decomp_image
 .text.bootm_disable_interrupts
                0x878110c0       0x18 common/built-in.o
                0x878110c0                bootm_disable_interrupts
 .text.do_bootm_states
                0x878110d8      0x704 common/built-in.o
                0x878110d8                do_bootm_states
 .text.copy_args
                0x878117dc       0x48 common/built-in.o
 .text.do_bootm_plan9
                0x87811824       0xa4 common/built-in.o
 .text.do_bootm_netbsd
                0x878118c8       0xf8 common/built-in.o
 .text.do_bootm_qnxelf
                0x878119c0       0x5c common/built-in.o
 .text.do_bootm_standalone
                0x87811a1c       0x64 common/built-in.o
 .text.do_bootm_rtems
                0x87811a80       0x40 common/built-in.o
 .text.do_bootvx_fdt
                0x87811ac0      0x110 common/built-in.o
                0x87811ac0                do_bootvx_fdt
 .text.do_bootm_vxworks
                0x87811bd0       0x24 common/built-in.o
 .text.boot_selected_os
                0x87811bf4       0x58 common/built-in.o
                0x87811bf4                boot_selected_os
 .text.bootm_os_get_boot_func
                0x87811c4c       0x10 common/built-in.o
                0x87811c4c                bootm_os_get_boot_func
 .text.regex_callback
                0x87811c5c      0x12c common/built-in.o
 .text.env_attr_walk
                0x87811d88      0x110 common/built-in.o
                0x87811d88                env_attr_walk
 .text.env_attr_lookup
                0x87811e98       0x7c common/built-in.o
                0x87811e98                env_attr_lookup
 .text.clear_callback
                0x87811f14       0x10 common/built-in.o
 .text.find_env_callback
                0x87811f24       0x64 common/built-in.o
 .text.on_callbacks
                0x87811f88       0x4c common/built-in.o
 .text.set_callback
                0x87811fd4       0x9c common/built-in.o
 .text.env_callback_init
                0x87812070       0xc0 common/built-in.o
                0x87812070                env_callback_init
 .text.skip_num
                0x87812130       0x68 common/built-in.o
 .text.clear_flags
                0x87812198       0x10 common/built-in.o
 .text.on_flags
                0x878121a8       0x4c common/built-in.o
 .text.env_flags_parse_vartype
                0x878121f4       0x50 common/built-in.o
                0x878121f4                env_flags_parse_vartype
 .text.env_flags_parse_varaccess
                0x87812244       0x50 common/built-in.o
                0x87812244                env_flags_parse_varaccess
 .text.env_parse_flags_to_bin
                0x87812294       0x2c common/built-in.o
 .text.set_flags
                0x878122c0       0x94 common/built-in.o
 .text.eth_validate_ethaddr_str
                0x87812354       0x94 common/built-in.o
                0x87812354                eth_validate_ethaddr_str
 .text.env_flags_init
                0x878123e8       0xac common/built-in.o
                0x878123e8                env_flags_init
 .text.env_flags_validate
                0x87812494      0x298 common/built-in.o
                0x87812494                env_flags_validate
 .text.mmc_get_env_addr
                0x8781272c       0x10 common/built-in.o
                0x8781272c                mmc_get_env_addr
 .text.env_init
                0x8781273c       0x1c common/built-in.o
                0x8781273c                env_init
 .text.init_mmc_for_env
                0x87812758       0x78 common/built-in.o
 .text.saveenv  0x878127d0      0x11c common/built-in.o
                0x878127d0                saveenv
 .text.env_relocate_spec
                0x878128ec       0xe4 common/built-in.o
                0x878128ec                env_relocate_spec
 .text.fdt_find_and_setprop
                0x878129d0       0x70 common/built-in.o
                0x878129d0                fdt_find_and_setprop
 .text.fdt_find_or_add_subnode
                0x87812a40       0x60 common/built-in.o
                0x87812a40                fdt_find_or_add_subnode
 .text.fdt_root
                0x87812aa0       0x90 common/built-in.o
                0x87812aa0                fdt_root
 .text.fdt_initrd
                0x87812b30      0x1c4 common/built-in.o
                0x87812b30                fdt_initrd
 .text.fdt_chosen
                0x87812cf4       0xa8 common/built-in.o
                0x87812cf4                fdt_chosen
 .text.do_fixup_by_path
                0x87812d9c       0x54 common/built-in.o
                0x87812d9c                do_fixup_by_path
 .text.fdt_fixup_memory_banks
                0x87812df0      0x194 common/built-in.o
                0x87812df0                fdt_fixup_memory_banks
 .text.fdt_fixup_memory
                0x87812f84       0x20 common/built-in.o
                0x87812f84                fdt_fixup_memory
 .text.fdt_fixup_ethernet
                0x87812fa4      0x168 common/built-in.o
                0x87812fa4                fdt_fixup_ethernet
 .text.fdt_shrink_to_minimum
                0x8781310c       0xc4 common/built-in.o
                0x8781310c                fdt_shrink_to_minimum
 .text.miiphy_get_dev_by_name
                0x878131d0       0x54 common/built-in.o
                0x878131d0                miiphy_get_dev_by_name
 .text.miiphy_init
                0x87813224       0x24 common/built-in.o
                0x87813224                miiphy_init
 .text.mdio_alloc
                0x87813248       0x30 common/built-in.o
                0x87813248                mdio_alloc
 .text.mdio_register
                0x87813278       0x84 common/built-in.o
                0x87813278                mdio_register
 .text.mdio_unregister
                0x878132fc       0x3c common/built-in.o
                0x878132fc                mdio_unregister
 .text.mdio_list_devices
                0x87813338       0x90 common/built-in.o
                0x87813338                mdio_list_devices
 .text.miiphy_set_current_dev
                0x878133c8       0x40 common/built-in.o
                0x878133c8                miiphy_set_current_dev
 .text.miiphy_get_active_dev
                0x87813408       0x50 common/built-in.o
 .text.mdio_get_current_dev
                0x87813458       0x10 common/built-in.o
                0x87813458                mdio_get_current_dev
 .text.mdio_phydev_for_ethname
                0x87813468       0x84 common/built-in.o
                0x87813468                mdio_phydev_for_ethname
 .text.miiphy_get_current_dev
                0x878134ec       0x18 common/built-in.o
                0x878134ec                miiphy_get_current_dev
 .text.miiphy_read
                0x87813504       0x4c common/built-in.o
                0x87813504                miiphy_read
 .text.miiphy_write
                0x87813550       0x40 common/built-in.o
                0x87813550                miiphy_write
 .text.miiphy_listdev
                0x87813590       0x70 common/built-in.o
                0x87813590                miiphy_listdev
 .text.miiphy_info
                0x87813600       0x88 common/built-in.o
                0x87813600                miiphy_info
 .text.miiphy_speed
                0x87813688       0x98 common/built-in.o
                0x87813688                miiphy_speed
 .text.miiphy_duplex
                0x87813720       0x98 common/built-in.o
                0x87813720                miiphy_duplex
 .text.miiphy_is_1000base_x
                0x878137b8        0x8 common/built-in.o
                0x878137b8                miiphy_is_1000base_x
 .text.usb_set_maxpacket_ep
                0x878137c0       0x74 common/built-in.o
 .text.usb_stop
                0x87813834       0x74 common/built-in.o
                0x87813834                usb_stop
 .text.usb_disable_asynch
                0x878138a8       0x1c common/built-in.o
                0x878138a8                usb_disable_asynch
 .text.usb_control_msg
                0x878138c4       0xb4 common/built-in.o
                0x878138c4                usb_control_msg
 .text.usb_get_descriptor
                0x87813978       0x54 common/built-in.o
 .text.get_descriptor_len
                0x878139cc       0x90 common/built-in.o
 .text.usb_get_string
                0x87813a5c       0x6c common/built-in.o
 .text.usb_string_sub
                0x87813ac8      0x118 common/built-in.o
 .text.usb_bulk_msg
                0x87813be0       0x70 common/built-in.o
                0x87813be0                usb_bulk_msg
 .text.usb_maxpacket
                0x87813c50       0x18 common/built-in.o
                0x87813c50                usb_maxpacket
 .text.usb_clear_halt
                0x87813c68       0x90 common/built-in.o
                0x87813c68                usb_clear_halt
 .text.usb_get_configuration_len
                0x87813cf8       0x74 common/built-in.o
                0x87813cf8                usb_get_configuration_len
 .text.usb_get_configuration_no
                0x87813d6c       0x30 common/built-in.o
                0x87813d6c                usb_get_configuration_no
 .text.usb_set_interface
                0x87813d9c       0xb4 common/built-in.o
                0x87813d9c                usb_set_interface
 .text.usb_string
                0x87813e50      0x104 common/built-in.o
                0x87813e50                usb_string
 .text.usb_get_dev_index
                0x87813f54       0x24 common/built-in.o
                0x87813f54                usb_get_dev_index
 .text.usb_alloc_new_device
                0x87813f78       0x8c common/built-in.o
                0x87813f78                usb_alloc_new_device
 .text.usb_free_device
                0x87814004       0x48 common/built-in.o
                0x87814004                usb_free_device
 .text.usb_alloc_device
                0x8781404c        0x8 common/built-in.o
                0x8781404c                usb_alloc_device
 .text.usb_select_config
                0x87814054      0x464 common/built-in.o
                0x87814054                usb_select_config
 .text.usb_setup_device
                0x878144b8      0x18c common/built-in.o
                0x878144b8                usb_setup_device
 .text.usb_new_device
                0x87814644       0x30 common/built-in.o
                0x87814644                usb_new_device
 .text.usb_init
                0x87814674      0x16c common/built-in.o
                0x87814674                usb_init
 .text.usb_device_has_child_on_port
                0x878147e0       0x14 common/built-in.o
                0x878147e0                usb_device_has_child_on_port
 .text.usb_find_usb2_hub_address_port
                0x878147f4       0x54 common/built-in.o
                0x878147f4                usb_find_usb2_hub_address_port
 .text.usb_set_port_feature
                0x87814848       0x4c common/built-in.o
 .text.usb_get_hub_descriptor
                0x87814894       0x4c common/built-in.o
 .text.usb_hub_power_on
                0x878148e0       0x6c common/built-in.o
 .text.usb_clear_port_feature.isra.0
                0x8781494c       0x4c common/built-in.o
 .text.usb_hub_reset_devices
                0x87814998        0x4 common/built-in.o
                0x87814998                usb_hub_reset_devices
 .text.usb_get_port_status
                0x8781499c       0x4c common/built-in.o
                0x8781499c                usb_get_port_status
 .text.usb_hub_reset
                0x878149e8       0x14 common/built-in.o
                0x878149e8                usb_hub_reset
 .text.legacy_hub_port_reset
                0x878149fc       0xa4 common/built-in.o
                0x878149fc                legacy_hub_port_reset
 .text.usb_hub_port_connect_change
                0x87814aa0      0x150 common/built-in.o
                0x87814aa0                usb_hub_port_connect_change
 .text.usb_hub_configure
                0x87814bf0      0x2cc common/built-in.o
 .text.usb_hub_probe
                0x87814ebc       0x54 common/built-in.o
                0x87814ebc                usb_hub_probe
 .text.usb_stor_irq
                0x87814f10       0x1c common/built-in.o
 .text.usb_stor_BBB_reset
                0x87814f2c       0xd8 common/built-in.o
 .text.usb_stor_CB_reset
                0x87815004       0xd0 common/built-in.o
 .text.usb_stor_CB_comdat
                0x878150d4      0x210 common/built-in.o
 .text.usb_stor_CBI_get_status
                0x878152e4       0xcc common/built-in.o
 .text.usb_stor_CB_transport
                0x878153b0      0x200 common/built-in.o
 .text.usb_request_sense.constprop.0.isra.0
                0x878155b0       0x6c common/built-in.o
 .text.usb_stor_read
                0x8781561c      0x148 common/built-in.o
 .text.usb_stor_write
                0x87815764      0x148 common/built-in.o
 .text.usb_stor_BBB_clear_endpt_stall.isra.0
                0x878158ac       0x40 common/built-in.o
 .text.usb_stor_BBB_transport
                0x878158ec      0x254 common/built-in.o
 .text.usb_stor_get_dev
                0x87815b40       0x28 common/built-in.o
                0x87815b40                usb_stor_get_dev
 .text.usb_stor_info
                0x87815b68       0x6c common/built-in.o
                0x87815b68                usb_stor_info
 .text.usb_storage_probe
                0x87815bd4      0x200 common/built-in.o
                0x87815bd4                usb_storage_probe
 .text.usb_stor_get_info
                0x87815dd4      0x300 common/built-in.o
                0x87815dd4                usb_stor_get_info
 .text.usb_stor_scan
                0x878160d4      0x1d8 common/built-in.o
                0x878160d4                usb_stor_scan
 .text.splash_screen_prepare
                0x878162ac        0x8 common/built-in.o
                0x878162ac                splash_screen_prepare
 .text.splash_get_pos
                0x878162b4       0x84 common/built-in.o
                0x878162b4                splash_get_pos
 .text.env_get_char_spec
                0x87816338        0xc common/built-in.o
                0x87816338                env_get_char_spec
 .text.env_get_addr
                0x87816344       0x20 common/built-in.o
                0x87816344                env_get_addr
 .text.env_get_char_memory
                0x87816364       0x10 common/built-in.o
                0x87816364                env_get_char_memory
 .text.env_get_char
                0x87816374       0x30 common/built-in.o
                0x87816374                env_get_char
 .text.getenv_yesno
                0x878163a4       0x3c common/built-in.o
                0x878163a4                getenv_yesno
 .text.getenv_default
                0x878163e0       0x30 common/built-in.o
                0x878163e0                getenv_default
 .text.set_default_env
                0x87816410       0xbc common/built-in.o
                0x87816410                set_default_env
 .text.set_default_vars
                0x878164cc       0x3c common/built-in.o
                0x878164cc                set_default_vars
 .text.env_import
                0x87816508       0xd4 common/built-in.o
                0x87816508                env_import
 .text.env_export
                0x878165dc       0xa0 common/built-in.o
                0x878165dc                env_export
 .text.env_relocate
                0x8781667c       0x2c common/built-in.o
                0x8781667c                env_relocate
 .text.env_complete
                0x878166a8       0xdc common/built-in.o
                0x878166a8                env_complete
 .text.console_setfile
                0x87816784       0xb4 common/built-in.o
 .text.serial_printf
                0x87816838       0x44 common/built-in.o
                0x87816838                serial_printf
 .text.puts     0x8781687c       0x34 common/built-in.o
                0x8781687c                puts
 .text.putc     0x878168b0       0x34 common/built-in.o
                0x878168b0                putc
 .text.fgetc    0x878168e4       0x24 common/built-in.o
                0x878168e4                fgetc
 .text.getc     0x87816908       0x24 common/built-in.o
                0x87816908                getc
 .text.ftstc    0x8781692c       0x24 common/built-in.o
                0x8781692c                ftstc
 .text.tstc     0x87816950       0x24 common/built-in.o
                0x87816950                tstc
 .text.ctrlc    0x87816974       0x60 common/built-in.o
                0x87816974                ctrlc
 .text.confirm_yesno
                0x878169d4       0xcc common/built-in.o
                0x878169d4                confirm_yesno
 .text.had_ctrlc
                0x87816aa0       0x10 common/built-in.o
                0x87816aa0                had_ctrlc
 .text.clear_ctrlc
                0x87816ab0       0x14 common/built-in.o
                0x87816ab0                clear_ctrlc
 .text.search_device
                0x87816ac4       0x28 common/built-in.o
                0x87816ac4                search_device
 .text.console_assign
                0x87816aec       0x40 common/built-in.o
                0x87816aec                console_assign
 .text.on_console
                0x87816b2c       0xb4 common/built-in.o
 .text.console_init_f
                0x87816be0       0x10 common/built-in.o
                0x87816be0                console_init_f
 .text.stdio_print_current_devices
                0x87816bf0       0xb0 common/built-in.o
                0x87816bf0                stdio_print_current_devices
 .text.console_init_r
                0x87816ca0      0x160 common/built-in.o
                0x87816ca0                console_init_r
 .text.sbrk     0x87816e00       0x68 common/built-in.o
                0x87816e00                sbrk
 .text.mem_malloc_init
                0x87816e68       0x34 common/built-in.o
                0x87816e68                mem_malloc_init
 .text.malloc_trim
                0x87816e9c       0xc8 common/built-in.o
                0x87816e9c                malloc_trim
 .text.free     0x87816f64      0x24c common/built-in.o
                0x87816f64                free
 .text.malloc   0x878171b0      0x608 common/built-in.o
                0x878171b0                malloc
 .text.calloc   0x878177b8      0x144 common/built-in.o
                0x878177b8                calloc
 .text.realloc  0x878178fc      0x424 common/built-in.o
                0x878178fc                realloc
 .text.memalign
                0x87817d20      0x138 common/built-in.o
                0x87817d20                memalign
 .text.initf_malloc
                0x87817e58       0x18 common/built-in.o
                0x87817e58                initf_malloc
 .text.malloc_simple
                0x87817e70       0x30 common/built-in.o
                0x87817e70                malloc_simple
 .text.on_loadaddr
                0x87817ea0       0x38 common/built-in.o
 .text.image_check_hcrc
                0x87817ed8       0x4c common/built-in.o
                0x87817ed8                image_check_hcrc
 .text.image_check_dcrc
                0x87817f24       0x38 common/built-in.o
                0x87817f24                image_check_dcrc
 .text.image_multi_count
                0x87817f5c       0x1c common/built-in.o
                0x87817f5c                image_multi_count
 .text.image_multi_getimg
                0x87817f78       0x78 common/built-in.o
                0x87817f78                image_multi_getimg
 .text.getenv_bootm_low
                0x87817ff0       0x30 common/built-in.o
                0x87817ff0                getenv_bootm_low
 .text.getenv_bootm_size
                0x87818020       0x68 common/built-in.o
                0x87818020                getenv_bootm_size
 .text.getenv_bootm_mapsize
                0x87818088       0x30 common/built-in.o
                0x87818088                getenv_bootm_mapsize
 .text.memmove_wd
                0x878180b8        0xc common/built-in.o
                0x878180b8                memmove_wd
 .text.genimg_print_size
                0x878180c4       0x30 common/built-in.o
                0x878180c4                genimg_print_size
 .text.get_table_entry
                0x878180f4       0x24 common/built-in.o
                0x878180f4                get_table_entry
 .text.get_table_entry_name
                0x87818118       0x20 common/built-in.o
                0x87818118                get_table_entry_name
 .text.genimg_get_os_name
                0x87818138       0x18 common/built-in.o
                0x87818138                genimg_get_os_name
 .text.genimg_get_arch_name
                0x87818150       0x18 common/built-in.o
                0x87818150                genimg_get_arch_name
 .text.genimg_get_type_name
                0x87818168       0x18 common/built-in.o
                0x87818168                genimg_get_type_name
 .text.genimg_get_comp_name
                0x87818180       0x18 common/built-in.o
                0x87818180                genimg_get_comp_name
 .text.image_print_contents
                0x87818198      0x178 common/built-in.o
                0x87818198                image_print_contents
 .text.genimg_get_kernel_addr_fit
                0x87818310       0x24 common/built-in.o
                0x87818310                genimg_get_kernel_addr_fit
 .text.genimg_get_format
                0x87818334       0x34 common/built-in.o
                0x87818334                genimg_get_format
 .text.genimg_get_image
                0x87818368        0x4 common/built-in.o
                0x87818368                genimg_get_image
 .text.genimg_has_config
                0x8781836c        0x8 common/built-in.o
                0x8781836c                genimg_has_config
 .text.boot_get_ramdisk
                0x87818374      0x260 common/built-in.o
                0x87818374                boot_get_ramdisk
 .text.boot_ramdisk_high
                0x878185d4      0x120 common/built-in.o
                0x878185d4                boot_ramdisk_high
 .text.boot_get_setup
                0x878186f4        0x8 common/built-in.o
                0x878186f4                boot_get_setup
 .text.image_setup_linux
                0x878186fc       0x88 common/built-in.o
                0x878186fc                image_setup_linux
 .text.fdt_error
                0x87818784       0x2c common/built-in.o
 .text.boot_fdt_add_mem_rsv_regions
                0x878187b0       0x88 common/built-in.o
                0x878187b0                boot_fdt_add_mem_rsv_regions
 .text.boot_relocate_fdt
                0x87818838      0x194 common/built-in.o
                0x87818838                boot_relocate_fdt
 .text.boot_get_fdt
                0x878189cc      0x288 common/built-in.o
                0x878189cc                boot_get_fdt
 .text.ft_verify_fdt
                0x87818c54        0x8 common/built-in.o
                0x87818c54                ft_verify_fdt
 .text.image_setup_libfdt
                0x87818c5c       0xfc common/built-in.o
                0x87818c5c                image_setup_libfdt
 .text.get_effective_memsize
                0x87818d58        0x8 common/built-in.o
                0x87818d58                get_effective_memsize
 .text.nulldev_putc
                0x87818d60        0x4 common/built-in.o
 .text.nulldev_puts
                0x87818d64        0x4 common/built-in.o
 .text.nulldev_input
                0x87818d68        0x8 common/built-in.o
 .text.stdio_serial_tstc
                0x87818d70        0x4 common/built-in.o
 .text.stdio_serial_getc
                0x87818d74        0x4 common/built-in.o
 .text.stdio_serial_puts
                0x87818d78        0x8 common/built-in.o
 .text.stdio_serial_putc
                0x87818d80        0x8 common/built-in.o
 .text.stdio_get_list
                0x87818d88        0xc common/built-in.o
                0x87818d88                stdio_get_list
 .text.stdio_get_by_name
                0x87818d94       0x48 common/built-in.o
                0x87818d94                stdio_get_by_name
 .text.stdio_clone
                0x87818ddc       0x3c common/built-in.o
                0x87818ddc                stdio_clone
 .text.stdio_register_dev
                0x87818e18       0x50 common/built-in.o
                0x87818e18                stdio_register_dev
 .text.stdio_register
                0x87818e68        0x8 common/built-in.o
                0x87818e68                stdio_register
 .text.stdio_init_tables
                0x87818e70       0x1c common/built-in.o
                0x87818e70                stdio_init_tables
 .text.stdio_add_devices
                0x87818e8c       0xd4 common/built-in.o
                0x87818e8c                stdio_add_devices
 .text.run_command
                0x87818f60       0x10 common/built-in.o
                0x87818f60                run_command
 .text.run_command_list
                0x87818f70       0x7c common/built-in.o
                0x87818f70                run_command_list
 .text.do_run   0x87818fec       0x70 common/built-in.o
                0x87818fec                do_run
 .text.cli_loop
                0x8781905c        0xc common/built-in.o
                0x8781905c                cli_loop
 .text.cli_init
                0x87819068        0x4 common/built-in.o
                0x87819068                cli_init
 .text.cread_add_char
                0x8781906c       0xe4 common/built-in.o
 .text.delete_char
                0x87819150       0xe0 common/built-in.o
 .text.cli_readline_into_buffer
                0x87819230      0x888 common/built-in.o
                0x87819230                cli_readline_into_buffer
 .text.cli_readline
                0x87819ab8       0x18 common/built-in.o
                0x87819ab8                cli_readline
 .text.find_cmd_tbl
                0x87819ad0       0xa4 common/built-in.o
                0x87819ad0                find_cmd_tbl
 .text.find_cmd
                0x87819b74       0x30 common/built-in.o
                0x87819b74                find_cmd
 .text.cmd_usage
                0x87819ba4       0x5c common/built-in.o
                0x87819ba4                cmd_usage
 .text._do_help
                0x87819c00      0x174 common/built-in.o
                0x87819c00                _do_help
 .text.var_complete
                0x87819d74       0x88 common/built-in.o
                0x87819d74                var_complete
 .text.cmd_auto_complete
                0x87819dfc      0x49c common/built-in.o
                0x87819dfc                cmd_auto_complete
 .text.cmd_get_data_size
                0x8781a298       0x50 common/built-in.o
                0x8781a298                cmd_get_data_size
 .text.cmd_process
                0x8781a2e8       0xec common/built-in.o
                0x8781a2e8                cmd_process
 .text.cmd_process_error
                0x8781a3d4       0x30 common/built-in.o
                0x8781a3d4                cmd_process_error
 .text.hex1_bin
                0x8781a404       0x40 common/built-in.o
 .text.hex2_bin
                0x8781a444       0x38 common/built-in.o
 .text.srec_decode
                0x8781a47c      0x210 common/built-in.o
                0x8781a47c                srec_decode
 .text.CYGACC_COMM_IF_GETC_TIMEOUT.isra.0
                0x8781a68c       0x5c common/built-in.o
 .text.xyzModem_flush
                0x8781a6e8       0x1c common/built-in.o
 .text.xyzModem_get_hdr
                0x8781a704      0x218 common/built-in.o
 .text.xyzModem_stream_open
                0x8781a91c      0x200 common/built-in.o
                0x8781a91c                xyzModem_stream_open
 .text.xyzModem_stream_read
                0x8781ab1c      0x234 common/built-in.o
                0x8781ab1c                xyzModem_stream_read
 .text.xyzModem_stream_close
                0x8781ad50       0x54 common/built-in.o
                0x8781ad50                xyzModem_stream_close
 .text.xyzModem_stream_terminate
                0x8781ada4       0x94 common/built-in.o
                0x8781ada4                xyzModem_stream_terminate
 .text.xyzModem_error
                0x8781ae38       0x20 common/built-in.o
                0x8781ae38                xyzModem_error
 .text.get_dev_hwpart
                0x8781ae58       0x9c disk/built-in.o
 .text.dev_print
                0x8781aef4      0x1f4 disk/built-in.o
                0x8781aef4                dev_print
 .text.init_part
                0x8781b0e8       0x20 disk/built-in.o
                0x8781b0e8                init_part
 .text.print_part
                0x8781b108       0xe0 disk/built-in.o
                0x8781b108                print_part
 .text.get_partition_info
                0x8781b1e8       0x2c disk/built-in.o
                0x8781b1e8                get_partition_info
 .text.get_device
                0x8781b214      0x128 disk/built-in.o
                0x8781b214                get_device
 .text.get_device_and_partition
                0x8781b33c      0x3cc disk/built-in.o
                0x8781b33c                get_device_and_partition
 .text.test_block_type
                0x8781b708       0x84 disk/built-in.o
 .text.print_partition_extended
                0x8781b78c      0x208 disk/built-in.o
 .text.get_partition_info_extended.constprop.0
                0x8781b994      0x280 disk/built-in.o
 .text.test_part_dos
                0x8781bc14       0x5c disk/built-in.o
                0x8781bc14                test_part_dos
 .text.print_part_dos
                0x8781bc70       0x34 disk/built-in.o
                0x8781bc70                print_part_dos
 .text.get_partition_info_dos
                0x8781bca4       0x20 disk/built-in.o
                0x8781bca4                get_partition_info_dos
 .text.alloc_priv
                0x8781bcc4       0x44 drivers/built-in.o
 .text.device_bind
                0x8781bd08      0x300 drivers/built-in.o
                0x8781bd08                device_bind
 .text.device_bind_by_name
                0x8781c008       0x60 drivers/built-in.o
                0x8781c008                device_bind_by_name
 .text.device_probe
                0x8781c068      0x21c drivers/built-in.o
                0x8781c068                device_probe
 .text.dev_get_platdata
                0x8781c284       0x2c drivers/built-in.o
                0x8781c284                dev_get_platdata
 .text.dev_get_priv
                0x8781c2b0       0x2c drivers/built-in.o
                0x8781c2b0                dev_get_priv
 .text.lists_driver_lookup_name
                0x8781c2dc       0x58 drivers/built-in.o
                0x8781c2dc                lists_driver_lookup_name
 .text.lists_uclass_lookup
                0x8781c334       0x48 drivers/built-in.o
                0x8781c334                lists_uclass_lookup
 .text.lists_bind_drivers
                0x8781c37c       0xa4 drivers/built-in.o
                0x8781c37c                lists_bind_drivers
 .text.dm_root  0x8781c420       0x2c drivers/built-in.o
                0x8781c420                dm_root
 .text.dm_init  0x8781c44c       0x58 drivers/built-in.o
                0x8781c44c                dm_init
 .text.dm_scan_platdata
                0x8781c4a4       0x2c drivers/built-in.o
                0x8781c4a4                dm_scan_platdata
 .text.dm_scan_other
                0x8781c4d0        0x8 drivers/built-in.o
                0x8781c4d0                dm_scan_other
 .text.dm_init_and_scan
                0x8781c4d8       0x30 drivers/built-in.o
                0x8781c4d8                dm_init_and_scan
 .text.uclass_find
                0x8781c508       0x48 drivers/built-in.o
                0x8781c508                uclass_find
 .text.uclass_get
                0x8781c550      0x118 drivers/built-in.o
                0x8781c550                uclass_get
 .text.uclass_find_device
                0x8781c668       0x74 drivers/built-in.o
                0x8781c668                uclass_find_device
 .text.uclass_find_device_by_seq
                0x8781c6dc       0x78 drivers/built-in.o
                0x8781c6dc                uclass_find_device_by_seq
 .text.uclass_get_device_tail
                0x8781c754       0x30 drivers/built-in.o
                0x8781c754                uclass_get_device_tail
 .text.uclass_get_device
                0x8781c784       0x30 drivers/built-in.o
                0x8781c784                uclass_get_device
 .text.uclass_bind_device
                0x8781c7b4       0x7c drivers/built-in.o
                0x8781c7b4                uclass_bind_device
 .text.uclass_unbind_device
                0x8781c830       0x4c drivers/built-in.o
                0x8781c830                uclass_unbind_device
 .text.uclass_resolve_seq
                0x8781c87c       0xb4 drivers/built-in.o
                0x8781c87c                uclass_resolve_seq
 .text.uclass_pre_probe_device
                0x8781c930       0x60 drivers/built-in.o
                0x8781c930                uclass_pre_probe_device
 .text.uclass_post_probe_device
                0x8781c990       0x20 drivers/built-in.o
                0x8781c990                uclass_post_probe_device
 .text.uclass_pre_remove_device
                0x8781c9b0       0x20 drivers/built-in.o
                0x8781c9b0                uclass_pre_remove_device
 .text.dm_warn  0x8781c9d0       0x28 drivers/built-in.o
                0x8781c9d0                dm_warn
 .text.device_free
                0x8781c9f8       0x90 drivers/built-in.o
                0x8781c9f8                device_free
 .text.device_remove
                0x8781ca88      0x124 drivers/built-in.o
                0x8781ca88                device_remove
 .text.show_devices
                0x8781cbac       0xf0 drivers/built-in.o
 .text.dm_dump_all
                0x8781cc9c       0x3c drivers/built-in.o
                0x8781cc9c                dm_dump_all
 .text.dm_dump_uclass
                0x8781ccd8       0xd4 drivers/built-in.o
                0x8781ccd8                dm_dump_uclass
 .text.finish_access
                0x8781cdac       0x2c drivers/built-in.o
 .text.wait_busy
                0x8781cdd8       0x24 drivers/built-in.o
 .text.prepare_access
                0x8781cdfc       0xc0 drivers/built-in.o
 .text.setup_direct_access
                0x8781cebc      0x114 drivers/built-in.o
 .text.fuse_bank_physical
                0x8781cfd0       0xb0 drivers/built-in.o
                0x8781cfd0                fuse_bank_physical
 .text.fuse_word_physical
                0x8781d080       0x40 drivers/built-in.o
                0x8781d080                fuse_word_physical
 .text.fuse_read
                0x8781d0c0       0x80 drivers/built-in.o
                0x8781d0c0                fuse_read
 .text.fuse_sense
                0x8781d140       0x84 drivers/built-in.o
                0x8781d140                fuse_sense
 .text.fuse_prog
                0x8781d1c4       0x8c drivers/built-in.o
                0x8781d1c4                fuse_prog
 .text.fuse_override
                0x8781d250       0x80 drivers/built-in.o
                0x8781d250                fuse_override
 .text.video_drawchars
                0x8781d2d0      0x41c drivers/built-in.o
 .text.video_invertchar
                0x8781d6ec       0x78 drivers/built-in.o
 .text.draw_bitmap
                0x8781d764       0xe4 drivers/built-in.o
 .text.console_newline.constprop.0
                0x8781d848       0xe8 drivers/built-in.o
 .text.board_cfb_skip
                0x8781d930        0x8 drivers/built-in.o
                0x8781d930                board_cfb_skip
 .text.console_cursor
                0x8781d938       0xc8 drivers/built-in.o
                0x8781d938                console_cursor
 .text.video_putc
                0x8781da00      0x1b4 drivers/built-in.o
 .text.video_puts
                0x8781dbb4       0x7c drivers/built-in.o
 .text.video_set_lut
                0x8781dc30        0x4 drivers/built-in.o
                0x8781dc30                video_set_lut
 .text.display_rle8_bitmap
                0x8781dc34      0x370 drivers/built-in.o
 .text.plot_logo_or_black
                0x8781dfa4      0x254 drivers/built-in.o
 .text.do_clrlogo
                0x8781e1f8       0x44 drivers/built-in.o
 .text.video_display_bitmap
                0x8781e23c      0x850 drivers/built-in.o
                0x8781e23c                video_display_bitmap
 .text.video_clear
                0x8781ea8c       0x58 drivers/built-in.o
                0x8781ea8c                video_clear
 .text.drv_video_init
                0x8781eae4      0x3c0 drivers/built-in.o
                0x8781eae4                drv_video_init
 .text.mxsfb_system_setup
                0x8781eea4        0x4 drivers/built-in.o
                0x8781eea4                mxsfb_system_setup
 .text.mxs_lcd_panel_setup
                0x8781eea8       0x78 drivers/built-in.o
                0x8781eea8                mxs_lcd_panel_setup
 .text.lcdif_power_down
                0x8781ef20       0x58 drivers/built-in.o
                0x8781ef20                lcdif_power_down
 .text.video_hw_init
                0x8781ef78      0x358 drivers/built-in.o
                0x8781ef78                video_hw_init
 .text.video_get_param_len.constprop.0
                0x8781f2d0       0x24 drivers/built-in.o
 .text.video_get_params
                0x8781f2f4      0x4dc drivers/built-in.o
                0x8781f2f4                video_get_params
 .text.reset_cpu
                0x8781f7d0       0x48 drivers/built-in.o
                0x8781f7d0                reset_cpu
 .text.thermal_get_temp
                0x8781f818       0x20 drivers/built-in.o
                0x8781f818                thermal_get_temp
 .text.read_cpu_temperature
                0x8781f838      0x130 drivers/built-in.o
 .text.imx_thermal_get_temp
                0x8781f968       0x64 drivers/built-in.o
                0x8781f968                imx_thermal_get_temp
 .text.imx_thermal_probe
                0x8781f9cc       0xb4 drivers/built-in.o
 .text.gpio_set_value
                0x8781fa80       0x48 drivers/gpio/built-in.o
                0x8781fa80                gpio_set_value
 .text.gpio_get_value
                0x8781fac8       0x34 drivers/gpio/built-in.o
                0x8781fac8                gpio_get_value
 .text.gpio_request
                0x8781fafc       0x10 drivers/gpio/built-in.o
                0x8781fafc                gpio_request
 .text.gpio_free
                0x8781fb0c        0x8 drivers/gpio/built-in.o
                0x8781fb0c                gpio_free
 .text.gpio_direction_input
                0x8781fb14       0x3c drivers/gpio/built-in.o
                0x8781fb14                gpio_direction_input
 .text.gpio_direction_output
                0x8781fb50       0x50 drivers/gpio/built-in.o
                0x8781fb50                gpio_direction_output
 .text.i2c_get_adapter
                0x8781fba0       0x68 drivers/i2c/built-in.o
                0x8781fba0                i2c_get_adapter
 .text.i2c_init_bus.part.0
                0x8781fc08       0x64 drivers/i2c/built-in.o
 .text.i2c_get_bus_num
                0x8781fc6c        0x8 drivers/i2c/built-in.o
                0x8781fc6c                i2c_get_bus_num
 .text.i2c_set_bus_num
                0x8781fc74       0xd4 drivers/i2c/built-in.o
                0x8781fc74                i2c_set_bus_num
 .text.i2c_init_all
                0x8781fd48       0x14 drivers/i2c/built-in.o
                0x8781fd48                i2c_init_all
 .text.i2c_probe
                0x8781fd5c       0x2c drivers/i2c/built-in.o
                0x8781fd5c                i2c_probe
 .text.i2c_read
                0x8781fd88       0x4c drivers/i2c/built-in.o
                0x8781fd88                i2c_read
 .text.i2c_write
                0x8781fdd4       0x4c drivers/i2c/built-in.o
                0x8781fdd4                i2c_write
 .text.i2c_set_bus_speed
                0x8781fe20       0x64 drivers/i2c/built-in.o
                0x8781fe20                i2c_set_bus_speed
 .text.i2c_get_bus_speed
                0x8781fe84       0x14 drivers/i2c/built-in.o
                0x8781fe84                i2c_get_bus_speed
 .text.i2c_init
                0x8781fe98       0x34 drivers/i2c/built-in.o
                0x8781fe98                i2c_init
 .text.wait_for_sr_state
                0x8781fecc       0xe8 drivers/i2c/built-in.o
 .text.tx_byte  0x8781ffb4       0x50 drivers/i2c/built-in.o
 .text.i2c_imx_stop
                0x87820004       0x54 drivers/i2c/built-in.o
 .text.bus_i2c_set_bus_speed
                0x87820058       0xc0 drivers/i2c/built-in.o
 .text.mxc_i2c_set_bus_speed
                0x87820118       0x18 drivers/i2c/built-in.o
 .text.__i2c_force_reset_slave
                0x87820130        0x4 drivers/i2c/built-in.o
                0x87820130                __i2c_force_reset_slave
                0x87820130                i2c_force_reset_slave
 .text.i2c_idle_bus
                0x87820134       0x24 drivers/i2c/built-in.o
                0x87820134                i2c_idle_bus
 .text.i2c_init_transfer
                0x87820158      0x1e8 drivers/i2c/built-in.o
 .text.bus_i2c_write
                0x87820340       0x58 drivers/i2c/built-in.o
 .text.mxc_i2c_write
                0x87820398       0x20 drivers/i2c/built-in.o
 .text.mxc_i2c_probe
                0x878203b8       0x34 drivers/i2c/built-in.o
 .text.mxc_i2c_read
                0x878203ec      0x16c drivers/i2c/built-in.o
 .text.bus_i2c_init
                0x87820558       0x70 drivers/i2c/built-in.o
                0x87820558                bus_i2c_init
 .text.mxc_i2c_init
                0x878205c8       0x1c drivers/i2c/built-in.o
 .text.esdhc_getcd
                0x878205e4       0x3c drivers/mmc/built-in.o
 .text.esdhc_set_ios
                0x87820620      0x118 drivers/mmc/built-in.o
 .text.esdhc_init
                0x87820738       0xb8 drivers/mmc/built-in.o
 .text.esdhc_send_cmd
                0x878207f0      0x414 drivers/mmc/built-in.o
 .text.fsl_esdhc_initialize
                0x87820c04      0x160 drivers/mmc/built-in.o
                0x87820c04                fsl_esdhc_initialize
 .text.fsl_esdhc_mmc_init
                0x87820d64       0x38 drivers/mmc/built-in.o
                0x87820d64                fsl_esdhc_mmc_init
 .text.mmc_set_ios
                0x87820d9c       0x18 drivers/mmc/built-in.o
 .text.mmc_set_capacity
                0x87820db4       0x94 drivers/mmc/built-in.o
 .text.board_mmc_getwp
                0x87820e48        0x8 drivers/mmc/built-in.o
                0x87820e48                board_mmc_getwp
 .text.mmc_getwp
                0x87820e50       0x3c drivers/mmc/built-in.o
                0x87820e50                mmc_getwp
 .text.mmc_send_cmd
                0x87820e8c       0x10 drivers/mmc/built-in.o
                0x87820e8c                mmc_send_cmd
 .text.mmc_send_ext_csd
                0x87820e9c       0x4c drivers/mmc/built-in.o
 .text.mmc_go_idle
                0x87820ee8       0x4c drivers/mmc/built-in.o
 .text.mmc_send_op_cond_iter
                0x87820f34       0x78 drivers/mmc/built-in.o
 .text.mmc_send_status
                0x87820fac       0xcc drivers/mmc/built-in.o
                0x87820fac                mmc_send_status
 .text.mmc_switch.constprop.0
                0x87821078       0x54 drivers/mmc/built-in.o
 .text.mmc_set_blocklen
                0x878210cc       0x40 drivers/mmc/built-in.o
                0x878210cc                mmc_set_blocklen
 .text.find_mmc_device
                0x8782110c       0x4c drivers/mmc/built-in.o
                0x8782110c                find_mmc_device
 .text.mmc_switch_part
                0x87821158       0x58 drivers/mmc/built-in.o
                0x87821158                mmc_switch_part
 .text.mmc_select_hwpart
                0x878211b0       0x64 drivers/mmc/built-in.o
                0x878211b0                mmc_select_hwpart
 .text.mmc_bread
                0x87821214      0x160 drivers/mmc/built-in.o
 .text.mmc_hwpart_config
                0x87821374      0x428 drivers/mmc/built-in.o
                0x87821374                mmc_hwpart_config
 .text.mmc_getcd
                0x8782179c       0x3c drivers/mmc/built-in.o
                0x8782179c                mmc_getcd
 .text.mmc_set_clock
                0x878217d8       0x24 drivers/mmc/built-in.o
                0x878217d8                mmc_set_clock
 .text.mmc_startup
                0x878217fc      0xd18 drivers/mmc/built-in.o
 .text.mmc_create
                0x87822514       0xf8 drivers/mmc/built-in.o
                0x87822514                mmc_create
 .text.board_mmc_power_init
                0x8782260c        0x4 drivers/mmc/built-in.o
                0x8782260c                board_mmc_power_init
 .text.mmc_start_init
                0x87822610      0x248 drivers/mmc/built-in.o
                0x87822610                mmc_start_init
 .text.mmc_init
                0x87822858       0xfc drivers/mmc/built-in.o
                0x87822858                mmc_init
 .text.mmc_get_dev
                0x87822954       0x2c drivers/mmc/built-in.o
                0x87822954                mmc_get_dev
 .text.mmc_set_dsr
                0x87822980        0xc drivers/mmc/built-in.o
                0x87822980                mmc_set_dsr
 .text.print_mmc_devices
                0x8782298c       0xbc drivers/mmc/built-in.o
                0x8782298c                print_mmc_devices
 .text.get_mmc_num
                0x87822a48       0x10 drivers/mmc/built-in.o
                0x87822a48                get_mmc_num
 .text.mmc_initialize
                0x87822a58       0x94 drivers/mmc/built-in.o
                0x87822a58                mmc_initialize
 .text.mmc_boot_partition_size_change
                0x87822aec       0xc4 drivers/mmc/built-in.o
                0x87822aec                mmc_boot_partition_size_change
 .text.mmc_set_boot_bus_width
                0x87822bb0       0x18 drivers/mmc/built-in.o
                0x87822bb0                mmc_set_boot_bus_width
 .text.mmc_set_part_conf
                0x87822bc8       0x18 drivers/mmc/built-in.o
                0x87822bc8                mmc_set_part_conf
 .text.mmc_set_rst_n_function
                0x87822be0        0xc drivers/mmc/built-in.o
                0x87822be0                mmc_set_rst_n_function
 .text.mmc_berase
                0x87822bec      0x1ac drivers/mmc/built-in.o
                0x87822bec                mmc_berase
 .text.mmc_bwrite
                0x87822d98      0x174 drivers/mmc/built-in.o
                0x87822d98                mmc_bwrite
 .text.mtd_arg_off
                0x87822f0c       0x68 drivers/mtd/built-in.o
                0x87822f0c                mtd_arg_off
 .text.mtd_arg_off_size
                0x87822f74      0x12c drivers/mtd/built-in.o
                0x87822f74                mtd_arg_off_size
 .text.spi_flash_probe
                0x878230a0       0x78 drivers/mtd/spi/built-in.o
                0x878230a0                spi_flash_probe
 .text.spi_flash_free
                0x87823118       0x1c drivers/mtd/spi/built-in.o
                0x87823118                spi_flash_free
 .text.stm_is_locked_sr
                0x87823134       0x70 drivers/mtd/spi/built-in.o
 .text.spi_flash_read_common
                0x878231a4       0x5c drivers/mtd/spi/built-in.o
                0x878231a4                spi_flash_read_common
 .text.read_sr  0x87823200       0x2c drivers/mtd/spi/built-in.o
 .text.stm_is_locked
                0x8782322c       0x4c drivers/mtd/spi/built-in.o
                0x8782322c                stm_is_locked
 .text.spi_flash_write_common
                0x87823278      0x12c drivers/mtd/spi/built-in.o
                0x87823278                spi_flash_write_common
 .text.spi_flash_write_bar
                0x878233a4       0x60 drivers/mtd/spi/built-in.o
 .text.spi_flash_cmd_erase_ops
                0x87823404       0xec drivers/mtd/spi/built-in.o
                0x87823404                spi_flash_cmd_erase_ops
 .text.spi_flash_cmd_write_ops
                0x878234f0       0xf0 drivers/mtd/spi/built-in.o
                0x878234f0                spi_flash_cmd_write_ops
 .text.write_sr.isra.0
                0x878235e0       0x28 drivers/mtd/spi/built-in.o
 .text.stm_unlock
                0x87823608      0x190 drivers/mtd/spi/built-in.o
                0x87823608                stm_unlock
 .text.stm_lock
                0x87823798      0x150 drivers/mtd/spi/built-in.o
                0x87823798                stm_lock
 .text.spi_flash_copy_mmap
                0x878238e8        0x4 drivers/mtd/spi/built-in.o
                0x878238e8                spi_flash_copy_mmap
 .text.spi_flash_cmd_read_ops
                0x878238ec      0x154 drivers/mtd/spi/built-in.o
                0x878238ec                spi_flash_cmd_read_ops
 .text.spi_flash_scan
                0x87823a40      0x45c drivers/mtd/spi/built-in.o
                0x87823a40                spi_flash_scan
 .text.spi_flash_read_write
                0x87823e9c       0x74 drivers/mtd/spi/built-in.o
 .text.spi_flash_cmd_read
                0x87823f10       0x1c drivers/mtd/spi/built-in.o
                0x87823f10                spi_flash_cmd_read
 .text.spi_flash_cmd
                0x87823f2c       0x24 drivers/mtd/spi/built-in.o
                0x87823f2c                spi_flash_cmd
 .text.spi_flash_cmd_write
                0x87823f50       0x20 drivers/mtd/spi/built-in.o
                0x87823f50                spi_flash_cmd_write
 .text.fec_set_hwaddr
                0x87823f70       0x78 drivers/net/built-in.o
 .text.fec_reg_setup
                0x87823fe8       0x60 drivers/net/built-in.o
 .text.fec_phy_write
                0x87824048       0x80 drivers/net/built-in.o
 .text.fec_phy_read
                0x878240c8       0x80 drivers/net/built-in.o
 .text.fec_halt
                0x87824148       0x64 drivers/net/built-in.o
 .text.fec_mii_setspeed
                0x878241ac       0x5c drivers/net/built-in.o
 .text.fec_send
                0x87824208      0x120 drivers/net/built-in.o
 .text.fec_init
                0x87824328      0x27c drivers/net/built-in.o
 .text.fec_recv
                0x878245a4      0x1fc drivers/net/built-in.o
 .text.fec_probe
                0x878247a0      0x360 drivers/net/built-in.o
                0x878247a0                fec_probe
 .text.fec_get_miibus
                0x87824b00       0xa4 drivers/net/built-in.o
                0x87824b00                fec_get_miibus
 .text.fecmxc_initialize_multi
                0x87824ba4       0x84 drivers/net/built-in.o
                0x87824ba4                fecmxc_initialize_multi