Archive member included to satisfy reference by file (symbol)

/usr/lib/gcc-cross/arm-linux-gnueabihf/13/libgcc.a(_udivsi3.o)
                              arch/arm/cpu/armv7/built-in.o (__aeabi_uidiv)
/usr/lib/gcc-cross/arm-linux-gnueabihf/13/libgcc.a(_divsi3.o)
                              arch/arm/cpu/armv7/built-in.o (__aeabi_idiv)
/usr/lib/gcc-cross/arm-linux-gnueabihf/13/libgcc.a(_dvmd_lnx.o)
                              /usr/lib/gcc-cross/arm-linux-gnueabihf/13/libgcc.a(_udivsi3.o) (__aeabi_idiv0)

Discarded input sections

 .data          0x00000000        0x0 arch/arm/cpu/armv7/start.o
 .bss           0x00000000        0x0 arch/arm/cpu/armv7/start.o
 .text.v7_arch_cp15_set_l2aux_ctrl
                0x00000000        0x8 arch/arm/cpu/armv7/built-in.o
 .text.v7_arch_cp15_set_acr
                0x00000000        0x8 arch/arm/cpu/armv7/built-in.o
 .text.sdelay   0x00000000        0xc arch/arm/cpu/armv7/built-in.o
 .text.wait_on_value
                0x00000000       0x34 arch/arm/cpu/armv7/built-in.o
 .text.get_nr_cpus
                0x00000000       0x10 arch/arm/cpu/armv7/built-in.o
 .text.board_mmc_get_env_dev
                0x00000000        0x8 arch/arm/cpu/armv7/built-in.o
 .text.get_boot_device
                0x00000000       0x94 arch/arm/cpu/armv7/built-in.o
 .text.enable_uart_clk
                0x00000000       0x58 arch/arm/cpu/armv7/built-in.o
 .text.enable_usdhc_clk
                0x00000000       0x48 arch/arm/cpu/armv7/built-in.o
 .text.enable_spi_clk
                0x00000000       0x44 arch/arm/cpu/armv7/built-in.o
 .text.enable_lvds_bridge
                0x00000000      0x1d8 arch/arm/cpu/armv7/built-in.o
 .text.enable_ipu_clock
                0x00000000       0x90 arch/arm/cpu/armv7/built-in.o
 .data          0x00000000        0x0 arch/arm/cpu/armv7/built-in.o
 .bss           0x00000000        0x0 arch/arm/cpu/armv7/built-in.o
 .text          0x00000000        0x0 arch/arm/imx-common/built-in.o
 .text.imx_iomux_set_gpr_register
                0x00000000       0x44 arch/arm/imx-common/built-in.o
 .text.get_imx_reset_cause
                0x00000000       0x10 arch/arm/imx-common/built-in.o
 .text.set_chipselect_size
                0x00000000       0x74 arch/arm/imx-common/built-in.o
 .text.usec2ticks
                0x00000000       0x60 arch/arm/imx-common/built-in.o
 .rodata.set_chipselect_size.str1.1
                0x00000000       0x1e arch/arm/imx-common/built-in.o
 .data          0x00000000        0x0 arch/arm/imx-common/built-in.o
 .bss           0x00000000        0x0 arch/arm/imx-common/built-in.o
 .text.reset_misc
                0x00000000        0x4 arch/arm/lib/built-in.o
 .text.enable_caches
                0x00000000        0xc arch/arm/lib/built-in.o
 .text.invalidate_dcache_range
                0x00000000        0x4 arch/arm/lib/built-in.o
 .text.flush_dcache_range
                0x00000000        0x4 arch/arm/lib/built-in.o
 .text.flush_dcache_all
                0x00000000        0xc arch/arm/lib/built-in.o
 .text.arm_init_before_mmu
                0x00000000        0x4 arch/arm/lib/built-in.o
 .text.mmu_page_table_flush
                0x00000000        0x4 arch/arm/lib/built-in.o
 .rodata.enable_caches.str1.1
                0x00000000       0x1d arch/arm/lib/built-in.o
 .data          0x00000000        0x0 arch/arm/lib/built-in.o
 .__secure_end  0x00000000        0x0 arch/arm/lib/built-in.o
 .__secure_start
                0x00000000        0x0 arch/arm/lib/built-in.o
 .bss           0x00000000        0x0 arch/arm/lib/built-in.o
 .text          0x00000000        0x0 board/freescale/common/built-in.o
 .text.mmc_map_to_kernel_blk
                0x00000000        0x4 board/freescale/common/built-in.o
 .data          0x00000000        0x0 board/freescale/common/built-in.o
 .bss           0x00000000        0x0 board/freescale/common/built-in.o
 .text          0x00000000        0x0 board/freescale/mx6ull_alientek_emmc/built-in.o
 .data          0x00000000        0x0 board/freescale/mx6ull_alientek_emmc/built-in.o
 .bss           0x00000000        0x0 board/freescale/mx6ull_alientek_emmc/built-in.o
 .text          0x00000000        0x0 cmd/built-in.o
 .text.bootz_setup
                0x00000000       0x18 cmd/built-in.o
 .text.gunzip_bmp
                0x00000000        0x8 cmd/built-in.o
 .text.invalidate_icache_all
                0x00000000        0xc cmd/built-in.o
 .text.flush_dcache_all
                0x00000000        0xc cmd/built-in.o
 .rodata.bootz_setup.str1.1
                0x00000000       0x34 cmd/built-in.o
 .rodata.invalidate_icache_all.str1.1
                0x00000000       0x33 cmd/built-in.o
 .rodata.flush_dcache_all.str1.1
                0x00000000       0x2e cmd/built-in.o
 .data          0x00000000        0x0 cmd/built-in.o
 .bss           0x00000000        0x0 cmd/built-in.o
 .text          0x00000000        0x0 common/built-in.o
 .text.hash_finish_crc32
                0x00000000       0x30 common/built-in.o
[...]
Memory Configuration

Name             Origin             Length             Attributes
*default*        0x00000000         0xffffffff

Linker script and memory map

Address of section .text set to 0x87800000
                0x00000000                        . = 0x0
                0x00000000                        . = ALIGN (0x4)

.text           0x87800000    0x3d614
 *(.__image_copy_start)
 .__image_copy_start
                0x87800000        0x0 arch/arm/lib/built-in.o
                0x87800000                __image_copy_start
 *(.vectors)
 .vectors       0x87800000      0x2e8 arch/arm/lib/built-in.o
                0x87800000                _start
                0x87800020                _undefined_instruction
                0x87800024                _software_interrupt
                0x87800028                _prefetch_abort
                0x8780002c                _data_abort
                0x87800030                _not_used
                0x87800034                _irq
                0x87800038                _fiq
                0x87800040                IRQ_STACK_START_IN
 arch/arm/cpu/armv7/start.o(.text*)
 .text          0x878002e8       0xb0 arch/arm/cpu/armv7/start.o
                0x878002e8                reset
                0x878002ec                save_boot_params_ret
                0x87800328                c_runtime_cpu_setup
                0x87800338                save_boot_params
                0x8780033c                cpu_init_cp15
                0x87800390                cpu_init_crit
 *(.text*)
 .text          0x87800398       0x24 arch/arm/cpu/armv7/built-in.o
                0x87800398                lowlevel_init
 .text.v7_maint_dcache_all
                0x878003bc       0xb8 arch/arm/cpu/armv7/built-in.o
 .text.invalidate_icache_all
                0x87800474       0x18 arch/arm/cpu/armv7/built-in.o
                0x87800474                invalidate_icache_all
 .text.v7_outer_cache_enable
                0x8780048c        0x4 arch/arm/cpu/armv7/built-in.o
                0x8780048c                v7_outer_cache_enable
 .text.v7_outer_cache_disable
                0x87800490        0x4 arch/arm/cpu/armv7/built-in.o
                0x87800490                v7_outer_cache_disable
 .text.v7_outer_cache_flush_all
                0x87800494        0x4 arch/arm/cpu/armv7/built-in.o
                0x87800494                v7_outer_cache_flush_all
 .text.flush_dcache_all
                0x87800498       0x14 arch/arm/cpu/armv7/built-in.o
                0x87800498                flush_dcache_all
 .text.v7_outer_cache_inval_all
                0x878004ac        0x4 arch/arm/cpu/armv7/built-in.o
                0x878004ac                v7_outer_cache_inval_all
 .text.invalidate_dcache_all
                0x878004b0       0x14 arch/arm/cpu/armv7/built-in.o
                0x878004b0                invalidate_dcache_all
 .text.arm_init_before_mmu
                0x878004c4       0x28 arch/arm/cpu/armv7/built-in.o
                0x878004c4                arm_init_before_mmu
 .text.v7_outer_cache_flush_range
                0x878004ec        0x4 arch/arm/cpu/armv7/built-in.o
                0x878004ec                v7_outer_cache_flush_range
 .text.flush_dcache_range
                0x878004f0       0x38 arch/arm/cpu/armv7/built-in.o
                0x878004f0                flush_dcache_range
 .text.mmu_page_table_flush
                0x87800528       0x24 arch/arm/cpu/armv7/built-in.o
                0x87800528                mmu_page_table_flush
 .text.v7_outer_cache_inval_range
                0x8780054c        0x4 arch/arm/cpu/armv7/built-in.o
                0x8780054c                v7_outer_cache_inval_range
 .text.invalidate_dcache_range
                0x87800550       0xa8 arch/arm/cpu/armv7/built-in.o
                0x87800550                invalidate_dcache_range
 .text.cpu_cache_initialization
                0x878005f8        0x4 arch/arm/cpu/armv7/built-in.o
                0x878005f8                cpu_cache_initialization
 .text.cleanup_before_linux_select
                0x878005fc       0x4c arch/arm/cpu/armv7/built-in.o
                0x878005fc                cleanup_before_linux_select
 .text.cleanup_before_linux
                0x87800648        0x8 arch/arm/cpu/armv7/built-in.o
                0x87800648                cleanup_before_linux
 .text.get_cpu_rev
                0x87800650       0x94 arch/arm/cpu/armv7/built-in.o
                0x87800650                get_cpu_rev
 .text.get_cpu_speed_grade_hz
                0x878006e4      0x128 arch/arm/cpu/armv7/built-in.o
                0x878006e4                get_cpu_speed_grade_hz
 .text.get_cpu_temp_grade
                0x8780080c       0x68 arch/arm/cpu/armv7/built-in.o
                0x8780080c                get_cpu_temp_grade
 .text.get_board_rev
                0x87800874       0x40 arch/arm/cpu/armv7/built-in.o
                0x87800874                get_board_rev
 .text.arch_cpu_init
                0x878008b4      0x360 arch/arm/cpu/armv7/built-in.o
                0x878008b4                arch_cpu_init
 .text.mmc_get_env_dev
                0x87800c14       0x28 arch/arm/cpu/armv7/built-in.o
                0x87800c14                mmc_get_env_dev
 .text.board_mmc_get_env_part
                0x87800c3c        0x8 arch/arm/cpu/armv7/built-in.o
                0x87800c3c                board_mmc_get_env_part
 .text.mmc_get_env_part
                0x87800c44       0x28 arch/arm/cpu/armv7/built-in.o
                0x87800c44                mmc_get_env_part
 .text.board_postclk_init
                0x87800c6c       0x74 arch/arm/cpu/armv7/built-in.o
                0x87800c6c                board_postclk_init
 .text.imx_get_mac_from_fuse
                0x87800ce0       0xb4 arch/arm/cpu/armv7/built-in.o
                0x87800ce0                imx_get_mac_from_fuse
 .text.set_wdog_reset
                0x87800d94       0x18 arch/arm/cpu/armv7/built-in.o
                0x87800d94                set_wdog_reset
 .text.reset_misc
                0x87800dac        0x4 arch/arm/cpu/armv7/built-in.o
                0x87800dac                reset_misc
 .text.s_init   0x87800db0       0xb8 arch/arm/cpu/armv7/built-in.o
                0x87800db0                s_init
 .text.get_ipg_clk
                0x87800e68       0x28 arch/arm/cpu/armv7/built-in.o
 .text.get_ipg_per_clk
                0x87800e90       0xac arch/arm/cpu/armv7/built-in.o
 .text.enable_pll_video.constprop.0
                0x87800f3c       0xec arch/arm/cpu/armv7/built-in.o
 .text.disable_lcdif_clock.isra.0
                0x87801028      0x1f4 arch/arm/cpu/armv7/built-in.o
 .text.mxc_get_pll_pfd
                0x8780121c       0xac arch/arm/cpu/armv7/built-in.o
 .text.get_usdhc_clk
                0x878012c8       0xb4 arch/arm/cpu/armv7/built-in.o
 .text.get_uart_clk
                0x8780137c       0xd4 arch/arm/cpu/armv7/built-in.o
 .text.enable_ocotp_clk
                0x87801450       0x24 arch/arm/cpu/armv7/built-in.o
                0x87801450                enable_ocotp_clk
 .text.enable_usboh3_clk
                0x87801474       0x24 arch/arm/cpu/armv7/built-in.o
                0x87801474                enable_usboh3_clk
 .text.enable_enet_clk
                0x87801498       0x64 arch/arm/cpu/armv7/built-in.o
                0x87801498                enable_enet_clk
 .text.enable_i2c_clk
                0x878014fc       0xd4 arch/arm/cpu/armv7/built-in.o
                0x878014fc                enable_i2c_clk
 .text.get_periph_clk
                0x878015d0       0xcc arch/arm/cpu/armv7/built-in.o
                0x878015d0                get_periph_clk
 .text.get_axi_clk
                0x8780169c       0x4c arch/arm/cpu/armv7/built-in.o
 .text.get_emi_slow_clk
                0x878016e8       0x78 arch/arm/cpu/armv7/built-in.o
 .text.get_mmdc_ch0_clk
                0x87801760      0x208 arch/arm/cpu/armv7/built-in.o
 .text.do_mx6_showclocks
                0x87801968      0x214 arch/arm/cpu/armv7/built-in.o
                0x87801968                do_mx6_showclocks
 .text.enable_lcdif_clock
                0x87801b7c      0x258 arch/arm/cpu/armv7/built-in.o
                0x87801b7c                enable_lcdif_clock
 .text.mxs_set_lcdclk
                0x87801dd4      0x360 arch/arm/cpu/armv7/built-in.o
                0x87801dd4                mxs_set_lcdclk
 .text.enable_qspi_clk
                0x87802134       0x94 arch/arm/cpu/armv7/built-in.o
                0x87802134                enable_qspi_clk
 .text.enable_fec_anatop_clock
                0x878021c8       0xe0 arch/arm/cpu/armv7/built-in.o
                0x878021c8                enable_fec_anatop_clock
 .text.imx_get_uartclk
                0x878022a8        0x4 arch/arm/cpu/armv7/built-in.o
                0x878022a8                imx_get_uartclk
 .text.imx_get_fecclk
                0x878022ac        0x4 arch/arm/cpu/armv7/built-in.o
                0x878022ac                imx_get_fecclk
 .text.enable_thermal_clk
                0x878022b0       0x44 arch/arm/cpu/armv7/built-in.o
                0x878022b0                enable_thermal_clk
 .text.mxc_get_clock
                0x878022f4      0x1cc arch/arm/cpu/armv7/built-in.o
                0x878022f4                mxc_get_clock
 .text.imx_iomux_v3_setup_pad
                0x878024c0      0x120 arch/arm/imx-common/built-in.o
                0x878024c0                imx_iomux_v3_setup_pad
 .text.imx_iomux_v3_setup_multiple_pads
                0x878025e0       0x28 arch/arm/imx-common/built-in.o
                0x878025e0                imx_iomux_v3_setup_multiple_pads
 .text.imx_ddr_size
                0x87802608       0x64 arch/arm/imx-common/built-in.o
                0x87802608                imx_ddr_size
 .text.get_imx_type
                0x8780266c       0x20 arch/arm/imx-common/built-in.o
                0x8780266c                get_imx_type
 .text.print_cpuinfo
                0x8780268c      0x228 arch/arm/imx-common/built-in.o
                0x8780268c                print_cpuinfo
 .text.cpu_eth_init
                0x878028b4        0x4 arch/arm/imx-common/built-in.o
                0x878028b4                cpu_eth_init
 .text.cpu_mmc_init
                0x878028b8        0x4 arch/arm/imx-common/built-in.o
                0x878028b8                cpu_mmc_init
 .text.get_ahb_clk
                0x878028bc       0x24 arch/arm/imx-common/built-in.o
                0x878028bc                get_ahb_clk
 .text.arch_preboot_os
                0x878028e0        0x4 arch/arm/imx-common/built-in.o
                0x878028e0                arch_preboot_os
 .text.get_clocks
                0x878028e4       0x1c arch/arm/imx-common/built-in.o
                0x878028e4                get_clocks
 .text.force_idle_bus
                0x87802900      0x1c4 arch/arm/imx-common/built-in.o
                0x87802900                force_idle_bus
 .text.setup_i2c
                0x87802ac4       0xdc arch/arm/imx-common/built-in.o
                0x87802ac4                setup_i2c
 .text.mxs_wait_mask_set
                0x87802ba0       0x3c arch/arm/imx-common/built-in.o
                0x87802ba0                mxs_wait_mask_set
 .text.mxs_wait_mask_clr
                0x87802bdc       0x3c arch/arm/imx-common/built-in.o
                0x87802bdc                mxs_wait_mask_clr
 .text.mxs_reset_block
                0x87802c18       0x90 arch/arm/imx-common/built-in.o
                0x87802c18                mxs_reset_block
 .text.enable_caches
                0x87802ca8       0x34 arch/arm/imx-common/built-in.o
                0x87802ca8                enable_caches
 .text.init_aips
                0x87802cdc       0xb8 arch/arm/imx-common/built-in.o
                0x87802cdc                init_aips
 .text.imx_set_wdog_powerdown
                0x87802d94       0x98 arch/arm/imx-common/built-in.o
                0x87802d94                imx_set_wdog_powerdown
 .text.init_src
                0x87802e2c       0x18 arch/arm/imx-common/built-in.o
                0x87802e2c                init_src
 .text.boot_mode_apply
                0x87802e44       0x24 arch/arm/imx-common/built-in.o
                0x87802e44                boot_mode_apply
 .text.board_video_skip
                0x87802e68      0x190 arch/arm/imx-common/built-in.o
                0x87802e68                board_video_skip
 .text.timer_init
                0x87802ff8       0x3c arch/arm/imx-common/built-in.o
                0x87802ff8                timer_init
 .text.get_ticks
                0x87803034       0x18 arch/arm/imx-common/built-in.o
                0x87803034                get_ticks
 .text.get_timer_masked
                0x8780304c       0x48 arch/arm/imx-common/built-in.o
                0x8780304c                get_timer_masked
 .text.get_timer
                0x87803094       0x14 arch/arm/imx-common/built-in.o
                0x87803094                get_timer
 .text.__udelay
                0x878030a8       0x78 arch/arm/imx-common/built-in.o
                0x878030a8                __udelay
 .text.get_tbclk
                0x87803120        0x8 arch/arm/imx-common/built-in.o
                0x87803120                get_tbclk
 .text.do_boot_mode
                0x87803128       0xe8 arch/arm/imx-common/built-in.o
 .text.create_usage
                0x87803210       0x9c arch/arm/imx-common/built-in.o
 .text.add_board_boot_modes
                0x878032ac       0x60 arch/arm/imx-common/built-in.o
                0x878032ac                add_board_boot_modes
 .text          0x8780330c       0x90 arch/arm/lib/built-in.o
                0x8780330c                _main
 .text.relocate_vectors
                0x8780339c       0x70 arch/arm/lib/built-in.o
                0x8780339c                relocate_vectors
                0x878033a8                relocate_code
 .text.arch_fixup_fdt
                0x8780340c       0x34 arch/arm/lib/built-in.o
                0x8780340c                arch_fixup_fdt
 .text.boot_jump_linux
                0x87803440       0xc4 arch/arm/lib/built-in.o
 .text.arch_lmb_reserve
                0x87803504       0x24 arch/arm/lib/built-in.o
                0x87803504                arch_lmb_reserve
 .text.setup_board_tags
                0x87803528        0x4 arch/arm/lib/built-in.o
                0x87803528                setup_board_tags
 .text.boot_prep_linux
                0x8780352c      0x1b8 arch/arm/lib/built-in.o
 .text.do_bootm_linux
                0x878036e4       0x54 arch/arm/lib/built-in.o
                0x878036e4                do_bootm_linux
 .text.bootz_setup
                0x87803738       0x58 arch/arm/lib/built-in.o
                0x87803738                bootz_setup
 .text.boot_prep_vxworks
                0x87803790       0x4c arch/arm/lib/built-in.o
                0x87803790                boot_prep_vxworks
 .text.boot_jump_vxworks
                0x878037dc        0xc arch/arm/lib/built-in.o
                0x878037dc                boot_jump_vxworks
 .text.arch_reserve_stacks
                0x878037e8       0x1c arch/arm/lib/built-in.o
                0x878037e8                arch_reserve_stacks
 .text.interrupt_init
                0x87803804       0x1c arch/arm/lib/built-in.o
                0x87803804                interrupt_init
 .text.enable_interrupts
                0x87803820        0x4 arch/arm/lib/built-in.o
                0x87803820                enable_interrupts
 .text.disable_interrupts
                0x87803824        0x8 arch/arm/lib/built-in.o
                0x87803824                disable_interrupts
 .text.bad_mode
                0x8780382c       0x10 arch/arm/lib/built-in.o
                0x8780382c                bad_mode
 .text.show_regs
                0x8780383c      0x174 arch/arm/lib/built-in.o
                0x8780383c                show_regs
 .text.do_undefined_instruction
                0x878039b0       0x20 arch/arm/lib/built-in.o
                0x878039b0                do_undefined_instruction
 .text.do_software_interrupt
                0x878039d0       0x20 arch/arm/lib/built-in.o
                0x878039d0                do_software_interrupt
 .text.do_prefetch_abort
                0x878039f0       0x20 arch/arm/lib/built-in.o
                0x878039f0                do_prefetch_abort
 .text.do_data_abort
                0x87803a10       0x20 arch/arm/lib/built-in.o
                0x87803a10                do_data_abort
 .text.do_not_used
                0x87803a30       0x20 arch/arm/lib/built-in.o
                0x87803a30                do_not_used
 .text.do_fiq   0x87803a50       0x20 arch/arm/lib/built-in.o
                0x87803a50                do_fiq
 .text.do_irq   0x87803a70       0x20 arch/arm/lib/built-in.o
                0x87803a70                do_irq
 .text.do_reset
                0x87803a90       0x30 arch/arm/lib/built-in.o
                0x87803a90                do_reset
 .text.flush_cache
                0x87803ac0        0x8 arch/arm/lib/built-in.o
                0x87803ac0                flush_cache
 .text.cp_delay
                0x87803ac8       0x30 arch/arm/lib/built-in.o
 .text.cache_disable
                0x87803af8       0x48 arch/arm/lib/built-in.o
 .text.arm_init_domains
                0x87803b40        0x4 arch/arm/lib/built-in.o
                0x87803b40                arm_init_domains
 .text.set_section_dcache
                0x87803b44       0x14 arch/arm/lib/built-in.o
                0x87803b44                set_section_dcache
 .text.mmu_set_region_dcache_behaviour
                0x87803b58       0x48 arch/arm/lib/built-in.o
                0x87803b58                mmu_set_region_dcache_behaviour
 .text.dram_bank_mmu_setup
                0x87803ba0       0x38 arch/arm/lib/built-in.o
                0x87803ba0                dram_bank_mmu_setup
 .text.icache_enable
                0x87803bd8       0x18 arch/arm/lib/built-in.o
                0x87803bd8                icache_enable
 .text.icache_disable
                0x87803bf0        0x8 arch/arm/lib/built-in.o
                0x87803bf0                icache_disable
 .text.icache_status
                0x87803bf8        0xc arch/arm/lib/built-in.o
                0x87803bf8                icache_status
 .text.dcache_enable
                0x87803c04       0x74 arch/arm/lib/built-in.o
                0x87803c04                dcache_enable
 .text.dcache_disable
                0x87803c78        0x8 arch/arm/lib/built-in.o
                0x87803c78                dcache_disable
 .text.dcache_status
                0x87803c80        0xc arch/arm/lib/built-in.o
                0x87803c80                dcache_status
 .text.board_late_mmc_env_init
                0x87803c8c       0x9c board/freescale/common/built-in.o
                0x87803c8c                board_late_mmc_env_init
 .text.do_enable_parallel_lcd
                0x87803d28       0x2c board/freescale/mx6ull_alientek_emmc/built-in.o
                0x87803d28                do_enable_parallel_lcd
 .text.power_init_board
                0x87803d54        0x8 board/freescale/mx6ull_alientek_emmc/built-in.o
                0x87803d54                power_init_board
 .text.dram_init
                0x87803d5c       0x18 board/freescale/mx6ull_alientek_emmc/built-in.o
                0x87803d5c                dram_init
 .text.board_mmc_get_env_dev
                0x87803d74        0x4 board/freescale/mx6ull_alientek_emmc/built-in.o
                0x87803d74                board_mmc_get_env_dev
 .text.mmc_map_to_kernel_blk
                0x87803d78        0x4 board/freescale/mx6ull_alientek_emmc/built-in.o
                0x87803d78                mmc_map_to_kernel_blk
 .text.board_mmc_getcd
                0x87803d7c       0x7c board/freescale/mx6ull_alientek_emmc/built-in.o
                0x87803d7c                board_mmc_getcd
 .text.board_mmc_init
                0x87803df8       0xdc board/freescale/mx6ull_alientek_emmc/built-in.o
                0x87803df8                board_mmc_init
 .text.board_usb_phy_mode
                0x87803ed4       0x14 board/freescale/mx6ull_alientek_emmc/built-in.o
                0x87803ed4                board_usb_phy_mode
 .text.board_ehci_hcd_init
                0x87803ee8       0x28 board/freescale/mx6ull_alientek_emmc/built-in.o
                0x87803ee8                board_ehci_hcd_init
 .text.board_eth_init
                0x87803f10       0x68 board/freescale/mx6ull_alientek_emmc/built-in.o
                0x87803f10                board_eth_init
 .text.board_phy_config
                0x87803f78       0x4c board/freescale/mx6ull_alientek_emmc/built-in.o
                0x87803f78                board_phy_config
 .text.board_early_init_f
                0x87803fc4       0x1c board/freescale/mx6ull_alientek_emmc/built-in.o
                0x87803fc4                board_early_init_f
 .text.board_init
                0x87803fe0       0x94 board/freescale/mx6ull_alientek_emmc/built-in.o
                0x87803fe0                board_init
 .text.board_late_init
                0x87804074       0x50 board/freescale/mx6ull_alientek_emmc/built-in.o
                0x87804074                board_late_init
 .text.checkboard
                0x878040c4       0x18 board/freescale/mx6ull_alientek_emmc/built-in.o
                0x878040c4                checkboard
 .text.do_go_exec
                0x878040dc       0x10 cmd/built-in.o
                0x878040dc                do_go_exec
 .text.do_go    0x878040ec       0x6c cmd/built-in.o
 .text.do_bootm
                0x87804158      0x110 cmd/built-in.o
                0x87804158                do_bootm
 .text.do_bootd
                0x87804268       0x20 cmd/built-in.o
                0x87804268                do_bootd
 .text.image_info
                0x87804288       0xbc cmd/built-in.o
 .text.do_iminfo
                0x87804344       0x5c cmd/built-in.o
 .text.bootm_maybe_autostart
                0x878043a0       0x78 cmd/built-in.o
                0x878043a0                bootm_maybe_autostart
 .text.do_bootz
                0x87804418       0xf0 cmd/built-in.o
                0x87804418                do_bootz
 .text.do_help  0x87804508       0x48 cmd/built-in.o
 .text.do_version
                0x87804550       0x38 cmd/built-in.o
 .text.source   0x87804588       0xdc cmd/built-in.o
                0x87804588                source
 .text.do_source
                0x87804664       0x48 cmd/built-in.o
 .text.print_num
                0x878046ac       0x14 cmd/built-in.o
 .text.do_bdinfo
                0x878046c0      0x198 cmd/built-in.o
 .text.do_bmp   0x87804858       0x58 cmd/built-in.o
 .text.do_bmp_info
                0x878048b0      0x10c cmd/built-in.o
 .text.bmp_display
                0x878049bc       0x50 cmd/built-in.o
                0x878049bc                bmp_display
 .text.do_bmp_display
                0x87804a0c       0xb8 cmd/built-in.o
 .text.parse_argv
                0x87804ac4       0x64 cmd/built-in.o
 .text.do_icache
                0x87804b28       0x88 cmd/built-in.o
 .text.do_dcache
                0x87804bb0       0x88 cmd/built-in.o
 .text.do_coninfo
                0x87804c38       0xb4 cmd/built-in.o
 .text.do_echo  0x87804cec       0xb4 cmd/built-in.o
 .text.load_elf_image_shdr
                0x87804da0       0x8c cmd/built-in.o
 .text.valid_elf_image
                0x87804e2c       0x4c cmd/built-in.o
                0x87804e2c                valid_elf_image
 .text.do_bootelf
                0x87804e78      0x1bc cmd/built-in.o
                0x87804e78                do_bootelf
 .text.do_bootvx
                0x87805034      0x330 cmd/built-in.o
                0x87805034                do_bootvx
 .text.do_exit  0x87805364       0x48 cmd/built-in.o
 .text.do_ext4_size
                0x878053ac       0x18 cmd/built-in.o
                0x878053ac                do_ext4_size
 .text.do_ext4_load
                0x878053c4       0x18 cmd/built-in.o
                0x878053c4                do_ext4_load
 .text.do_ext4_ls
                0x878053dc       0x18 cmd/built-in.o
                0x878053dc                do_ext4_ls
 .text.do_ext4_write
                0x878053f4       0x18 cmd/built-in.o
                0x878053f4                do_ext4_write
 .text.do_ext2load
                0x8780540c       0x18 cmd/built-in.o
                0x8780540c                do_ext2load
 .text.do_ext2ls
                0x87805424       0x18 cmd/built-in.o
 .text.do_fat_size
                0x8780543c       0x18 cmd/built-in.o
                0x8780543c                do_fat_size
 .text.do_fat_fsload
                0x87805454       0x18 cmd/built-in.o
                0x87805454                do_fat_fsload
 .text.do_fat_ls
                0x8780546c       0x18 cmd/built-in.o
 .text.do_fat_fsinfo
                0x87805484       0x8c cmd/built-in.o
 .text.fdt_valid
                0x87805510       0xbc cmd/built-in.o
 .text.is_printable_string
                0x878055cc       0x8c cmd/built-in.o
 .text.print_data.part.0
                0x87805658      0x16c cmd/built-in.o
 .text.set_working_fdt_addr
                0x878057c4       0x1c cmd/built-in.o
                0x878057c4                set_working_fdt_addr
 .text.do_fdt   0x878057e0      0xdc8 cmd/built-in.o
 .text.do_flinfo
                0x878065a8        0x8 cmd/built-in.o
 .text.do_protect
                0x878065b0       0x10 cmd/built-in.o
 .text.do_flerase
                0x878065c0        0x8 cmd/built-in.o
 .text.do_size_wrapper
                0x878065c8       0x18 cmd/built-in.o
 .text.do_load_wrapper
                0x878065e0       0x18 cmd/built-in.o
 .text.do_save_wrapper
                0x878065f8       0x18 cmd/built-in.o
 .text.do_ls_wrapper
                0x87806610       0x18 cmd/built-in.o
 .text.do_fstype_wrapper
                0x87806628        0x4 cmd/built-in.o
 .text.strtou32
                0x8780662c       0x44 cmd/built-in.o
 .text.do_fuse  0x87806670      0x388 cmd/built-in.o
 .text.name_to_gpio
                0x878069f8        0xc cmd/built-in.o
                0x878069f8                name_to_gpio
 .text.do_gpio  0x87806a04      0x14c cmd/built-in.o
 .text.do_i2c   0x87806b50       0x68 cmd/built-in.o
 .text.do_i2c_bus_speed
                0x87806bb8       0x78 cmd/built-in.o
 .text.do_i2c_show_bus
                0x87806c30       0xec cmd/built-in.o
 .text.do_i2c_reset
                0x87806d1c       0x2c cmd/built-in.o
 .text.do_i2c_probe
                0x87806d48       0xa0 cmd/built-in.o
 .text.do_i2c_bus_num
                0x87806de8       0xb8 cmd/built-in.o
 .text.get_alen.constprop.0
                0x87806ea0       0x3c cmd/built-in.o
 .text.do_i2c_md
                0x87806edc      0x1ec cmd/built-in.o
 .text.do_i2c_read
                0x878070c8       0xbc cmd/built-in.o
 .text.do_i2c_mw
                0x87807184       0xf8 cmd/built-in.o
 .text.do_i2c_write
                0x8780727c      0x144 cmd/built-in.o
 .text.do_i2c_crc
                0x878073c0      0x11c cmd/built-in.o
 .text.mod_i2c_mem.isra.0
                0x878074dc      0x1e4 cmd/built-in.o
 .text.do_i2c_mm
                0x878076c0        0x8 cmd/built-in.o
 .text.do_i2c_nm
                0x878076c8        0x8 cmd/built-in.o
 .text.do_i2c_loop
                0x878076d0       0xec cmd/built-in.o
 .text.i2c_init_board
                0x878077bc        0x4 cmd/built-in.o
                0x878077bc                i2c_init_board
 .text.evalexp  0x878077c0       0x78 cmd/built-in.o
 .text.evalstr  0x87807838       0x64 cmd/built-in.o
 .text.binary_test
                0x8780789c      0x194 cmd/built-in.o
 .text.do_itest
                0x87807a30       0x7c cmd/built-in.o
 .text.bin_data_init
                0x87807aac       0x2c cmd/built-in.o
 .text.k_data_save
                0x87807ad8       0x4c cmd/built-in.o
 .text.k_data_restore
                0x87807b24       0x4c cmd/built-in.o
 .text.getcxmodem
                0x87807b70       0x20 cmd/built-in.o
 .text.bin_data_char
                0x87807b90       0x30 cmd/built-in.o
 .text.chk1.constprop.0
                0x87807bc0       0x30 cmd/built-in.o
 .text.s1_sendpacket.constprop.0
                0x87807bf0       0x4c cmd/built-in.o
 .text.load_serial
                0x87807c3c      0x1b8 cmd/built-in.o
 .text.do_load_serial
                0x87807df4       0xd4 cmd/built-in.o
 .text.load_serial_ymodem.isra.0
                0x87807ec8       0xc4 cmd/built-in.o
 .text.do_load_serial_bin
                0x87807f8c      0x78c cmd/built-in.o
 .text.do_mem_md
                0x87808718       0xe4 cmd/built-in.o
 .text.do_mem_base
                0x878087fc       0x40 cmd/built-in.o
 .text.do_mem_crc
                0x8780883c       0x40 cmd/built-in.o
 .text.do_mem_mtest
                0x8780887c      0x22c cmd/built-in.o
 .text.do_mem_mw
                0x87808aa8       0xc0 cmd/built-in.o
 .text.do_mem_loop
                0x87808b68       0xe8 cmd/built-in.o
 .text.do_mem_cmp
                0x87808c50      0x13c cmd/built-in.o
 .text.mod_mem.part.0
                0x87808d8c      0x154 cmd/built-in.o
 .text.do_mem_mm
                0x87808ee0       0x1c cmd/built-in.o
 .text.do_mem_nm
                0x87808efc       0x1c cmd/built-in.o
 .text.do_mem_cp
                0x87808f18       0xd8 cmd/built-in.o
 .text.extract_range
                0x87808ff0       0xe0 cmd/built-in.o
 .text.do_mii   0x878090d0      0x8bc cmd/built-in.o
 .text.do_mdio  0x8780998c      0x4e4 cmd/built-in.o
 .text.do_sleep
                0x87809e70       0x70 cmd/built-in.o
 .text.do_mmcops
                0x87809ee0       0xb8 cmd/built-in.o
 .text.do_mmc_setdsr
                0x87809f98       0xa4 cmd/built-in.o
 .text.init_mmc_device
                0x8780a03c       0x54 cmd/built-in.o
 .text.do_mmc_rescan
                0x8780a090       0x24 cmd/built-in.o
 .text.do_mmc_rst_func
                0x8780a0b4       0x9c cmd/built-in.o
 .text.do_mmc_partconf
                0x8780a150       0xb0 cmd/built-in.o
 .text.do_mmc_bootbus
                0x8780a200       0xb0 cmd/built-in.o
 .text.do_mmc_hwpartition
                0x8780a2b0      0x518 cmd/built-in.o
 .text.do_mmc_list
                0x8780a7c8       0x14 cmd/built-in.o
 .text.do_mmc_dev
                0x8780a7dc      0x124 cmd/built-in.o
 .text.do_mmc_part
                0x8780a900       0x5c cmd/built-in.o
 .text.do_mmcinfo
                0x8780a95c      0x36c cmd/built-in.o
 .text.do_mmc_boot_resize
                0x8780acc8       0xc8 cmd/built-in.o
 .text.do_mmc_erase
                0x8780ad90       0xe4 cmd/built-in.o
 .text.do_mmc_write
                0x8780ae74       0xfc cmd/built-in.o
 .text.do_mmc_read
                0x8780af70       0xec cmd/built-in.o
 .text.netboot_common
                0x8780b05c      0x2a4 cmd/built-in.o
 .text.do_bootp
                0x8780b300        0xc cmd/built-in.o
 .text.do_dhcp  0x8780b30c        0xc cmd/built-in.o
 .text.do_nfs   0x8780b318        0xc cmd/built-in.o
 .text.do_tftpb
                0x8780b324       0x40 cmd/built-in.o
                0x8780b324                do_tftpb
 .text.do_ping  0x8780b364       0x78 cmd/built-in.o
 .text.bytes_per_second
                0x8780b3dc       0x50 cmd/built-in.o
 .text.do_spi_flash
                0x8780b42c      0x810 cmd/built-in.o
 .text.substitute
                0x8780bc3c       0xe8 cmd/built-in.o
 .text.get_arg  0x8780bd24       0x58 cmd/built-in.o
 .text.regex_sub
                0x8780bd7c      0x424 cmd/built-in.o
 .text.do_setexpr
                0x8780c1a0      0x198 cmd/built-in.o
 .text.do_false
                0x8780c338        0x8 cmd/built-in.o
 .text.do_true  0x8780c340        0x8 cmd/built-in.o
 .text.do_test  0x8780c348      0x318 cmd/built-in.o
 .text.usb_get_class_desc
                0x8780c660       0xc8 cmd/built-in.o
 .text.usb_find_device
                0x8780c728       0x3c cmd/built-in.o
 .text.usb_show_tree_graph
                0x8780c764      0x22c cmd/built-in.o
 .text.usb_display_class_sub
                0x8780c990      0x174 cmd/built-in.o
 .text.usb_display_string
                0x8780cb04       0x44 cmd/built-in.o
 .text.usb_display_config
                0x8780cb48      0x20c cmd/built-in.o
 .text.do_usbboot
                0x8780cd54        0xc cmd/built-in.o
 .text.usb_display_desc.part.0
                0x8780cd60      0x12c cmd/built-in.o
 .text.do_usb_start
                0x8780ce8c       0x38 cmd/built-in.o
 .text.usb_show_tree
                0x8780cec4       0x54 cmd/built-in.o
                0x8780cec4                usb_show_tree
 .text.do_usb   0x8780cf18      0x738 cmd/built-in.o
 .text.do_imgextract
                0x8780d650      0x268 cmd/built-in.o
 .text.do_env_delete
                0x8780d8b8       0xac cmd/built-in.o
 .text.do_env_save
                0x8780d964       0x2c cmd/built-in.o
 .text.do_env   0x8780d990       0x68 cmd/built-in.o
 .text.env_print
                0x8780d9f8       0xc4 cmd/built-in.o
 .text.do_env_print
                0x8780dabc       0xc4 cmd/built-in.o
 .text.do_env_import
                0x8780db80      0x274 cmd/built-in.o
 .text.do_env_default
                0x8780ddf4       0x98 cmd/built-in.o
 .text.do_env_exists
                0x8780de8c       0x64 cmd/built-in.o
 .text._do_env_set.isra.0
                0x8780def0      0x1b0 cmd/built-in.o
 .text.do_env_set
                0x8780e0a0       0x20 cmd/built-in.o
 .text.get_env_id
                0x8780e0c0       0x10 cmd/built-in.o
                0x8780e0c0                get_env_id
 .text.setenv   0x8780e0d0       0x60 cmd/built-in.o
                0x8780e0d0                setenv
 .text.setenv_ulong
                0x8780e130       0x20 cmd/built-in.o
                0x8780e130                setenv_ulong
 .text.setenv_hex
                0x8780e150       0x34 cmd/built-in.o
                0x8780e150                setenv_hex
 .text.do_env_export
                0x8780e184      0x248 cmd/built-in.o
 .text.envmatch
                0x8780e3cc       0x68 cmd/built-in.o
                0x8780e3cc                envmatch
 .text.getenv_f
                0x8780e434       0xb4 cmd/built-in.o
                0x8780e434                getenv_f
 .text.getenv   0x8780e4e8       0x78 cmd/built-in.o
                0x8780e4e8                getenv
 .text.getenv_hex
                0x8780e560       0x38 cmd/built-in.o
                0x8780e560                getenv_hex
 .text.getenv_ulong
                0x8780e598       0x30 cmd/built-in.o
                0x8780e598                getenv_ulong
 .text.do_env_edit
                0x8780e5c8       0xcc cmd/built-in.o
 .text.common_diskboot
                0x8780e694      0x220 cmd/built-in.o
                0x8780e694                common_diskboot
 .text.board_init_f_alloc_reserve
                0x8780e8b4       0x10 common/built-in.o
                0x8780e8b4                board_init_f_alloc_reserve
 .text.board_init_f_init_reserve
                0x8780e8c4       0x20 common/built-in.o
                0x8780e8c4                board_init_f_init_reserve
 .text.show_boot_progress
                0x8780e8e4        0x4 common/built-in.o
                0x8780e8e4                show_boot_progress
 .text.main_loop
                0x8780e8e8       0x20 common/built-in.o
                0x8780e8e8                main_loop
 .text.dummy    0x8780e908        0x4 common/built-in.o
 .text.get_version
                0x8780e90c        0x8 common/built-in.o
                0x8780e90c                get_version
 .text.jumptable_init
                0x8780e914      0x1e0 common/built-in.o
                0x8780e914                jumptable_init
 .text.hash_command
                0x8780eaf4       0xb8 common/built-in.o
                0x8780eaf4                hash_command
 .text.b_reset  0x8780ebac       0x1c common/built-in.o
 .text.static_get
                0x8780ebc8       0x1c common/built-in.o
 .text.static_peek
                0x8780ebe4        0xc common/built-in.o
 .text.mapset   0x8780ebf0       0x20 common/built-in.o
 .text.syntax_err
                0x8780ec10        0xc common/built-in.o
 .text.xmalloc  0x8780ec1c       0x20 common/built-in.o
 .text.new_pipe
                0x8780ec3c       0x28 common/built-in.o
 .text.xrealloc
                0x8780ec64       0x20 common/built-in.o
 .text.do_showvar
                0x8780ec84      0x100 common/built-in.o
 .text.is_assignment
                0x8780ed84       0x58 common/built-in.o
 .text.b_addchr
                0x8780eddc       0x80 common/built-in.o
 .text.file_get
                0x8780ee5c      0x1dc common/built-in.o
 .text.done_command.isra.0
                0x8780f038       0x84 common/built-in.o
 .text.done_pipe.isra.0
                0x8780f0bc       0x44 common/built-in.o
 .text.done_word
                0x8780f100      0x2c8 common/built-in.o
 .text.free_pipe_list.isra.0
                0x8780f3c8       0xb8 common/built-in.o
 .text.b_addqchr.isra.0
                0x8780f480       0x50 common/built-in.o
 .text.file_peek
                0x8780f4d0        0xc common/built-in.o
 .text.get_local_var
                0x8780f4dc       0x94 common/built-in.o
                0x8780f4dc                get_local_var
 .text.set_local_var
                0x8780f570      0x1a4 common/built-in.o
                0x8780f570                set_local_var
 .text.insert_var_value_sub
                0x8780f714      0x2b0 common/built-in.o
 .text.parse_string_outer
                0x8780f9c4       0xe4 common/built-in.o
                0x8780f9c4                parse_string_outer
 .text.run_list_real
                0x8780faa8      0x7d0 common/built-in.o
 .text.parse_stream_outer
                0x87810278      0x6b4 common/built-in.o
 .text.parse_file_outer
                0x8781092c       0x44 common/built-in.o
                0x8781092c                parse_file_outer
 .text.u_boot_hush_start
                0x87810970       0x54 common/built-in.o
                0x87810970                u_boot_hush_start
 .text.bootdelay_process
                0x878109c4       0xd0 common/built-in.o
                0x878109c4                bootdelay_process
 .text.autoboot_command
                0x87810a94       0xd4 common/built-in.o
                0x87810a94                autoboot_command
 .text.display_text_info
                0x87810b68        0x8 common/built-in.o
 .text.setup_mon_len
                0x87810b70       0x20 common/built-in.o
 .text.reserve_round_4k
                0x87810b90       0x14 common/built-in.o
 .text.reserve_mmu
                0x87810ba4       0x34 common/built-in.o
 .text.reserve_uboot
                0x87810bd8       0x2c common/built-in.o
 .text.reserve_malloc
                0x87810c04       0x18 common/built-in.o
 .text.reserve_global_data
                0x87810c1c       0x1c common/built-in.o
 .text.reserve_fdt
                0x87810c38       0x4c common/built-in.o
 .text.arch_cpu_init_dm
                0x87810c84        0x8 common/built-in.o
                0x87810c84                arch_cpu_init_dm
 .text.announce_dram_init
                0x87810c8c       0x18 common/built-in.o
 .text.init_func_i2c
                0x87810ca4       0x28 common/built-in.o
 .text.init_baud_rate
                0x87810ccc       0x2c common/built-in.o
 .text.mark_bootstage
                0x87810cf8       0x14 common/built-in.o
 .text.initf_dm
                0x87810d0c        0x8 common/built-in.o
 .text.setup_reloc
                0x87810d14       0x40 common/built-in.o
 .text.reloc_fdt
                0x87810d54       0x44 common/built-in.o
 .text.reserve_board
                0x87810d98       0x40 common/built-in.o
 .text.reserve_arch
                0x87810dd8        0x8 common/built-in.o
                0x87810dd8                reserve_arch
 .text.reserve_trace
                0x87810de0        0x8 common/built-in.o
 .text.setup_machine
                0x87810de8        0x8 common/built-in.o
 .text.display_new_sp
                0x87810df0        0x8 common/built-in.o
 .text.initf_console_record
                0x87810df8        0x8 common/built-in.o
 .text.coloured_LED_init
                0x87810e00        0x4 common/built-in.o
                0x87810e00                coloured_LED_init
 .text.red_led_on
                0x87810e04        0x4 common/built-in.o
                0x87810e04                red_led_on
 .text.board_add_ram_info
                0x87810e08        0x4 common/built-in.o
                0x87810e08                board_add_ram_info
 .text.show_dram_config
                0x87810e0c       0x38 common/built-in.o
 .text.dram_init_banksize
                0x87810e44       0x20 common/built-in.o
                0x87810e44                dram_init_banksize
 .text.setup_dram_config
                0x87810e64       0x10 common/built-in.o
 .text.board_get_usable_ram_top
                0x87810e74       0x14 common/built-in.o
                0x87810e74                board_get_usable_ram_top
 .text.board_reserve_ram_top
                0x87810e88        0x4 common/built-in.o
                0x87810e88                board_reserve_ram_top
 .text.setup_dest_addr
                0x87810e8c       0x4c common/built-in.o
 .text.reserve_stacks
                0x87810ed8       0x1c common/built-in.o
 .text.board_init_f
                0x87810ef4       0x28 common/built-in.o
                0x87810ef4                board_init_f
 .text.bootstage_relocate
                0x87810f1c        0x8 common/built-in.o
 .text.initr_trace
                0x87810f24        0x8 common/built-in.o
 .text.initr_reloc
                0x87810f2c       0x18 common/built-in.o
 .text.initr_reloc_global_data
                0x87810f44       0x28 common/built-in.o
 .text.run_main_loop
                0x87810f6c        0xc common/built-in.o
 .text.initr_net
                0x87810f78       0x1c common/built-in.o
 .text.initr_ethaddr
                0x87810f94       0x20 common/built-in.o
 .text.initr_enable_interrupts
                0x87810fb4       0x10 common/built-in.o
 .text.initr_jumptable
                0x87810fc4       0x10 common/built-in.o
 .text.initr_env
                0x87810fd4       0x30 common/built-in.o
 .text.initr_mmc
                0x87811004       0x20 common/built-in.o
 .text.initr_serial
                0x87811024       0x10 common/built-in.o
 .text.initr_bootstage
                0x87811034       0x14 common/built-in.o
 .text.initr_dm
                0x87811048       0x14 common/built-in.o
 .text.initr_malloc
                0x8781105c       0x24 common/built-in.o
 .text.initr_caches
                0x87811080       0x10 common/built-in.o
 .text.initr_announce
                0x87811090        0x8 common/built-in.o
 .text.initr_barrier
                0x87811098        0x8 common/built-in.o
 .text.initr_console_record
                0x878110a0        0x8 common/built-in.o
 .text.cpu_secondary_init_r
                0x878110a8        0x4 common/built-in.o
                0x878110a8                cpu_secondary_init_r
 .text.initr_secondary_cpu
                0x878110ac       0x10 common/built-in.o
 .text.board_init_r
                0x878110bc       0x14 common/built-in.o
                0x878110bc                board_init_r
 .text.show_board_info
                0x878110d0        0x4 common/built-in.o
                0x878110d0                show_board_info
 .text.bootm_find_images
                0x878110d4       0xa8 common/built-in.o
                0x878110d4                bootm_find_images
 .text.bootm_decomp_image
                0x8781117c      0x144 common/built-in.o
                0x8781117c                bootm_decomp_image
 .text.bootm_disable_interrupts
                0x878112c0       0x18 common/built-in.o
                0x878112c0                bootm_disable_interrupts
 .text.do_bootm_states
                0x878112d8      0x710 common/built-in.o
                0x878112d8                do_bootm_states
 .text.copy_args
                0x878119e8       0x48 common/built-in.o
 .text.do_bootm_plan9
                0x87811a30       0xa4 common/built-in.o
 .text.do_bootm_netbsd
                0x87811ad4       0xf8 common/built-in.o
 .text.do_bootm_qnxelf
                0x87811bcc       0x5c common/built-in.o
 .text.do_bootm_standalone
                0x87811c28       0x64 common/built-in.o
 .text.do_bootm_rtems
                0x87811c8c       0x40 common/built-in.o
 .text.do_bootvx_fdt
                0x87811ccc      0x114 common/built-in.o
                0x87811ccc                do_bootvx_fdt
 .text.do_bootm_vxworks
                0x87811de0       0x24 common/built-in.o
 .text.boot_selected_os
                0x87811e04       0x58 common/built-in.o
                0x87811e04                boot_selected_os
 .text.bootm_os_get_boot_func
                0x87811e5c       0x10 common/built-in.o
                0x87811e5c                bootm_os_get_boot_func
 .text.regex_callback
                0x87811e6c      0x130 common/built-in.o
 .text.env_attr_walk
                0x87811f9c      0x110 common/built-in.o
                0x87811f9c                env_attr_walk
 .text.env_attr_lookup
                0x878120ac       0x7c common/built-in.o
                0x878120ac                env_attr_lookup
 .text.clear_callback
                0x87812128       0x10 common/built-in.o
 .text.find_env_callback
                0x87812138       0x68 common/built-in.o
 .text.on_callbacks
                0x878121a0       0x50 common/built-in.o
 .text.set_callback
                0x878121f0       0x9c common/built-in.o
 .text.env_callback_init
                0x8781228c       0xc0 common/built-in.o
                0x8781228c                env_callback_init
 .text.skip_num
                0x8781234c       0x6c common/built-in.o
 .text.clear_flags
                0x878123b8       0x10 common/built-in.o
 .text.on_flags
                0x878123c8       0x50 common/built-in.o
 .text.env_flags_parse_vartype
                0x87812418       0x50 common/built-in.o
                0x87812418                env_flags_parse_vartype
 .text.env_flags_parse_varaccess
                0x87812468       0x50 common/built-in.o
                0x87812468                env_flags_parse_varaccess
 .text.env_parse_flags_to_bin
                0x878124b8       0x2c common/built-in.o
 .text.set_flags
                0x878124e4       0x94 common/built-in.o
 .text.eth_validate_ethaddr_str
                0x87812578       0x94 common/built-in.o
                0x87812578                eth_validate_ethaddr_str
 .text.env_flags_init
                0x8781260c       0xac common/built-in.o
                0x8781260c                env_flags_init
 .text.env_flags_validate
                0x878126b8      0x2a4 common/built-in.o
                0x878126b8                env_flags_validate
 .text.mmc_get_env_addr
                0x8781295c       0x10 common/built-in.o
                0x8781295c                mmc_get_env_addr
 .text.env_init
                0x8781296c       0x1c common/built-in.o
                0x8781296c                env_init
 .text.init_mmc_for_env
                0x87812988       0x78 common/built-in.o
 .text.saveenv  0x87812a00      0x120 common/built-in.o
                0x87812a00                saveenv
 .text.env_relocate_spec
                0x87812b20       0xe8 common/built-in.o
                0x87812b20                env_relocate_spec
 .text.fdt_find_and_setprop
                0x87812c08       0x70 common/built-in.o
                0x87812c08                fdt_find_and_setprop
 .text.fdt_find_or_add_subnode
                0x87812c78       0x60 common/built-in.o
                0x87812c78                fdt_find_or_add_subnode
 .text.fdt_root
                0x87812cd8       0x90 common/built-in.o
                0x87812cd8                fdt_root
 .text.fdt_initrd
                0x87812d68      0x1c4 common/built-in.o
                0x87812d68                fdt_initrd
 .text.fdt_chosen
                0x87812f2c       0xa8 common/built-in.o
                0x87812f2c                fdt_chosen
 .text.do_fixup_by_path
                0x87812fd4       0x54 common/built-in.o
                0x87812fd4                do_fixup_by_path
 .text.fdt_fixup_memory_banks
                0x87813028      0x1ac common/built-in.o
                0x87813028                fdt_fixup_memory_banks
 .text.fdt_fixup_memory
                0x878131d4       0x20 common/built-in.o
                0x878131d4                fdt_fixup_memory
 .text.fdt_fixup_ethernet
                0x878131f4      0x180 common/built-in.o
                0x878131f4                fdt_fixup_ethernet
 .text.fdt_shrink_to_minimum
                0x87813374       0xc4 common/built-in.o
                0x87813374                fdt_shrink_to_minimum
 .text.miiphy_get_dev_by_name
                0x87813438       0x54 common/built-in.o
                0x87813438                miiphy_get_dev_by_name
 .text.miiphy_init
                0x8781348c       0x24 common/built-in.o
                0x8781348c                miiphy_init
 .text.mdio_alloc
                0x878134b0       0x30 common/built-in.o
                0x878134b0                mdio_alloc
 .text.mdio_register
                0x878134e0       0x88 common/built-in.o
                0x878134e0                mdio_register
 .text.mdio_unregister
                0x87813568       0x3c common/built-in.o
                0x87813568                mdio_unregister
 .text.mdio_list_devices
                0x878135a4       0x98 common/built-in.o
                0x878135a4                mdio_list_devices
 .text.miiphy_set_current_dev
                0x8781363c       0x40 common/built-in.o
                0x8781363c                miiphy_set_current_dev
 .text.miiphy_get_active_dev
                0x8781367c       0x50 common/built-in.o
 .text.mdio_get_current_dev
                0x878136cc       0x10 common/built-in.o
                0x878136cc                mdio_get_current_dev
 .text.mdio_phydev_for_ethname
                0x878136dc       0x84 common/built-in.o
                0x878136dc                mdio_phydev_for_ethname
 .text.miiphy_get_current_dev
                0x87813760       0x18 common/built-in.o
                0x87813760                miiphy_get_current_dev
 .text.miiphy_read
                0x87813778       0x4c common/built-in.o
                0x87813778                miiphy_read
 .text.miiphy_write
                0x878137c4       0x40 common/built-in.o
                0x878137c4                miiphy_write
 .text.miiphy_listdev
                0x87813804       0x74 common/built-in.o
                0x87813804                miiphy_listdev
 .text.miiphy_info
                0x87813878       0x88 common/built-in.o
                0x87813878                miiphy_info
 .text.miiphy_speed
                0x87813900       0x90 common/built-in.o
                0x87813900                miiphy_speed
 .text.miiphy_duplex
                0x87813990       0x90 common/built-in.o
                0x87813990                miiphy_duplex
 .text.miiphy_is_1000base_x
                0x87813a20        0x8 common/built-in.o
                0x87813a20                miiphy_is_1000base_x
 .text.usb_set_maxpacket_ep
                0x87813a28       0x70 common/built-in.o
 .text.usb_stop
                0x87813a98       0x80 common/built-in.o
                0x87813a98                usb_stop
 .text.usb_disable_asynch
                0x87813b18       0x20 common/built-in.o
                0x87813b18                usb_disable_asynch
 .text.usb_control_msg
                0x87813b38       0xb0 common/built-in.o
                0x87813b38                usb_control_msg
 .text.usb_get_descriptor
                0x87813be8       0x54 common/built-in.o
 .text.get_descriptor_len
                0x87813c3c       0x90 common/built-in.o
 .text.usb_get_string
                0x87813ccc       0x78 common/built-in.o
 .text.usb_string_sub
                0x87813d44      0x104 common/built-in.o
 .text.usb_bulk_msg
                0x87813e48       0x70 common/built-in.o
                0x87813e48                usb_bulk_msg
 .text.usb_maxpacket
                0x87813eb8       0x18 common/built-in.o
                0x87813eb8                usb_maxpacket
 .text.usb_clear_halt
                0x87813ed0       0x8c common/built-in.o
                0x87813ed0                usb_clear_halt
 .text.usb_get_configuration_len
                0x87813f5c       0x74 common/built-in.o
                0x87813f5c                usb_get_configuration_len
 .text.usb_get_configuration_no
                0x87813fd0       0x30 common/built-in.o
                0x87813fd0                usb_get_configuration_no
 .text.usb_set_interface
                0x87814000       0xb4 common/built-in.o
                0x87814000                usb_set_interface
 .text.usb_string
                0x878140b4      0x100 common/built-in.o
                0x878140b4                usb_string
 .text.usb_get_dev_index
                0x878141b4       0x24 common/built-in.o
                0x878141b4                usb_get_dev_index
 .text.usb_alloc_new_device
                0x878141d8       0x8c common/built-in.o
                0x878141d8                usb_alloc_new_device
 .text.usb_free_device
                0x87814264       0x48 common/built-in.o
                0x87814264                usb_free_device
 .text.usb_alloc_device
                0x878142ac        0x8 common/built-in.o
                0x878142ac                usb_alloc_device
 .text.usb_select_config
                0x878142b4      0x464 common/built-in.o
                0x878142b4                usb_select_config
 .text.usb_setup_device
                0x87814718      0x18c common/built-in.o
                0x87814718                usb_setup_device
 .text.usb_new_device
                0x878148a4       0x30 common/built-in.o
                0x878148a4                usb_new_device
 .text.usb_init
                0x878148d4      0x174 common/built-in.o
                0x878148d4                usb_init
 .text.usb_device_has_child_on_port
                0x87814a48       0x14 common/built-in.o
                0x87814a48                usb_device_has_child_on_port
 .text.usb_find_usb2_hub_address_port
                0x87814a5c       0x54 common/built-in.o
                0x87814a5c                usb_find_usb2_hub_address_port
 .text.usb_set_port_feature
                0x87814ab0       0x4c common/built-in.o
 .text.usb_get_hub_descriptor
                0x87814afc       0x4c common/built-in.o
 .text.usb_hub_power_on
                0x87814b48       0x6c common/built-in.o
 .text.usb_clear_port_feature.isra.0
                0x87814bb4       0x4c common/built-in.o
 .text.usb_hub_reset_devices
                0x87814c00        0x4 common/built-in.o
                0x87814c00                usb_hub_reset_devices
 .text.usb_get_port_status
                0x87814c04       0x4c common/built-in.o
                0x87814c04                usb_get_port_status
 .text.usb_hub_reset
                0x87814c50       0x14 common/built-in.o
                0x87814c50                usb_hub_reset
 .text.legacy_hub_port_reset
                0x87814c64       0xa4 common/built-in.o
                0x87814c64                legacy_hub_port_reset
 .text.usb_hub_port_connect_change
                0x87814d08      0x154 common/built-in.o
                0x87814d08                usb_hub_port_connect_change
 .text.usb_hub_configure
                0x87814e5c      0x2cc common/built-in.o
 .text.usb_hub_probe
                0x87815128       0x54 common/built-in.o
                0x87815128                usb_hub_probe
 .text.usb_stor_irq
                0x8781517c       0x1c common/built-in.o
 .text.usb_stor_BBB_reset
                0x87815198       0xd8 common/built-in.o
 .text.usb_stor_CB_reset
                0x87815270       0xd0 common/built-in.o
 .text.usb_stor_CB_comdat
                0x87815340      0x208 common/built-in.o
 .text.usb_stor_CBI_get_status
                0x87815548       0xcc common/built-in.o
 .text.usb_stor_CB_transport
                0x87815614      0x1f0 common/built-in.o
 .text.usb_request_sense.constprop.0.isra.0
                0x87815804       0x6c common/built-in.o
 .text.usb_stor_read
                0x87815870      0x164 common/built-in.o
 .text.usb_stor_write
                0x878159d4      0x164 common/built-in.o
 .text.usb_stor_BBB_clear_endpt_stall.isra.0
                0x87815b38       0x40 common/built-in.o
 .text.usb_stor_BBB_transport
                0x87815b78      0x258 common/built-in.o
 .text.usb_stor_get_dev
                0x87815dd0       0x28 common/built-in.o
                0x87815dd0                usb_stor_get_dev
 .text.usb_stor_info
                0x87815df8       0x74 common/built-in.o
                0x87815df8                usb_stor_info
 .text.usb_storage_probe
                0x87815e6c      0x1fc common/built-in.o
                0x87815e6c                usb_storage_probe
 .text.usb_stor_get_info
                0x87816068      0x310 common/built-in.o
                0x87816068                usb_stor_get_info
 .text.usb_stor_scan
                0x87816378      0x1d8 common/built-in.o
                0x87816378                usb_stor_scan
 .text.splash_screen_prepare
                0x87816550        0x8 common/built-in.o
                0x87816550                splash_screen_prepare
 .text.splash_get_pos
                0x87816558       0x84 common/built-in.o
                0x87816558                splash_get_pos
 .text.env_get_char_spec
                0x878165dc        0xc common/built-in.o
                0x878165dc                env_get_char_spec
 .text.env_get_addr
                0x878165e8       0x20 common/built-in.o
                0x878165e8                env_get_addr
 .text.env_get_char_memory
                0x87816608       0x10 common/built-in.o
                0x87816608                env_get_char_memory
 .text.env_get_char
                0x87816618       0x30 common/built-in.o
                0x87816618                env_get_char
 .text.getenv_yesno
                0x87816648       0x3c common/built-in.o
                0x87816648                getenv_yesno
 .text.getenv_default
                0x87816684       0x30 common/built-in.o
                0x87816684                getenv_default
 .text.set_default_env
                0x878166b4       0xbc common/built-in.o
                0x878166b4                set_default_env
 .text.set_default_vars
                0x87816770       0x3c common/built-in.o
                0x87816770                set_default_vars
 .text.env_import
                0x878167ac       0xd4 common/built-in.o
                0x878167ac                env_import
 .text.env_export
                0x87816880       0xa0 common/built-in.o
                0x87816880                env_export
 .text.env_relocate
                0x87816920       0x2c common/built-in.o
                0x87816920                env_relocate
 .text.env_complete
                0x8781694c       0xdc common/built-in.o
                0x8781694c                env_complete
 .text.console_setfile
                0x87816a28       0xb8 common/built-in.o
 .text.serial_printf
                0x87816ae0       0x44 common/built-in.o
                0x87816ae0                serial_printf
 .text.puts     0x87816b24       0x34 common/built-in.o
                0x87816b24                puts
 .text.putc     0x87816b58       0x34 common/built-in.o
                0x87816b58                putc
 .text.fgetc    0x87816b8c       0x24 common/built-in.o
                0x87816b8c                fgetc
 .text.getc     0x87816bb0       0x24 common/built-in.o
                0x87816bb0                getc
 .text.ftstc    0x87816bd4       0x24 common/built-in.o
                0x87816bd4                ftstc
 .text.tstc     0x87816bf8       0x24 common/built-in.o
                0x87816bf8                tstc
 .text.ctrlc    0x87816c1c       0x60 common/built-in.o
                0x87816c1c                ctrlc
 .text.confirm_yesno
                0x87816c7c       0xd0 common/built-in.o
                0x87816c7c                confirm_yesno
 .text.had_ctrlc
                0x87816d4c       0x10 common/built-in.o
                0x87816d4c                had_ctrlc
 .text.clear_ctrlc
                0x87816d5c       0x14 common/built-in.o
                0x87816d5c                clear_ctrlc
 .text.search_device
                0x87816d70       0x28 common/built-in.o
                0x87816d70                search_device
 .text.console_assign
                0x87816d98       0x40 common/built-in.o
                0x87816d98                console_assign
 .text.on_console
                0x87816dd8       0xb4 common/built-in.o
 .text.console_init_f
                0x87816e8c       0x10 common/built-in.o
                0x87816e8c                console_init_f
 .text.stdio_print_current_devices
                0x87816e9c       0xb0 common/built-in.o
                0x87816e9c                stdio_print_current_devices
 .text.console_init_r
                0x87816f4c      0x160 common/built-in.o
                0x87816f4c                console_init_r
 .text.sbrk     0x878170ac       0x68 common/built-in.o
                0x878170ac                sbrk
 .text.mem_malloc_init
                0x87817114       0x34 common/built-in.o
                0x87817114                mem_malloc_init
 .text.malloc_trim
                0x87817148       0xc8 common/built-in.o
                0x87817148                malloc_trim
 .text.free     0x87817210      0x240 common/built-in.o
                0x87817210                free
 .text.malloc   0x87817450      0x5f4 common/built-in.o
                0x87817450                malloc
 .text.calloc   0x87817a44      0x144 common/built-in.o
                0x87817a44                calloc
 .text.realloc  0x87817b88      0x41c common/built-in.o
                0x87817b88                realloc
 .text.memalign
                0x87817fa4      0x138 common/built-in.o
                0x87817fa4                memalign
 .text.initf_malloc
                0x878180dc       0x18 common/built-in.o
                0x878180dc                initf_malloc
 .text.malloc_simple
                0x878180f4       0x30 common/built-in.o
                0x878180f4                malloc_simple
 .text.on_loadaddr
                0x87818124       0x34 common/built-in.o
 .text.image_check_hcrc
                0x87818158       0x4c common/built-in.o
                0x87818158                image_check_hcrc
 .text.image_check_dcrc
                0x878181a4       0x38 common/built-in.o
                0x878181a4                image_check_dcrc
 .text.image_multi_count
                0x878181dc       0x1c common/built-in.o
                0x878181dc                image_multi_count
 .text.image_multi_getimg
                0x878181f8       0x78 common/built-in.o
                0x878181f8                image_multi_getimg
 .text.getenv_bootm_low
                0x87818270       0x30 common/built-in.o
                0x87818270                getenv_bootm_low
 .text.getenv_bootm_size
                0x878182a0       0x68 common/built-in.o
                0x878182a0                getenv_bootm_size
 .text.getenv_bootm_mapsize
                0x87818308       0x30 common/built-in.o
                0x87818308                getenv_bootm_mapsize
 .text.memmove_wd
                0x87818338        0xc common/built-in.o
                0x87818338                memmove_wd
 .text.genimg_print_size
                0x87818344       0x30 common/built-in.o
                0x87818344                genimg_print_size
 .text.get_table_entry
                0x87818374       0x24 common/built-in.o
                0x87818374                get_table_entry
 .text.get_table_entry_name
                0x87818398       0x20 common/built-in.o
                0x87818398                get_table_entry_name
 .text.genimg_get_os_name
                0x878183b8       0x18 common/built-in.o
                0x878183b8                genimg_get_os_name
 .text.genimg_get_arch_name
                0x878183d0       0x18 common/built-in.o
                0x878183d0                genimg_get_arch_name
 .text.genimg_get_type_name
                0x878183e8       0x18 common/built-in.o
                0x878183e8                genimg_get_type_name
 .text.genimg_get_comp_name
                0x87818400       0x18 common/built-in.o
                0x87818400                genimg_get_comp_name
 .text.image_print_contents
                0x87818418      0x17c common/built-in.o
                0x87818418                image_print_contents
 .text.genimg_get_kernel_addr_fit
                0x87818594       0x24 common/built-in.o
                0x87818594                genimg_get_kernel_addr_fit
 .text.genimg_get_format
                0x878185b8       0x34 common/built-in.o
                0x878185b8                genimg_get_format
 .text.genimg_get_image
                0x878185ec        0x4 common/built-in.o
                0x878185ec                genimg_get_image
 .text.genimg_has_config
                0x878185f0        0x8 common/built-in.o
                0x878185f0                genimg_has_config
 .text.boot_get_ramdisk
                0x878185f8      0x260 common/built-in.o
                0x878185f8                boot_get_ramdisk
 .text.boot_ramdisk_high
                0x87818858      0x120 common/built-in.o
                0x87818858                boot_ramdisk_high
 .text.boot_get_setup
                0x87818978        0x8 common/built-in.o
                0x87818978                boot_get_setup
 .text.image_setup_linux
                0x87818980       0x88 common/built-in.o
                0x87818980                image_setup_linux
 .text.fdt_error
                0x87818a08       0x2c common/built-in.o
 .text.boot_fdt_add_mem_rsv_regions
                0x87818a34       0x8c common/built-in.o
                0x87818a34                boot_fdt_add_mem_rsv_regions
 .text.boot_relocate_fdt
                0x87818ac0      0x194 common/built-in.o
                0x87818ac0                boot_relocate_fdt
 .text.boot_get_fdt
                0x87818c54      0x288 common/built-in.o
                0x87818c54                boot_get_fdt
 .text.ft_verify_fdt
                0x87818edc        0x8 common/built-in.o
                0x87818edc                ft_verify_fdt
 .text.image_setup_libfdt
                0x87818ee4       0xfc common/built-in.o
                0x87818ee4                image_setup_libfdt
 .text.get_effective_memsize
                0x87818fe0        0x8 common/built-in.o
                0x87818fe0                get_effective_memsize
 .text.nulldev_putc
                0x87818fe8        0x4 common/built-in.o
 .text.nulldev_puts
                0x87818fec        0x4 common/built-in.o
 .text.nulldev_input
                0x87818ff0        0x8 common/built-in.o
 .text.stdio_serial_tstc
                0x87818ff8        0x4 common/built-in.o
 .text.stdio_serial_getc
                0x87818ffc        0x4 common/built-in.o
 .text.stdio_serial_puts
                0x87819000        0x8 common/built-in.o
 .text.stdio_serial_putc
                0x87819008        0x8 common/built-in.o
 .text.stdio_get_list
                0x87819010        0xc common/built-in.o
                0x87819010                stdio_get_list
 .text.stdio_get_by_name
                0x8781901c       0x4c common/built-in.o
                0x8781901c                stdio_get_by_name
 .text.stdio_clone
                0x87819068       0x3c common/built-in.o
                0x87819068                stdio_clone
 .text.stdio_register_dev
                0x878190a4       0x50 common/built-in.o
                0x878190a4                stdio_register_dev
 .text.stdio_register
                0x878190f4        0x8 common/built-in.o
                0x878190f4                stdio_register
 .text.stdio_init_tables
                0x878190fc       0x1c common/built-in.o
                0x878190fc                stdio_init_tables
 .text.stdio_add_devices
                0x87819118       0xd4 common/built-in.o
                0x87819118                stdio_add_devices
 .text.run_command
                0x878191ec       0x10 common/built-in.o
                0x878191ec                run_command
 .text.run_command_list
                0x878191fc       0x7c common/built-in.o
                0x878191fc                run_command_list
 .text.do_run   0x87819278       0x74 common/built-in.o
                0x87819278                do_run
 .text.cli_loop
                0x878192ec        0xc common/built-in.o
                0x878192ec                cli_loop
 .text.cli_init
                0x878192f8        0x4 common/built-in.o
                0x878192f8                cli_init
 .text.cread_add_char
                0x878192fc       0xe4 common/built-in.o
 .text.delete_char
                0x878193e0       0xe0 common/built-in.o
 .text.cli_readline_into_buffer
                0x878194c0      0x938 common/built-in.o
                0x878194c0                cli_readline_into_buffer
 .text.cli_readline
                0x87819df8       0x14 common/built-in.o
                0x87819df8                cli_readline
 .text.find_cmd_tbl
                0x87819e0c       0xa4 common/built-in.o
                0x87819e0c                find_cmd_tbl
 .text.find_cmd
                0x87819eb0       0x30 common/built-in.o
                0x87819eb0                find_cmd
 .text.cmd_usage
                0x87819ee0       0x5c common/built-in.o
                0x87819ee0                cmd_usage
 .text._do_help
                0x87819f3c      0x188 common/built-in.o
                0x87819f3c                _do_help
 .text.var_complete
                0x8781a0c4       0x8c common/built-in.o
                0x8781a0c4                var_complete
 .text.cmd_auto_complete
                0x8781a150      0x4a4 common/built-in.o
                0x8781a150                cmd_auto_complete
 .text.cmd_get_data_size
                0x8781a5f4       0x50 common/built-in.o
                0x8781a5f4                cmd_get_data_size
 .text.cmd_process
                0x8781a644       0xec common/built-in.o
                0x8781a644                cmd_process
 .text.cmd_process_error
                0x8781a730       0x30 common/built-in.o
                0x8781a730                cmd_process_error
 .text.hex1_bin
                0x8781a760       0x3c common/built-in.o
 .text.hex2_bin
                0x8781a79c       0x38 common/built-in.o
 .text.srec_decode
                0x8781a7d4      0x224 common/built-in.o
                0x8781a7d4                srec_decode
 .text.CYGACC_COMM_IF_GETC_TIMEOUT.isra.0
                0x8781a9f8       0x5c common/built-in.o
 .text.xyzModem_flush
                0x8781aa54       0x1c common/built-in.o
 .text.xyzModem_get_hdr
                0x8781aa70      0x214 common/built-in.o
 .text.xyzModem_stream_open
                0x8781ac84      0x1fc common/built-in.o
                0x8781ac84                xyzModem_stream_open
 .text.xyzModem_stream_read
                0x8781ae80      0x23c common/built-in.o
                0x8781ae80                xyzModem_stream_read
 .text.xyzModem_stream_close
                0x8781b0bc       0x54 common/built-in.o
                0x8781b0bc                xyzModem_stream_close
 .text.xyzModem_stream_terminate
                0x8781b110       0x94 common/built-in.o
                0x8781b110                xyzModem_stream_terminate
 .text.xyzModem_error
                0x8781b1a4       0x1c common/built-in.o
                0x8781b1a4                xyzModem_error
 .text.get_dev_hwpart
                0x8781b1c0       0x9c disk/built-in.o
 .text.dev_print
                0x8781b25c      0x218 disk/built-in.o
                0x8781b25c                dev_print
 .text.init_part
                0x8781b474       0x20 disk/built-in.o
                0x8781b474                init_part
 .text.print_part
                0x8781b494       0xf4 disk/built-in.o
                0x8781b494                print_part
 .text.get_partition_info
                0x8781b588       0x2c disk/built-in.o
                0x8781b588                get_partition_info
 .text.get_device
                0x8781b5b4      0x12c disk/built-in.o
                0x8781b5b4                get_device
 .text.get_device_and_partition
                0x8781b6e0      0x3c8 disk/built-in.o
                0x8781b6e0                get_device_and_partition
 .text.test_block_type
                0x8781baa8       0x80 disk/built-in.o
 .text.print_partition_extended
                0x8781bb28      0x204 disk/built-in.o
 .text.get_partition_info_extended.constprop.0
                0x8781bd2c      0x2a0 disk/built-in.o
 .text.test_part_dos
                0x8781bfcc       0x60 disk/built-in.o
                0x8781bfcc                test_part_dos
 .text.print_part_dos
                0x8781c02c       0x34 disk/built-in.o
                0x8781c02c                print_part_dos
 .text.get_partition_info_dos
                0x8781c060       0x20 disk/built-in.o
                0x8781c060                get_partition_info_dos
 .text.alloc_priv
                0x8781c080       0x44 drivers/built-in.o
 .text.device_bind
                0x8781c0c4      0x300 drivers/built-in.o
                0x8781c0c4                device_bind
 .text.device_bind_by_name
                0x8781c3c4       0x60 drivers/built-in.o
                0x8781c3c4                device_bind_by_name
 .text.device_probe
                0x8781c424      0x21c drivers/built-in.o
                0x8781c424                device_probe
 .text.dev_get_platdata
                0x8781c640       0x2c drivers/built-in.o
                0x8781c640                dev_get_platdata
 .text.dev_get_priv
                0x8781c66c       0x2c drivers/built-in.o
                0x8781c66c                dev_get_priv
 .text.lists_driver_lookup_name
                0x8781c698       0x58 drivers/built-in.o
                0x8781c698                lists_driver_lookup_name
 .text.lists_uclass_lookup
                0x8781c6f0       0x48 drivers/built-in.o
                0x8781c6f0                lists_uclass_lookup
 .text.lists_bind_drivers
                0x8781c738       0xa8 drivers/built-in.o
                0x8781c738                lists_bind_drivers
 .text.dm_root  0x8781c7e0       0x2c drivers/built-in.o
                0x8781c7e0                dm_root
 .text.dm_init  0x8781c80c       0x58 drivers/built-in.o
                0x8781c80c                dm_init
 .text.dm_scan_platdata
                0x8781c864       0x2c drivers/built-in.o
                0x8781c864                dm_scan_platdata
 .text.dm_scan_other
                0x8781c890        0x8 drivers/built-in.o
                0x8781c890                dm_scan_other
 .text.dm_init_and_scan
                0x8781c898       0x30 drivers/built-in.o
                0x8781c898                dm_init_and_scan
 .text.uclass_find
                0x8781c8c8       0x48 drivers/built-in.o
                0x8781c8c8                uclass_find
 .text.uclass_get
                0x8781c910      0x118 drivers/built-in.o
                0x8781c910                uclass_get
 .text.uclass_find_device
                0x8781ca28       0x74 drivers/built-in.o
                0x8781ca28                uclass_find_device
 .text.uclass_find_device_by_seq
                0x8781ca9c       0x78 drivers/built-in.o
                0x8781ca9c                uclass_find_device_by_seq
 .text.uclass_get_device_tail
                0x8781cb14       0x30 drivers/built-in.o
                0x8781cb14                uclass_get_device_tail
 .text.uclass_get_device
                0x8781cb44       0x30 drivers/built-in.o
                0x8781cb44                uclass_get_device
 .text.uclass_bind_device
                0x8781cb74       0x7c drivers/built-in.o
                0x8781cb74                uclass_bind_device
 .text.uclass_unbind_device
                0x8781cbf0       0x4c drivers/built-in.o
                0x8781cbf0                uclass_unbind_device
 .text.uclass_resolve_seq
                0x8781cc3c       0xb4 drivers/built-in.o
                0x8781cc3c                uclass_resolve_seq
 .text.uclass_pre_probe_device
                0x8781ccf0       0x60 drivers/built-in.o
                0x8781ccf0                uclass_pre_probe_device
 .text.uclass_post_probe_device
                0x8781cd50       0x20 drivers/built-in.o
                0x8781cd50                uclass_post_probe_device
 .text.uclass_pre_remove_device
                0x8781cd70       0x20 drivers/built-in.o
                0x8781cd70                uclass_pre_remove_device
 .text.dm_warn  0x8781cd90       0x28 drivers/built-in.o
                0x8781cd90                dm_warn
 .text.device_free
                0x8781cdb8       0x90 drivers/built-in.o
                0x8781cdb8                device_free
 .text.device_remove
                0x8781ce48      0x124 drivers/built-in.o
                0x8781ce48                device_remove
 .text.show_devices
                0x8781cf6c       0xf4 drivers/built-in.o
 .text.dm_dump_all
                0x8781d060       0x3c drivers/built-in.o
                0x8781d060                dm_dump_all
 .text.dm_dump_uclass
                0x8781d09c       0xec drivers/built-in.o
                0x8781d09c                dm_dump_uclass
 .text.finish_access
                0x8781d188       0x2c drivers/built-in.o
 .text.wait_busy
                0x8781d1b4       0x24 drivers/built-in.o
 .text.prepare_access
                0x8781d1d8       0xc0 drivers/built-in.o
 .text.setup_direct_access
                0x8781d298      0x114 drivers/built-in.o
 .text.fuse_bank_physical
                0x8781d3ac       0xb0 drivers/built-in.o
                0x8781d3ac                fuse_bank_physical
 .text.fuse_word_physical
                0x8781d45c       0x40 drivers/built-in.o
                0x8781d45c                fuse_word_physical
 .text.fuse_read
                0x8781d49c       0x88 drivers/built-in.o
                0x8781d49c                fuse_read
 .text.fuse_sense
                0x8781d524       0x88 drivers/built-in.o
                0x8781d524                fuse_sense
 .text.fuse_prog
                0x8781d5ac       0x88 drivers/built-in.o
                0x8781d5ac                fuse_prog
 .text.fuse_override
                0x8781d634       0x80 drivers/built-in.o
                0x8781d634                fuse_override
 .text.video_drawchars
                0x8781d6b4      0x424 drivers/built-in.o
 .text.video_invertchar
                0x8781dad8       0x78 drivers/built-in.o
 .text.draw_bitmap
                0x8781db50       0xd0 drivers/built-in.o
 .text.console_newline.constprop.0
                0x8781dc20       0xe4 drivers/built-in.o
 .text.board_cfb_skip
                0x8781dd04        0x8 drivers/built-in.o
                0x8781dd04                board_cfb_skip
 .text.console_cursor
                0x8781dd0c       0xc8 drivers/built-in.o
                0x8781dd0c                console_cursor
 .text.video_putc
                0x8781ddd4      0x1c0 drivers/built-in.o
 .text.video_puts
                0x8781df94       0x7c drivers/built-in.o
 .text.video_set_lut
                0x8781e010        0x4 drivers/built-in.o
                0x8781e010                video_set_lut
 .text.display_rle8_bitmap
                0x8781e014      0x370 drivers/built-in.o
 .text.plot_logo_or_black
                0x8781e384      0x258 drivers/built-in.o
 .text.do_clrlogo
                0x8781e5dc       0x44 drivers/built-in.o
 .text.video_display_bitmap
                0x8781e620      0x92c drivers/built-in.o
                0x8781e620                video_display_bitmap
 .text.video_clear
                0x8781ef4c       0x54 drivers/built-in.o
                0x8781ef4c                video_clear
 .text.drv_video_init
                0x8781efa0      0x3cc drivers/built-in.o
                0x8781efa0                drv_video_init
 .text.mxsfb_system_setup
                0x8781f36c        0x4 drivers/built-in.o
                0x8781f36c                mxsfb_system_setup
 .text.mxs_lcd_panel_setup
                0x8781f370       0x78 drivers/built-in.o
                0x8781f370                mxs_lcd_panel_setup
 .text.lcdif_power_down
                0x8781f3e8       0x58 drivers/built-in.o
                0x8781f3e8                lcdif_power_down
 .text.video_hw_init
                0x8781f440      0x354 drivers/built-in.o
                0x8781f440                video_hw_init
 .text.video_get_param_len.constprop.0
                0x8781f794       0x20 drivers/built-in.o
 .text.video_get_params
                0x8781f7b4      0x4e4 drivers/built-in.o
                0x8781f7b4                video_get_params
 .text.reset_cpu
                0x8781fc98       0x48 drivers/built-in.o
                0x8781fc98                reset_cpu
 .text.thermal_get_temp
                0x8781fce0       0x20 drivers/built-in.o
                0x8781fce0                thermal_get_temp
 .text.read_cpu_temperature
                0x8781fd00      0x130 drivers/built-in.o
 .text.imx_thermal_get_temp
                0x8781fe30       0x78 drivers/built-in.o
                0x8781fe30                imx_thermal_get_temp
 .text.imx_thermal_probe
                0x8781fea8       0xb4 drivers/built-in.o
 .text.gpio_set_value
                0x8781ff5c       0x48 drivers/gpio/built-in.o
                0x8781ff5c                gpio_set_value
 .text.gpio_get_value
                0x8781ffa4       0x34 drivers/gpio/built-in.o
                0x8781ffa4                gpio_get_value
 .text.gpio_request
                0x8781ffd8       0x10 drivers/gpio/built-in.o
                0x8781ffd8                gpio_request
 .text.gpio_free
                0x8781ffe8        0x8 drivers/gpio/built-in.o
                0x8781ffe8                gpio_free
 .text.gpio_direction_input
                0x8781fff0       0x3c drivers/gpio/built-in.o
                0x8781fff0                gpio_direction_input
 .text.gpio_direction_output
                0x8782002c       0x50 drivers/gpio/built-in.o
                0x8782002c                gpio_direction_output
 .text.i2c_get_adapter
                0x8782007c       0x68 drivers/i2c/built-in.o
                0x8782007c                i2c_get_adapter
 .text.i2c_init_bus.part.0
                0x878200e4       0x64 drivers/i2c/built-in.o
 .text.i2c_get_bus_num
                0x87820148        0x8 drivers/i2c/built-in.o
                0x87820148                i2c_get_bus_num
 .text.i2c_set_bus_num
                0x87820150       0xd4 drivers/i2c/built-in.o
                0x87820150                i2c_set_bus_num
 .text.i2c_init_all
                0x87820224       0x14 drivers/i2c/built-in.o
                0x87820224                i2c_init_all
 .text.i2c_probe
                0x87820238       0x2c drivers/i2c/built-in.o
                0x87820238                i2c_probe
 .text.i2c_read
                0x87820264       0x4c drivers/i2c/built-in.o
                0x87820264                i2c_read
 .text.i2c_write
                0x878202b0       0x4c drivers/i2c/built-in.o
                0x878202b0                i2c_write
 .text.i2c_set_bus_speed
                0x878202fc       0x64 drivers/i2c/built-in.o
                0x878202fc                i2c_set_bus_speed
 .text.i2c_get_bus_speed
                0x87820360       0x14 drivers/i2c/built-in.o
                0x87820360                i2c_get_bus_speed
 .text.i2c_init
                0x87820374       0x34 drivers/i2c/built-in.o
                0x87820374                i2c_init
 .text.wait_for_sr_state
                0x878203a8       0xf8 drivers/i2c/built-in.o
 .text.tx_byte  0x878204a0       0x50 drivers/i2c/built-in.o
 .text.i2c_imx_stop
                0x878204f0       0x58 drivers/i2c/built-in.o
 .text.bus_i2c_set_bus_speed
                0x87820548       0xbc drivers/i2c/built-in.o
 .text.mxc_i2c_set_bus_speed
                0x87820604       0x18 drivers/i2c/built-in.o
 .text.__i2c_force_reset_slave
                0x8782061c        0x4 drivers/i2c/built-in.o
                0x8782061c                __i2c_force_reset_slave
                0x8782061c                i2c_force_reset_slave
 .text.i2c_idle_bus
                0x87820620       0x24 drivers/i2c/built-in.o
                0x87820620                i2c_idle_bus
 .text.i2c_init_transfer
                0x87820644      0x1e0 drivers/i2c/built-in.o
 .text.bus_i2c_write
                0x87820824       0x58 drivers/i2c/built-in.o
 .text.mxc_i2c_write
                0x8782087c       0x20 drivers/i2c/built-in.o
 .text.mxc_i2c_probe
                0x8782089c       0x34 drivers/i2c/built-in.o
 .text.mxc_i2c_read
                0x878208d0      0x180 drivers/i2c/built-in.o
 .text.bus_i2c_init
                0x87820a50       0x70 drivers/i2c/built-in.o
                0x87820a50                bus_i2c_init
 .text.mxc_i2c_init
                0x87820ac0       0x1c drivers/i2c/built-in.o
 .text.esdhc_getcd
                0x87820adc       0x40 drivers/mmc/built-in.o
 .text.esdhc_set_ios
                0x87820b1c      0x14c drivers/mmc/built-in.o
 .text.esdhc_init
                0x87820c68       0xb8 drivers/mmc/built-in.o
 .text.esdhc_send_cmd
                0x87820d20      0x420 drivers/mmc/built-in.o
 .text.fsl_esdhc_initialize
                0x87821140      0x164 drivers/mmc/built-in.o
                0x87821140                fsl_esdhc_initialize
 .text.fsl_esdhc_mmc_init
                0x878212a4       0x38 drivers/mmc/built-in.o
                0x878212a4                fsl_esdhc_mmc_init
 .text.mmc_set_ios
                0x878212dc       0x18 drivers/mmc/built-in.o
 .text.mmc_set_capacity
                0x878212f4       0xb0 drivers/mmc/built-in.o
 .text.board_mmc_getwp
                0x878213a4        0x8 drivers/mmc/built-in.o
                0x878213a4                board_mmc_getwp
 .text.mmc_getwp
                0x878213ac       0x3c drivers/mmc/built-in.o
                0x878213ac                mmc_getwp
 .text.mmc_send_cmd
                0x878213e8       0x10 drivers/mmc/built-in.o
                0x878213e8                mmc_send_cmd
 .text.mmc_send_ext_csd
                0x878213f8       0x4c drivers/mmc/built-in.o
 .text.mmc_go_idle
                0x87821444       0x4c drivers/mmc/built-in.o
 .text.mmc_send_op_cond_iter
                0x87821490       0x78 drivers/mmc/built-in.o
 .text.mmc_send_status
                0x87821508       0xd4 drivers/mmc/built-in.o
                0x87821508                mmc_send_status
 .text.mmc_switch.constprop.0
                0x878215dc       0x54 drivers/mmc/built-in.o
 .text.mmc_set_blocklen
                0x87821630       0x40 drivers/mmc/built-in.o
                0x87821630                mmc_set_blocklen
 .text.find_mmc_device
                0x87821670       0x44 drivers/mmc/built-in.o
                0x87821670                find_mmc_device
 .text.mmc_switch_part
                0x878216b4       0x60 drivers/mmc/built-in.o
                0x878216b4                mmc_switch_part
 .text.mmc_select_hwpart
                0x87821714       0x64 drivers/mmc/built-in.o
                0x87821714                mmc_select_hwpart
 .text.mmc_bread
                0x87821778      0x160 drivers/mmc/built-in.o
 .text.mmc_hwpart_config
                0x878218d8      0x434 drivers/mmc/built-in.o
                0x878218d8                mmc_hwpart_config
 .text.mmc_getcd
                0x87821d0c       0x3c drivers/mmc/built-in.o
                0x87821d0c                mmc_getcd
 .text.mmc_set_clock
                0x87821d48       0x24 drivers/mmc/built-in.o
                0x87821d48                mmc_set_clock
 .text.mmc_startup
                0x87821d6c      0xd54 drivers/mmc/built-in.o
 .text.mmc_create
                0x87822ac0       0xf8 drivers/mmc/built-in.o
                0x87822ac0                mmc_create
 .text.board_mmc_power_init
                0x87822bb8        0x4 drivers/mmc/built-in.o
                0x87822bb8                board_mmc_power_init
 .text.mmc_start_init
                0x87822bbc      0x248 drivers/mmc/built-in.o
                0x87822bbc                mmc_start_init
 .text.mmc_init
                0x87822e04       0xf8 drivers/mmc/built-in.o
                0x87822e04                mmc_init
 .text.mmc_get_dev
                0x87822efc       0x2c drivers/mmc/built-in.o
                0x87822efc                mmc_get_dev
 .text.mmc_set_dsr
                0x87822f28        0xc drivers/mmc/built-in.o
                0x87822f28                mmc_set_dsr
 .text.print_mmc_devices
                0x87822f34       0xc0 drivers/mmc/built-in.o
                0x87822f34                print_mmc_devices
 .text.get_mmc_num
                0x87822ff4       0x10 drivers/mmc/built-in.o
                0x87822ff4                get_mmc_num
 .text.mmc_initialize
                0x87823004       0x94 drivers/mmc/built-in.o
                0x87823004                mmc_initialize
 .text.mmc_boot_partition_size_change
                0x87823098       0xc4 drivers/mmc/built-in.o
                0x87823098                mmc_boot_partition_size_change
 .text.mmc_set_boot_bus_width
                0x8782315c       0x18 drivers/mmc/built-in.o
                0x8782315c                mmc_set_boot_bus_width
 .text.mmc_set_part_conf
                0x87823174       0x18 drivers/mmc/built-in.o
                0x87823174                mmc_set_part_conf
 .text.mmc_set_rst_n_function
                0x8782318c        0xc drivers/mmc/built-in.o
                0x8782318c                mmc_set_rst_n_function
 .text.mmc_berase
                0x87823198      0x1b4 drivers/mmc/built-in.o
                0x87823198                mmc_berase
 .text.mmc_bwrite
                0x8782334c      0x178 drivers/mmc/built-in.o
                0x8782334c                mmc_bwrite
 .text.mtd_arg_off
                0x878234c4       0x6c drivers/mtd/built-in.o
                0x878234c4                mtd_arg_off
 .text.mtd_arg_off_size
                0x87823530      0x12c drivers/mtd/built-in.o
                0x87823530                mtd_arg_off_size
 .text.spi_flash_probe
                0x8782365c       0x78 drivers/mtd/spi/built-in.o
                0x8782365c                spi_flash_probe
 .text.spi_flash_free
                0x878236d4       0x1c drivers/mtd/spi/built-in.o
                0x878236d4                spi_flash_free
 .text.stm_is_locked_sr
                0x878236f0       0x6c drivers/mtd/spi/built-in.o
 .text.spi_flash_read_common
                0x8782375c       0x5c drivers/mtd/spi/built-in.o
                0x8782375c                spi_flash_read_common
 .text.read_sr  0x878237b8       0x2c drivers/mtd/spi/built-in.o
 .text.stm_is_locked
                0x878237e4       0x4c drivers/mtd/spi/built-in.o
                0x878237e4                stm_is_locked
 .text.spi_flash_write_common
                0x87823830      0x134 drivers/mtd/spi/built-in.o
                0x87823830                spi_flash_write_common
 .text.spi_flash_write_bar
                0x87823964       0x60 drivers/mtd/spi/built-in.o
 .text.spi_flash_cmd_erase_ops
                0x878239c4       0xec drivers/mtd/spi/built-in.o
                0x878239c4                spi_flash_cmd_erase_ops
 .text.spi_flash_cmd_write_ops
                0x87823ab0       0xf4 drivers/mtd/spi/built-in.o
                0x87823ab0                spi_flash_cmd_write_ops
 .text.write_sr.isra.0
                0x87823ba4       0x28 drivers/mtd/spi/built-in.o
 .text.stm_unlock
                0x87823bcc      0x194 drivers/mtd/spi/built-in.o
                0x87823bcc                stm_unlock
 .text.stm_lock
                0x87823d60      0x154 drivers/mtd/spi/built-in.o
                0x87823d60                stm_lock
 .text.spi_flash_copy_mmap
                0x87823eb4        0x4 drivers/mtd/spi/built-in.o
                0x87823eb4                spi_flash_copy_mmap
 .text.spi_flash_cmd_read_ops
                0x87823eb8      0x154 drivers/mtd/spi/built-in.o
                0x87823eb8                spi_flash_cmd_read_ops
 .text.spi_flash_scan
                0x8782400c      0x45c drivers/mtd/spi/built-in.o
                0x8782400c                spi_flash_scan
 .text.spi_flash_read_write
                0x87824468       0x74 drivers/mtd/spi/built-in.o
 .text.spi_flash_cmd_read
                0x878244dc       0x1c drivers/mtd/spi/built-in.o
                0x878244dc                spi_flash_cmd_read
 .text.spi_flash_cmd
                0x878244f8       0x24 drivers/mtd/spi/built-in.o
                0x878244f8                spi_flash_cmd
 .text.spi_flash_cmd_write
                0x8782451c       0x20 drivers/mtd/spi/built-in.o
                0x8782451c                spi_flash_cmd_write
 .text.fec_set_hwaddr
                0x8782453c       0x78 drivers/net/built-in.o
 .text.fec_reg_setup
                0x878245b4       0x60 drivers/net/built-in.o
 .text.fec_phy_write
                0x87824614       0x80 drivers/net/built-in.o
 .text.fec_phy_read
                0x87824694       0x80 drivers/net/built-in.o
 .text.fec_halt
                0x87824714       0x64 drivers/net/built-in.o
 .text.fec_mii_setspeed
                0x87824778       0x5c drivers/net/built-in.o
 .text.fec_send
                0x878247d4      0x128 drivers/net/built-in.o
 .text.fec_init
                0x878248fc      0x27c drivers/net/built-in.o
 .text.fec_recv
                0x87824b78      0x1fc drivers/net/built-in.o
 .text.fec_probe
                0x87824d74      0x360 drivers/net/built-in.o
                0x87824d74                fec_probe
 .text.fec_get_miibus
                0x878250d4       0xa4 drivers/net/built-in.o
                0x878250d4                fec_get_miibus
 .text.fecmxc_initialize_multi
                0x87825178       0x98 drivers/net/built-in.o
                0x87825178                fecmxc_initialize_multi