cmd/nvedit.c:783:12:do_env_delete	24	static
cmd/nvedit.c:706:12:do_env_save	8	static
cmd/nvedit.c:1161:12:do_env	24	static
cmd/nvedit.c:85:12:env_print	56	static
cmd/nvedit.c:116:12:do_env_print	24	static
cmd/nvedit.c:985:12:do_env_import	56	static
cmd/nvedit.c:746:12:do_env_default	8	static
cmd/nvedit.c:1098:12:do_env_exists	48	static
cmd/nvedit.c:213:12:_do_env_set.isra	72	static
cmd/nvedit.c:346:12:do_env_set	0	static
cmd/nvedit.c:74:5:get_env_id	0	static
cmd/nvedit.c:286:5:setenv	24	static
cmd/nvedit.c:307:5:setenv_ulong	8	static
cmd/nvedit.c:322:5:setenv_hex	32	static
cmd/nvedit.c:864:12:do_env_export	96	static
cmd/nvedit.c:730:5:envmatch	24	static
cmd/nvedit.c:649:5:getenv_f	32	static
cmd/nvedit.c:625:7:getenv	48	static
cmd/nvedit.c:330:7:getenv_hex	24	static
cmd/nvedit.c:693:7:getenv_ulong	16	static
cmd/nvedit.c:583:12:do_env_edit	544	static
