net/nfs.c:389:12:rpc_lookup_reply	2056	static
net/nfs.c:419:12:nfs_mount_reply	2056	static
net/nfs.c:444:12:nfs_umountall_reply	2056	static
net/nfs.c:468:12:nfs_lookup_reply	2056	static
net/nfs.c:492:12:nfs_readlink_reply	2072	static
net/nfs.c:107:14:basename	8	static
net/nfs.c:135:14:rpc_add_credentials	272	static
net/nfs.c:178:13:rpc_req	2072	static
net/nfs.c:234:13:nfs_mount_req	4120	static
net/nfs.c:260:13:nfs_umountall_req	4104	static
net/nfs.c:305:13:nfs_lookup_req	4120	static
net/nfs.c:333:13:nfs_read_req	4120	static
net/nfs.c:285:13:nfs_readlink_req	4112	static
net/nfs.c:528:12:nfs_read_reply.isra	2064	static
net/nfs.c:356:13:nfs_send	72	static
net/nfs.c:584:13:nfs_handler	16	static
net/nfs.c:570:13:nfs_timeout_handler	8	static
net/nfs.c:693:6:nfs_start	40	static
